Archive member included to satisfy reference by file (symbol)

/Users/ethanvarikkad/Library/Application Support/Code/User/globalStorage/vexrobotics.vexcode/sdk/cpp/V5/V5_20240802_15_00_00/vexv5/libv5rt.a(v5_startup.c.obj)
                              (vexStartup)
/Users/ethanvarikkad/Library/Application Support/Code/User/globalStorage/vexrobotics.vexcode/sdk/cpp/V5/V5_20240802_15_00_00/vexv5/libv5rt.a(v5_util.c.obj)
                              /Users/ethanvarikkad/Library/Application Support/Code/User/globalStorage/vexrobotics.vexcode/sdk/cpp/V5/V5_20240802_15_00_00/vexv5/libv5rt.a(v5_startup.c.obj) (vexStdlibVersionLinked)
/Users/ethanvarikkad/Library/Application Support/Code/User/globalStorage/vexrobotics.vexcode/sdk/cpp/V5/V5_20240802_15_00_00/vexv5/libv5rt.a(v5_apijump.c.obj)
                              /Users/ethanvarikkad/Library/Application Support/Code/User/globalStorage/vexrobotics.vexcode/sdk/cpp/V5/V5_20240802_15_00_00/vexv5/libv5rt.a(v5_startup.c.obj) (vexPrivateApiEnable)
/Users/ethanvarikkad/Library/Application Support/Code/User/globalStorage/vexrobotics.vexcode/sdk/cpp/V5/V5_20240802_15_00_00/vexv5/libv5rt.a(v5_apiversions.c.obj)
                              /Users/ethanvarikkad/Library/Application Support/Code/User/globalStorage/vexrobotics.vexcode/sdk/cpp/V5/V5_20240802_15_00_00/vexv5/libv5rt.a(v5_apijump.c.obj) (vexSystemVersion)
/Users/ethanvarikkad/Library/Application Support/Code/User/globalStorage/vexrobotics.vexcode/sdk/cpp/V5/V5_20240802_15_00_00/vexv5/libv5rt.a(vex_global.cpp.obj)
                              build/src/main.o (vex::wait(double, vex::timeUnits))
/Users/ethanvarikkad/Library/Application Support/Code/User/globalStorage/vexrobotics.vexcode/sdk/cpp/V5/V5_20240802_15_00_00/vexv5/libv5rt.a(vex_thread.cpp.obj)
                              /Users/ethanvarikkad/Library/Application Support/Code/User/globalStorage/vexrobotics.vexcode/sdk/cpp/V5/V5_20240802_15_00_00/vexv5/libv5rt.a(vex_global.cpp.obj) (vex::this_thread::sleep_for(unsigned long))
/Users/ethanvarikkad/Library/Application Support/Code/User/globalStorage/vexrobotics.vexcode/sdk/cpp/V5/V5_20240802_15_00_00/vexv5/libv5rt.a(vex_mevent.cpp.obj)
                              build/src/main.o (vex::mevent::operator int() const)
/Users/ethanvarikkad/Library/Application Support/Code/User/globalStorage/vexrobotics.vexcode/sdk/cpp/V5/V5_20240802_15_00_00/vexv5/libv5rt.a(vex_brain.cpp.obj)
                              build/src/robot_config.o (vex::brain::brain())
/Users/ethanvarikkad/Library/Application Support/Code/User/globalStorage/vexrobotics.vexcode/sdk/cpp/V5/V5_20240802_15_00_00/vexv5/libv5rt.a(vex_competition.cpp.obj)
                              build/src/main.o (vex::competition::competition())
/Users/ethanvarikkad/Library/Application Support/Code/User/globalStorage/vexrobotics.vexcode/sdk/cpp/V5/V5_20240802_15_00_00/vexv5/libv5rt.a(vex_triport.cpp.obj)
                              /Users/ethanvarikkad/Library/Application Support/Code/User/globalStorage/vexrobotics.vexcode/sdk/cpp/V5/V5_20240802_15_00_00/vexv5/libv5rt.a(vex_brain.cpp.obj) (vex::triport::~triport())
/Users/ethanvarikkad/Library/Application Support/Code/User/globalStorage/vexrobotics.vexcode/sdk/cpp/V5/V5_20240802_15_00_00/vexv5/libv5rt.a(vex_color.cpp.obj)
                              /Users/ethanvarikkad/Library/Application Support/Code/User/globalStorage/vexrobotics.vexcode/sdk/cpp/V5/V5_20240802_15_00_00/vexv5/libv5rt.a(vex_brain.cpp.obj) (vex::color::operator unsigned long() const)
/Users/ethanvarikkad/Library/Application Support/Code/User/globalStorage/vexrobotics.vexcode/sdk/cpp/V5/V5_20240802_15_00_00/vexv5/libv5rt.a(vex_timer.cpp.obj)
                              /Users/ethanvarikkad/Library/Application Support/Code/User/globalStorage/vexrobotics.vexcode/sdk/cpp/V5/V5_20240802_15_00_00/vexv5/libv5rt.a(vex_brain.cpp.obj) (vex::timer::~timer())
/Users/ethanvarikkad/Library/Application Support/Code/User/globalStorage/vexrobotics.vexcode/sdk/cpp/V5/V5_20240802_15_00_00/vexv5/libv5rt.a(v5_apiuser.c.obj)
                              /Users/ethanvarikkad/Library/Application Support/Code/User/globalStorage/vexrobotics.vexcode/sdk/cpp/V5/V5_20240802_15_00_00/vexv5/libv5rt.a(vex_triport.cpp.obj) (vexAdiPortConfigSet)
/Users/ethanvarikkad/Library/Application Support/Code/User/globalStorage/vexrobotics.vexcode/sdk/cpp/V5/V5_20240802_15_00_00/vexv5/libv5rt.a(vex_device.cpp.obj)
                              /Users/ethanvarikkad/Library/Application Support/Code/User/globalStorage/vexrobotics.vexcode/sdk/cpp/V5/V5_20240802_15_00_00/vexv5/libv5rt.a(vex_triport.cpp.obj) (vex::device::~device())
/Users/ethanvarikkad/Library/Application Support/Code/User/globalStorage/vexrobotics.vexcode/sdk/cpp/V5/V5_20240802_15_00_00/vexv5/libv5rt.a(vex_task.cpp.obj)
[...]
Memory Configuration

Name             Origin             Length             Attributes
ps7_ddr_0_S_AXI_BASEADDR 0x0000000003800000 0x0000000004800000
*default*        0x0000000000000000 0xffffffffffffffff

Linker script and memory map

                0x0000000000002000                _STACK_SIZE = DEFINED (_STACK_SIZE)?_STACK_SIZE:0x2000
                0x0000000000100000                _HEAP_SIZE = DEFINED (_HEAP_SIZE)?_HEAP_SIZE:0x100000
                0x0000000000000400                _ABORT_STACK_SIZE = DEFINED (_ABORT_STACK_SIZE)?_ABORT_STACK_SIZE:0x400
                0x0000000000000800                _SUPERVISOR_STACK_SIZE = DEFINED (_SUPERVISOR_STACK_SIZE)?_SUPERVISOR_STACK_SIZE:0x800
                0x0000000000000400                _IRQ_STACK_SIZE = DEFINED (_IRQ_STACK_SIZE)?_IRQ_STACK_SIZE:0x400
                0x0000000000000400                _FIQ_STACK_SIZE = DEFINED (_FIQ_STACK_SIZE)?_FIQ_STACK_SIZE:0x400
                0x0000000000000400                _UNDEF_STACK_SIZE = DEFINED (_UNDEF_STACK_SIZE)?_UNDEF_STACK_SIZE:0x400

.text           0x0000000003800000    0x27f00
 *(.vectors)
 *(.boot_data)
 .boot_data     0x0000000003800000       0x20 /Users/ethanvarikkad/Library/Application Support/Code/User/globalStorage/vexrobotics.vexcode/sdk/cpp/V5/V5_20240802_15_00_00/vexv5/libv5rt.a(v5_startup.c.obj)
                0x0000000003800000                vexCodeSig
                0x0000000000000020                . = 0x20
 *(.boot)
 .boot          0x0000000003800020       0xbc /Users/ethanvarikkad/Library/Application Support/Code/User/globalStorage/vexrobotics.vexcode/sdk/cpp/V5/V5_20240802_15_00_00/vexv5/libv5rt.a(v5_startup.c.obj)
                0x0000000003800020                vexStartup
                0x0000000003800100                . = ALIGN (0x40)
 *fill*         0x00000000038000dc       0x24 
 *(.freertos_vectors)
 *(.text)
 .text          0x0000000003800100      0x178 build/src/v5lvgl.o
                0x0000000003800100                lvgltask
                0x0000000003800120                v5_lv_init
 .text          0x0000000003800278      0x848 build/lvgl/src/lv_core/lv_disp.o
                0x0000000003800278                lv_disp_get_scr_act
                0x00000000038002a4                lv_disp_get_scr_prev
                0x00000000038002d0                lv_disp_load_scr
                0x00000000038002fc                lv_disp_get_layer_top
                0x0000000003800328                lv_disp_get_layer_sys
                0x0000000003800354                lv_disp_assign_screen
                0x00000000038003a0                lv_disp_set_bg_color
                0x0000000003800420                lv_disp_set_bg_image
                0x00000000038004a0                lv_disp_set_bg_opa
                0x0000000003800520                lv_scr_load_anim
                0x00000000038009cc                lv_disp_get_inactive_time
                0x0000000003800a30                lv_disp_trig_activity
                0x0000000003800a60                lv_disp_clean_dcache
                0x0000000003800a94                _lv_disp_get_refr_task
 .text          0x0000000003800ac0      0x8e4 build/lvgl/src/lv_core/lv_group.o
                0x0000000003800ac0                _lv_group_init
                0x0000000003800ad0                lv_group_create
                0x0000000003800b58                lv_group_del
                0x0000000003800be8                lv_group_add_obj
                0x0000000003800d14                lv_group_remove_obj
                0x0000000003800e04                lv_group_remove_all_objs
                0x0000000003800e84                lv_group_focus_obj
                0x0000000003800fbc                lv_group_set_editing
                0x0000000003801084                lv_group_focus_next
                0x0000000003801254                lv_group_focus_prev
                0x0000000003801268                lv_group_focus_freeze
                0x0000000003801280                lv_group_send_data
                0x00000000038012ec                lv_group_get_focused
                0x0000000003801308                lv_group_set_focus_cb
                0x0000000003801310                lv_group_set_click_focus
                0x0000000003801324                lv_group_set_refocus_policy
                0x000000000380133c                lv_group_set_wrap
                0x0000000003801350                lv_group_get_user_data
                0x0000000003801358                lv_group_get_focus_cb
                0x0000000003801368                lv_group_get_editing
                0x000000000380137c                lv_group_get_click_focus
                0x0000000003801390                lv_group_get_wrap
 .text          0x00000000038013a4     0x2090 build/lvgl/src/lv_core/lv_indev.o
                0x00000000038013a4                _lv_indev_init
                0x00000000038013b0                lv_indev_reset
                0x00000000038014cc                _lv_indev_read_task
                0x0000000003802054                lv_indev_get_act
                0x0000000003802064                lv_indev_get_type
                0x0000000003802074                lv_indev_reset_long_press
                0x00000000038020a0                lv_indev_enable
                0x00000000038020bc                lv_indev_set_cursor
                0x0000000003802110                lv_indev_set_group
                0x0000000003802124                lv_indev_set_button_points
                0x0000000003802134                lv_indev_get_point
                0x000000000380217c                lv_indev_get_gesture_dir
                0x0000000003802184                lv_indev_get_key
                0x000000000380219c                lv_indev_is_dragging
                0x00000000038021c4                lv_indev_get_vect
                0x00000000038021fc                lv_indev_finish_drag
                0x00000000038022d4                lv_indev_wait_release
                0x00000000038022e8                lv_indev_get_obj_act
                0x00000000038022f8                lv_indev_get_read_task
                0x0000000003802308                lv_indev_search_obj
 .text          0x0000000003803434     0x7510 build/lvgl/src/lv_core/lv_obj.o
                0x0000000003803434                lv_init
                0x00000000038034ec                lv_deinit
                0x0000000003803518                lv_obj_create
                0x0000000003803f50                lv_obj_get_base_dir
                0x0000000003803f88                lv_obj_get_parent
                0x0000000003803fc0                lv_obj_set_pos
                0x00000000038040cc                lv_obj_get_x
                0x000000000380411c                lv_obj_get_y
                0x000000000380416c                lv_obj_invalidate
                0x0000000003804210                lv_obj_del
                0x00000000038042b0                lv_obj_get_disp
                0x00000000038044e8                lv_obj_del_anim_ready_cb
                0x00000000038044f0                lv_obj_del_async
                0x0000000003804570                lv_obj_clean
                0x00000000038045bc                lv_obj_get_child
                0x0000000003804610                lv_obj_invalidate_area
                0x0000000003804698                lv_obj_area_is_visible
                0x00000000038047f0                lv_obj_get_hidden
                0x000000000380482c                lv_obj_get_screen
                0x000000000380487c                lv_obj_is_visible
                0x0000000003804920                lv_obj_set_parent
                0x0000000003804a1c                lv_obj_get_width
                0x0000000003804a64                lv_obj_move_foreground
                0x0000000003804af4                lv_obj_move_background
                0x0000000003804b84                lv_obj_get_coords
                0x0000000003804c5c                lv_obj_set_x
                0x0000000003804cac                lv_obj_set_y
                0x0000000003804cfc                lv_obj_set_size
                0x0000000003804e34                lv_obj_get_height
                0x0000000003804e7c                lv_obj_realign
                0x0000000003804f04                lv_obj_set_width
                0x0000000003804f54                lv_obj_set_height
                0x0000000003804fa4                lv_obj_set_width_fit
                0x0000000003804fec                lv_obj_set_height_fit
                0x0000000003805034                lv_obj_set_width_margin
                0x000000000380507c                lv_obj_set_height_margin
                0x00000000038050c4                lv_obj_align
                0x0000000003805238                lv_obj_align_x
                0x00000000038052dc                lv_obj_align_y
                0x0000000003805384                lv_obj_align_mid
                0x00000000038056ac                lv_obj_align_mid_x
                0x0000000003805750                lv_obj_align_mid_y
                0x00000000038057f8                lv_obj_set_auto_realign
                0x0000000003805840                lv_obj_set_ext_click_area
                0x000000000380589c                lv_obj_add_style
                0x0000000003805940                lv_obj_get_style_list
                0x0000000003805ab8                lv_obj_refresh_style
                0x0000000003805c20                lv_obj_remove_style
                0x0000000003805cc4                lv_obj_clean_style_list
                0x0000000003805d48                lv_obj_reset_style_list
                0x0000000003805d6c                _lv_obj_set_style_local_int
                0x0000000003805e10                _lv_obj_set_style_local_color
                0x0000000003805eb4                _lv_obj_set_style_local_opa
                0x0000000003805f58                _lv_obj_set_style_local_ptr
                0x0000000003805ffc                lv_obj_remove_style_local_prop
                0x000000000380605c                lv_obj_get_local_style
                0x000000000380629c                lv_obj_report_style_mod
                0x0000000003806434                _lv_obj_disable_style_caching
                0x0000000003806540                lv_obj_set_hidden
                0x00000000038065cc                lv_obj_set_adv_hittest
                0x0000000003806614                lv_obj_set_click
                0x000000000380665c                lv_obj_set_top
                0x00000000038066a4                lv_obj_set_drag
                0x0000000003806700                lv_obj_set_drag_dir
                0x0000000003806764                lv_obj_set_drag_throw
                0x00000000038067ac                lv_obj_set_drag_parent
                0x00000000038067f4                lv_obj_set_gesture_parent
                0x000000000380680c                lv_obj_set_focus_parent
                0x00000000038068a0                lv_obj_is_focused
                0x00000000038068f8                lv_obj_clear_state
                0x0000000003806948                lv_obj_set_state
                0x0000000003807274                lv_obj_get_focused_obj
                0x00000000038072b0                lv_obj_set_parent_event
                0x00000000038072f8                lv_obj_set_base_dir
                0x0000000003807350                lv_signal_send
                0x00000000038073dc                lv_obj_add_protect
                0x0000000003807420                lv_obj_clear_protect
                0x0000000003807ae8                lv_obj_add_state
                0x0000000003807b38                lv_obj_finish_transitions
                0x0000000003807bc0                lv_obj_set_event_cb
                0x0000000003807bfc                lv_event_send
                0x0000000003807c5c                lv_event_send_func
                0x0000000003807d70                lv_event_send_refresh
                0x0000000003807d7c                lv_event_send_refresh_recursive
                0x0000000003807e54                lv_event_get_data
                0x0000000003807e64                lv_obj_set_signal_cb
                0x0000000003807ea0                lv_obj_set_design_cb
                0x0000000003807edc                lv_obj_allocate_ext_attr
                0x0000000003807f28                lv_obj_refresh_ext_draw_pad
                0x0000000003807f78                lv_obj_get_child_back
                0x0000000003807fcc                lv_obj_count_children
                0x0000000003808040                lv_obj_count_children_recursive
                0x00000000038080c4                lv_obj_get_inner_coords
                0x0000000003808164                lv_obj_get_width_fit
                0x00000000038081d0                lv_obj_get_height_fit
                0x000000000380823c                lv_obj_get_height_margin
                0x0000000003808280                lv_obj_get_width_margin
                0x00000000038082c4                lv_obj_get_width_grid
                0x0000000003808318                lv_obj_get_height_grid
                0x000000000380836c                lv_obj_get_auto_realign
                0x00000000038083a8                lv_obj_get_ext_click_pad_left
                0x00000000038083e0                lv_obj_get_ext_click_pad_right
                0x0000000003808418                lv_obj_get_ext_click_pad_top
                0x0000000003808450                lv_obj_get_ext_click_pad_bottom
                0x0000000003808488                lv_obj_get_ext_draw_pad
                0x00000000038084c0                _lv_obj_get_style_int
                0x0000000003808df0                lv_obj_get_state
                0x0000000003808e70                _lv_obj_get_style_color
                0x0000000003808f94                _lv_obj_get_style_opa
                0x000000000380911c                _lv_obj_get_style_ptr
                0x00000000038092ac                lv_obj_get_adv_hittest
                0x00000000038092e8                lv_obj_get_click
                0x0000000003809324                lv_obj_get_top
                0x0000000003809360                lv_obj_get_drag
                0x000000000380939c                lv_obj_get_drag_dir
                0x00000000038093d8                lv_obj_get_drag_throw
                0x0000000003809414                lv_obj_get_drag_parent
                0x0000000003809420                lv_obj_get_gesture_parent
                0x000000000380942c                lv_obj_get_focus_parent
                0x0000000003809438                lv_obj_get_parent_event
                0x0000000003809474                lv_obj_get_protect
                0x00000000038094ac                lv_obj_is_protected
                0x00000000038094f0                lv_obj_get_signal_cb
                0x0000000003809528                lv_obj_get_design_cb
                0x0000000003809560                lv_obj_get_event_cb
                0x0000000003809598                lv_obj_get_ext_attr
                0x00000000038095d0                lv_obj_get_type
                0x00000000038096c0                lv_obj_get_user_data
                0x00000000038096f8                lv_obj_get_user_data_ptr
                0x0000000003809730                lv_obj_set_user_data
                0x0000000003809780                lv_obj_get_group
                0x00000000038097b8                lv_obj_is_point_on_coords
                0x0000000003809810                lv_obj_hittest
                0x0000000003809854                lv_obj_handle_get_type_signal
                0x0000000003809898                lv_obj_init_draw_rect_dsc
                0x0000000003809d88                lv_obj_init_draw_label_dsc
                0x0000000003809edc                lv_obj_init_draw_img_dsc
                0x0000000003809ffc                lv_obj_init_draw_line_dsc
                0x000000000380a110                lv_obj_get_draw_rect_ext_pad_size
                0x000000000380a3fc                lv_obj_fade_in
                0x000000000380a49c                lv_obj_fade_out
                0x000000000380a500                lv_debug_check_obj_type
                0x000000000380a574                lv_debug_check_obj_valid
 .text          0x000000000380a944     0x1400 build/lvgl/src/lv_core/lv_refr.o
                0x000000000380a944                _lv_refr_init
                0x000000000380a948                lv_refr_now
                0x000000000380a9a0                _lv_disp_refr_task
                0x000000000380b0a8                _lv_inv_area
                0x000000000380b228                _lv_refr_get_disp_refreshing
                0x000000000380b238                _lv_refr_set_disp_refreshing
 .text          0x000000000380bd44     0x2178 build/lvgl/src/lv_core/lv_style.o
                0x000000000380bd44                lv_style_init
                0x000000000380bd4c                lv_style_copy
                0x000000000380bd94                _lv_style_get_mem_size
                0x000000000380be30                lv_style_remove_prop
                0x000000000380c0a8                lv_style_list_init
                0x000000000380c0b0                lv_style_list_copy
                0x000000000380c218                _lv_style_list_reset
                0x000000000380c384                _lv_style_list_add_style
                0x000000000380c460                _lv_style_list_remove_style
                0x000000000380c56c                lv_style_list_get_local_style
                0x000000000380c594                lv_style_reset
                0x000000000380c5b8                _lv_style_list_get_transition_style
                0x000000000380c5d4                _lv_style_set_int
                0x000000000380c8b0                _lv_style_set_color
                0x000000000380cb8c                _lv_style_set_opa
                0x000000000380ce1c                _lv_style_set_ptr
                0x000000000380d0f8                _lv_style_get_int
                0x000000000380d308                _lv_style_get_opa
                0x000000000380d500                _lv_style_get_color
                0x000000000380d710                _lv_style_get_ptr
                0x000000000380d920                _lv_style_list_add_trans_style
                0x000000000380d9cc                _lv_style_list_set_local_int
                0x000000000380d9f0                _lv_style_list_set_local_opa
                0x000000000380da14                _lv_style_list_set_local_color
                0x000000000380da38                _lv_style_list_set_local_ptr
                0x000000000380da5c                _lv_style_list_get_int
                0x000000000380db70                _lv_style_list_get_color
                0x000000000380dc84                _lv_style_list_get_opa
                0x000000000380dd98                _lv_style_list_get_ptr
                0x000000000380deac                lv_debug_check_style
                0x000000000380deb4                lv_debug_check_style_list
 .text          0x000000000380debc     0x1b04 build/lvgl/src/lv_draw/lv_draw_blend.o
                0x000000000380debc                _lv_blend_fill
                0x000000000380eb5c                _lv_blend_map
 .text          0x000000000380f9c0      0xfd4 build/lvgl/src/lv_draw/lv_draw_img.o
                0x000000000380f9c0                lv_draw_img_dsc_init
                0x000000000380f9fc                lv_draw_img
                0x000000000380fd68                lv_img_cf_get_px_size
                0x000000000380fdd4                lv_img_cf_is_chroma_keyed
                0x000000000380fdf4                lv_img_cf_has_alpha
                0x000000000380fe14                lv_img_src_get_type
 .text          0x0000000003810994     0x1380 build/lvgl/src/lv_draw/lv_draw_label.o
                0x0000000003810994                lv_draw_label_dsc_init
                0x00000000038109e8                lv_draw_label
 .text          0x0000000003811d14      0xc48 build/lvgl/src/lv_draw/lv_draw_line.o
                0x0000000003811d14                lv_draw_line_dsc_init
                0x0000000003811d44                lv_draw_line
 .text          0x000000000381295c     0x1b20 build/lvgl/src/lv_draw/lv_draw_mask.o
                0x000000000381295c                lv_draw_mask_add
                0x00000000038129a4                lv_draw_mask_apply
                0x0000000003812a38                lv_draw_mask_remove_id
                0x0000000003812a60                lv_draw_mask_remove_custom
                0x0000000003812aac                lv_draw_mask_get_cnt
                0x0000000003812adc                lv_draw_mask_line_points_init
                0x0000000003813360                lv_draw_mask_line_angle_init
                0x00000000038133c8                lv_draw_mask_angle_init
                0x00000000038138d4                lv_draw_mask_radius_init
                0x0000000003814158                lv_draw_mask_fade_init
                0x0000000003814358                lv_draw_mask_map_init
 .text          0x000000000381447c     0x3234 build/lvgl/src/lv_draw/lv_draw_rect.o
                0x000000000381447c                lv_draw_rect_dsc_init
                0x00000000038144ec                lv_draw_rect
                0x0000000003816d48                lv_draw_px
 .text          0x00000000038176b0     0x116c build/lvgl/src/lv_draw/lv_img_buf.o
                0x00000000038176b0                lv_img_buf_get_px_color
                0x0000000003817834                lv_img_buf_get_px_alpha
                0x000000000381795c                lv_img_buf_set_px_alpha
                0x0000000003817a90                lv_img_buf_set_px_color
                0x0000000003817c6c                lv_img_buf_set_palette
                0x0000000003817cf0                lv_img_buf_alloc
                0x0000000003817d98                lv_img_buf_get_img_size
                0x0000000003817eb0                lv_img_buf_free
                0x0000000003817ee0                _lv_img_buf_transform_init
                0x0000000003818050                _lv_img_buf_get_transformed_area
                0x00000000038182b4                _lv_img_buf_transform_anti_alias
 .text          0x000000000381881c      0x2f0 build/lvgl/src/lv_draw/lv_img_cache.o
                0x000000000381881c                _lv_img_cache_open
                0x00000000038189f0                lv_img_cache_set_size
                0x0000000003818a88                lv_img_cache_invalidate_src
 .text          0x0000000003818b0c      0xd34 build/lvgl/src/lv_draw/lv_img_decoder.o
                0x0000000003818b0c                _lv_img_decoder_init
                0x0000000003818b8c                lv_img_decoder_create
                0x0000000003818bec                lv_img_decoder_set_info_cb
                0x0000000003818bf4                lv_img_decoder_built_in_info
                0x0000000003818d18                lv_img_decoder_set_open_cb
                0x0000000003818d20                lv_img_decoder_built_in_open
                0x0000000003819068                lv_img_decoder_set_read_line_cb
                0x0000000003819070                lv_img_decoder_built_in_read_line
                0x0000000003819504                lv_img_decoder_set_close_cb
                0x000000000381950c                lv_img_decoder_built_in_close
                0x000000000381956c                lv_img_decoder_get_info
                0x0000000003819604                lv_img_decoder_open
                0x0000000003819780                lv_img_decoder_read_line
                0x00000000038197cc                lv_img_decoder_close
                0x0000000003819818                lv_img_decoder_delete
 .text          0x0000000003819840       0x48 build/lvgl/src/lv_font/lv_font.o
                0x0000000003819840                lv_font_get_glyph_bitmap
                0x0000000003819848                lv_font_get_glyph_dsc
                0x0000000003819850                lv_font_get_glyph_width
 .text          0x0000000003819888      0xd14 build/lvgl/src/lv_font/lv_font_fmt_txt.o
                0x0000000003819888                lv_font_get_bitmap_fmt_txt
                0x0000000003819f48                lv_font_get_glyph_dsc_fmt_txt
                0x000000000381a124                _lv_font_clean_up_fmt_txt
 .text          0x000000000381a59c      0x6a0 build/lvgl/src/lv_hal/lv_hal_disp.o
                0x000000000381a59c                lv_disp_drv_init
                0x000000000381a5f4                lv_disp_buf_init
                0x000000000381a624                lv_disp_drv_register
                0x000000000381a7c0                lv_disp_is_true_double_buf
                0x000000000381a800                lv_disp_drv_update
                0x000000000381a928                lv_disp_get_hor_res
                0x000000000381a970                lv_disp_get_ver_res
                0x000000000381a9b8                lv_disp_remove
                0x000000000381aa28                lv_disp_get_default
                0x000000000381aa38                lv_disp_set_default
                0x000000000381aa48                lv_disp_get_antialiasing
                0x000000000381aa74                lv_disp_get_dpi
                0x000000000381aaa0                lv_disp_get_size_category
                0x000000000381ab2c                lv_disp_flush_ready
                0x000000000381ab40                lv_disp_flush_is_last
                0x000000000381ab54                lv_disp_get_next
                0x000000000381ab78                lv_disp_get_buf
                0x000000000381ab80                lv_disp_get_inv_buf_size
                0x000000000381ab90                _lv_disp_pop_from_inv_buf
                0x000000000381abc8                lv_disp_is_double_buf
                0x000000000381abe8                lv_disp_set_rotation
                0x000000000381ac1c                lv_disp_get_rotation
 .text          0x000000000381ac3c      0x1c4 build/lvgl/src/lv_hal/lv_hal_indev.o
                0x000000000381ac3c                lv_indev_drv_init
                0x000000000381ac74                lv_indev_drv_register
                0x000000000381ad40                lv_indev_drv_update
                0x000000000381ad54                lv_indev_get_next
                0x000000000381ad78                _lv_indev_read
 .text          0x000000000381ae00       0x84 build/lvgl/src/lv_hal/lv_hal_tick.o
                0x000000000381ae00                lv_tick_inc
                0x000000000381ae28                lv_tick_get
                0x000000000381ae54                lv_tick_elaps
 .text          0x000000000381ae84      0x970 build/lvgl/src/lv_misc/lv_anim.o
                0x000000000381ae84                lv_anim_path_linear
                0x000000000381aed0                _lv_anim_core_init
                0x000000000381b218                lv_anim_init
                0x000000000381b27c                lv_anim_start
                0x000000000381b360                lv_anim_del
                0x000000000381b3f8                lv_anim_del_all
                0x000000000381b414                lv_anim_get
                0x000000000381b478                lv_anim_count_running
                0x000000000381b4cc                lv_anim_speed_to_time
                0x000000000381b500                lv_anim_refr_now
                0x000000000381b508                lv_anim_path_ease_in
                0x000000000381b568                lv_anim_path_ease_out
                0x000000000381b5c8                lv_anim_path_ease_in_out
                0x000000000381b628                lv_anim_path_overshoot
                0x000000000381b688                lv_anim_path_bounce
                0x000000000381b7d4                lv_anim_path_step
 .text          0x000000000381b7f4      0x84c build/lvgl/src/lv_misc/lv_area.o
                0x000000000381b7f4                lv_area_set
                0x000000000381b80c                lv_area_set_width
                0x000000000381b820                lv_area_set_height
                0x000000000381b834                _lv_area_set_pos
                0x000000000381b870                lv_area_get_size
                0x000000000381b898                _lv_area_intersect
                0x000000000381b910                _lv_area_join
                0x000000000381b964                _lv_area_is_point_on
                0x000000000381bae8                _lv_area_is_on
                0x000000000381bb38                _lv_area_is_in
                0x000000000381bc2c                _lv_area_align
 .text          0x000000000381c040       0x9c build/lvgl/src/lv_misc/lv_async.o
                0x000000000381c040                lv_async_call
 .text          0x000000000381c0dc      0x3a0 build/lvgl/src/lv_misc/lv_color.o
                0x000000000381c0dc                lv_color_fill
                0x000000000381c150                lv_color_lighten
                0x000000000381c1a4                lv_color_darken
                0x000000000381c1ec                lv_color_hsv_to_rgb
                0x000000000381c330                lv_color_rgb_to_hsv
                0x000000000381c468                lv_color_to_hsv
 .text          0x000000000381c47c      0x168 build/lvgl/src/lv_misc/lv_debug.o
                0x000000000381c47c                lv_debug_check_null
                0x000000000381c488                lv_debug_check_mem_integrity
                0x000000000381c4a4                lv_debug_check_str
                0x000000000381c534                lv_debug_log_error
 .text          0x000000000381c5e4      0xa70 build/lvgl/src/lv_misc/lv_fs.o
                0x000000000381c5e4                _lv_fs_init
                0x000000000381c5f4                lv_fs_is_ready
                0x000000000381c62c                lv_fs_get_drv
                0x000000000381c684                lv_fs_open
                0x000000000381c7d8                lv_fs_close
                0x000000000381c834                lv_fs_remove
                0x000000000381c8d4                lv_fs_read
                0x000000000381c954                lv_fs_write
                0x000000000381c9d4                lv_fs_seek
                0x000000000381ca04                lv_fs_tell
                0x000000000381ca4c                lv_fs_trunc
                0x000000000381ca78                lv_fs_size
                0x000000000381cac8                lv_fs_rename
                0x000000000381cb94                lv_fs_dir_open
                0x000000000381ccdc                lv_fs_dir_read
                0x000000000381cd28                lv_fs_dir_close
                0x000000000381cd8c                lv_fs_free_space
                0x000000000381ce2c                lv_fs_drv_init
                0x000000000381ce34                lv_fs_drv_register
                0x000000000381ce94                lv_fs_get_letters
                0x000000000381cf00                lv_fs_get_ext
                0x000000000381cf58                lv_fs_up
                0x000000000381cfe0                lv_fs_get_last
 .text          0x000000000381d054      0x12c build/lvgl/src/lv_misc/lv_gc.o
                0x000000000381d054                _lv_gc_clear_roots
 .text          0x000000000381d180      0x488 build/lvgl/src/lv_misc/lv_ll.o
                0x000000000381d180                _lv_ll_init
                0x000000000381d198                _lv_ll_ins_head
                0x000000000381d1f0                _lv_ll_ins_prev
                0x000000000381d274                _lv_ll_get_head
                0x000000000381d284                _lv_ll_get_prev
                0x000000000381d298                _lv_ll_ins_tail
                0x000000000381d2f0                _lv_ll_remove
                0x000000000381d3b8                _lv_ll_get_next
                0x000000000381d3d0                _lv_ll_get_tail
                0x000000000381d3e0                _lv_ll_clear
                0x000000000381d440                _lv_ll_chg_list
                0x000000000381d4fc                _lv_ll_get_len
                0x000000000381d534                _lv_ll_move_before
                0x000000000381d5e0                _lv_ll_is_empty
 .text          0x000000000381d608      0x308 build/lvgl/src/lv_misc/lv_math.o
                0x000000000381d608                _lv_trigo_sin
                0x000000000381d69c                _lv_bezier3
                0x000000000381d700                _lv_sqrt
                0x000000000381d74c                _lv_atan2
                0x000000000381d850                _lv_pow
                0x000000000381d8c8                _lv_map
 .text          0x000000000381d910      0xcc4 build/lvgl/src/lv_misc/lv_mem.o
                0x000000000381d910                _lv_mem_init
                0x000000000381d934                _lv_mem_deinit
                0x000000000381d94c                lv_mem_alloc
                0x000000000381da1c                lv_mem_free
                0x000000000381dad8                lv_mem_defrag
                0x000000000381db7c                lv_mem_realloc
                0x000000000381dc3c                _lv_mem_get_size
                0x000000000381dcbc                _lv_memcpy
                0x000000000381df3c                lv_mem_test
                0x000000000381df9c                lv_mem_monitor
                0x000000000381e078                _lv_memset
                0x000000000381e17c                _lv_mem_buf_get
                0x000000000381e2f8                _lv_mem_buf_release
                0x000000000381e36c                _lv_mem_buf_free_all
                0x000000000381e3e4                _lv_memset_00
                0x000000000381e4d4                _lv_memset_ff
 .text          0x000000000381e5d4      0xca4 build/lvgl/src/lv_misc/lv_printf.o
                0x000000000381e5d4                lv_snprintf
                0x000000000381ee0c                lv_vsnprintf
 .text          0x000000000381f278      0x64c build/lvgl/src/lv_misc/lv_task.o
                0x000000000381f278                _lv_task_core_init
                0x000000000381f2a4                lv_task_enable
                0x000000000381f2b4                lv_task_handler
                0x000000000381f5bc                lv_task_create_basic
                0x000000000381f5d0                lv_task_create
                0x000000000381f72c                lv_task_set_cb
                0x000000000381f734                lv_task_del
                0x000000000381f788                lv_task_set_prio
                0x000000000381f844                lv_task_set_period
                0x000000000381f84c                lv_task_ready
                0x000000000381f870                lv_task_set_repeat_count
                0x000000000381f878                lv_task_reset
                0x000000000381f890                lv_task_get_idle
                0x000000000381f8a0                lv_task_get_next
 .text          0x000000000381f8c4      0xd6c build/lvgl/src/lv_misc/lv_txt.o
                0x000000000381fd74                _lv_txt_get_size
                0x000000000381feb4                _lv_txt_get_next_line
                0x0000000003820304                _lv_txt_get_width
                0x0000000003820438                _lv_txt_is_cmd
                0x000000000382049c                _lv_txt_ins
                0x000000000382052c                _lv_txt_cut
                0x000000000382059c                _lv_txt_set_text_vfmt
 .text          0x0000000003820630      0x150 build/lvgl/src/lv_misc/lv_utils.o
                0x0000000003820630                _lv_utils_num_to_str
                0x0000000003820704                _lv_utils_bsearch
 .text          0x0000000003820780      0x414 build/lvgl/src/lv_themes/lv_theme.o
                0x0000000003820780                lv_theme_set_act
                0x0000000003820790                lv_theme_get_act
                0x00000000038207a0                lv_theme_apply
                0x0000000003820a94                lv_theme_copy
                0x0000000003820af8                lv_theme_set_base
                0x0000000003820b00                lv_theme_set_apply_cb
                0x0000000003820b08                lv_theme_get_font_small
                0x0000000003820b1c                lv_theme_get_font_normal
                0x0000000003820b30                lv_theme_get_font_subtitle
                0x0000000003820b44                lv_theme_get_font_title
                0x0000000003820b58                lv_theme_get_color_primary
                0x0000000003820b6c                lv_theme_get_color_secondary
                0x0000000003820b80                lv_theme_get_flags
 .text          0x0000000003820b94     0x5c38 build/lvgl/src/lv_themes/lv_theme_material.o
                0x0000000003820b94                lv_theme_material_init
 .text          0x00000000038267cc       0x9a /Users/ethanvarikkad/Library/Application Support/Code/User/globalStorage/vexrobotics.vexcode/sdk/cpp/V5/V5_20240802_15_00_00/vexv5/gcc/libs/libc.a(lib_a-aeabi_memset-soft.o)
                0x00000000038267cc                __aeabi_memset4
                0x00000000038267cc                __aeabi_memset8
                0x00000000038267cc                __aeabi_memset
 *(.text.*)
 *fill*         0x0000000003826866        0x2 
 .text._ZNSt6vectorISsSaISsEED2Ev
                0x0000000003826868       0x44 build/src/main.o
                0x0000000003826868                std::vector<std::string, std::allocator<std::string> >::~vector()
 .text._Z10autonomousv
                0x00000000038268ac        0x4 build/src/main.o
                0x00000000038268ac                autonomous()
 .text._Z11usercontrolv
                0x00000000038268b0       0x30 build/src/main.o
                0x00000000038268b0                usercontrol()
 .text.main     0x00000000038268e0       0x70 build/src/main.o
                0x00000000038268e0                main
 .text._GLOBAL__sub_I_main.cpp
                0x0000000003826950       0x7c build/src/main.o
 .text._GLOBAL__sub_I_robot_config.cpp
                0x00000000038269cc       0x7c build/src/robot_config.o
 .text.vexMain  0x0000000003826a48       0xb0 /Users/ethanvarikkad/Library/Application Support/Code/User/globalStorage/vexrobotics.vexcode/sdk/cpp/V5/V5_20240802_15_00_00/vexv5/libv5rt.a(v5_startup.c.obj)
                0x0000000003826a48                vexMain
 .text.__vex_function_prolog
                0x0000000003826af8       0x18 /Users/ethanvarikkad/Library/Application Support/Code/User/globalStorage/vexrobotics.vexcode/sdk/cpp/V5/V5_20240802_15_00_00/vexv5/libv5rt.a(v5_startup.c.obj)
                0x0000000003826af8                __vex_function_prolog
 .text._init    0x0000000003826b10        0x4 /Users/ethanvarikkad/Library/Application Support/Code/User/globalStorage/vexrobotics.vexcode/sdk/cpp/V5/V5_20240802_15_00_00/vexv5/libv5rt.a(v5_startup.c.obj)
                0x0000000003826b10                _init
 .text._fini    0x0000000003826b14        0x4 /Users/ethanvarikkad/Library/Application Support/Code/User/globalStorage/vexrobotics.vexcode/sdk/cpp/V5/V5_20240802_15_00_00/vexv5/libv5rt.a(v5_startup.c.obj)
                0x0000000003826b14                _fini
 .text.vexStdlibVersionLinked
                0x0000000003826b18        0xc /Users/ethanvarikkad/Library/Application Support/Code/User/globalStorage/vexrobotics.vexcode/sdk/cpp/V5/V5_20240802_15_00_00/vexv5/libv5rt.a(v5_util.c.obj)
                0x0000000003826b18                vexStdlibVersionLinked
 .text.vexStdlibVersionVerify
                0x0000000003826b24       0x30 /Users/ethanvarikkad/Library/Application Support/Code/User/globalStorage/vexrobotics.vexcode/sdk/cpp/V5/V5_20240802_15_00_00/vexv5/libv5rt.a(v5_util.c.obj)
                0x0000000003826b24                vexStdlibVersionVerify
 .text.vexPrivateApiEnable
                0x0000000003826b54       0x10 /Users/ethanvarikkad/Library/Application Support/Code/User/globalStorage/vexrobotics.vexcode/sdk/cpp/V5/V5_20240802_15_00_00/vexv5/libv5rt.a(v5_apijump.c.obj)
                0x0000000003826b54                vexPrivateApiEnable
 .text.vexStdlibMismatchError
                0x0000000003826b64       0x3c /Users/ethanvarikkad/Library/Application Support/Code/User/globalStorage/vexrobotics.vexcode/sdk/cpp/V5/V5_20240802_15_00_00/vexv5/libv5rt.a(v5_apijump.c.obj)
                0x0000000003826b64                vexStdlibMismatchError
 .text.vexTaskAdd
                0x0000000003826ba0       0x10 /Users/ethanvarikkad/Library/Application Support/Code/User/globalStorage/vexrobotics.vexcode/sdk/cpp/V5/V5_20240802_15_00_00/vexv5/libv5rt.a(v5_apijump.c.obj)
                0x0000000003826ba0                vexTaskAdd
 .text.vexTasksRun
                0x0000000003826bb0       0x10 /Users/ethanvarikkad/Library/Application Support/Code/User/globalStorage/vexrobotics.vexcode/sdk/cpp/V5/V5_20240802_15_00_00/vexv5/libv5rt.a(v5_apijump.c.obj)
                0x0000000003826bb0                vexTasksRun
 .text.vexTaskYield
                0x0000000003826bc0       0x10 /Users/ethanvarikkad/Library/Application Support/Code/User/globalStorage/vexrobotics.vexcode/sdk/cpp/V5/V5_20240802_15_00_00/vexv5/libv5rt.a(v5_apijump.c.obj)
                0x0000000003826bc0                vexTaskYield
 .text.vexTaskCheckTimeslice
                0x0000000003826bd0       0x10 /Users/ethanvarikkad/Library/Application Support/Code/User/globalStorage/vexrobotics.vexcode/sdk/cpp/V5/V5_20240802_15_00_00/vexv5/libv5rt.a(v5_apijump.c.obj)
                0x0000000003826bd0                vexTaskCheckTimeslice
 .text.vexTaskSleep
                0x0000000003826be0       0x10 /Users/ethanvarikkad/Library/Application Support/Code/User/globalStorage/vexrobotics.vexcode/sdk/cpp/V5/V5_20240802_15_00_00/vexv5/libv5rt.a(v5_apijump.c.obj)
                0x0000000003826be0                vexTaskSleep
 .text.vexTasksDump
                0x0000000003826bf0       0x1c /Users/ethanvarikkad/Library/Application Support/Code/User/globalStorage/vexrobotics.vexcode/sdk/cpp/V5/V5_20240802_15_00_00/vexv5/libv5rt.a(v5_apijump.c.obj)
                0x0000000003826bf0                vexTasksDump
 .text.vexTaskGetTaskIndex
                0x0000000003826c0c       0x10 /Users/ethanvarikkad/Library/Application Support/Code/User/globalStorage/vexrobotics.vexcode/sdk/cpp/V5/V5_20240802_15_00_00/vexv5/libv5rt.a(v5_apijump.c.obj)
                0x0000000003826c0c                vexTaskGetTaskIndex
 .text.vexTaskStopAll
                0x0000000003826c1c       0x10 /Users/ethanvarikkad/Library/Application Support/Code/User/globalStorage/vexrobotics.vexcode/sdk/cpp/V5/V5_20240802_15_00_00/vexv5/libv5rt.a(v5_apijump.c.obj)
                0x0000000003826c1c                vexTaskStopAll
 .text.vexTaskRemoveAllUser
                0x0000000003826c2c       0x34 /Users/ethanvarikkad/Library/Application Support/Code/User/globalStorage/vexrobotics.vexcode/sdk/cpp/V5/V5_20240802_15_00_00/vexv5/libv5rt.a(v5_apijump.c.obj)
                0x0000000003826c2c                vexTaskRemoveAllUser
 .text.vexTaskCompletionIdSet
                0x0000000003826c60       0x10 /Users/ethanvarikkad/Library/Application Support/Code/User/globalStorage/vexrobotics.vexcode/sdk/cpp/V5/V5_20240802_15_00_00/vexv5/libv5rt.a(v5_apijump.c.obj)
                0x0000000003826c60                vexTaskCompletionIdSet
 .text.vexTaskStopWithId
                0x0000000003826c70       0x10 /Users/ethanvarikkad/Library/Application Support/Code/User/globalStorage/vexrobotics.vexcode/sdk/cpp/V5/V5_20240802_15_00_00/vexv5/libv5rt.a(v5_apijump.c.obj)
                0x0000000003826c70                vexTaskStopWithId
 .text.vexEventAdd
                0x0000000003826c80       0x34 /Users/ethanvarikkad/Library/Application Support/Code/User/globalStorage/vexrobotics.vexcode/sdk/cpp/V5/V5_20240802_15_00_00/vexv5/libv5rt.a(v5_apijump.c.obj)
                0x0000000003826c80                vexEventAdd
 .text.vexEventUserIndexGet
                0x0000000003826cb4       0x1c /Users/ethanvarikkad/Library/Application Support/Code/User/globalStorage/vexrobotics.vexcode/sdk/cpp/V5/V5_20240802_15_00_00/vexv5/libv5rt.a(v5_apijump.c.obj)
                0x0000000003826cb4                vexEventUserIndexGet
 .text.vexEventAddWithArg
                0x0000000003826cd0       0x3c /Users/ethanvarikkad/Library/Application Support/Code/User/globalStorage/vexrobotics.vexcode/sdk/cpp/V5/V5_20240802_15_00_00/vexv5/libv5rt.a(v5_apijump.c.obj)
                0x0000000003826cd0                vexEventAddWithArg
 .text.vexEventsCleanup
                0x0000000003826d0c       0x2c /Users/ethanvarikkad/Library/Application Support/Code/User/globalStorage/vexrobotics.vexcode/sdk/cpp/V5/V5_20240802_15_00_00/vexv5/libv5rt.a(v5_apijump.c.obj)
                0x0000000003826d0c                vexEventsCleanup
 .text.vexDebug
                0x0000000003826d38       0x38 /Users/ethanvarikkad/Library/Application Support/Code/User/globalStorage/vexrobotics.vexcode/sdk/cpp/V5/V5_20240802_15_00_00/vexv5/libv5rt.a(v5_apijump.c.obj)
                0x0000000003826d38                vexDebug
 .text.vex_sprintf
                0x0000000003826d70       0x40 /Users/ethanvarikkad/Library/Application Support/Code/User/globalStorage/vexrobotics.vexcode/sdk/cpp/V5/V5_20240802_15_00_00/vexv5/libv5rt.a(v5_apijump.c.obj)
                0x0000000003826d70                vex_sprintf
 .text.vexSystemTimeGet
                0x0000000003826db0       0x1c /Users/ethanvarikkad/Library/Application Support/Code/User/globalStorage/vexrobotics.vexcode/sdk/cpp/V5/V5_20240802_15_00_00/vexv5/libv5rt.a(v5_apijump.c.obj)
                0x0000000003826db0                vexSystemTimeGet
 .text.vexSystemExitRequest
                0x0000000003826dcc       0x1c /Users/ethanvarikkad/Library/Application Support/Code/User/globalStorage/vexrobotics.vexcode/sdk/cpp/V5/V5_20240802_15_00_00/vexv5/libv5rt.a(v5_apijump.c.obj)
                0x0000000003826dcc                vexSystemExitRequest
 .text.vexDeviceGetByIndex
                0x0000000003826de8       0x24 /Users/ethanvarikkad/Library/Application Support/Code/User/globalStorage/vexrobotics.vexcode/sdk/cpp/V5/V5_20240802_15_00_00/vexv5/libv5rt.a(v5_apijump.c.obj)
                0x0000000003826de8                vexDeviceGetByIndex
 .text.vexDisplayForegroundColor
                0x0000000003826e0c       0x24 /Users/ethanvarikkad/Library/Application Support/Code/User/globalStorage/vexrobotics.vexcode/sdk/cpp/V5/V5_20240802_15_00_00/vexv5/libv5rt.a(v5_apijump.c.obj)
                0x0000000003826e0c                vexDisplayForegroundColor
 .text.vexDisplayBackgroundColor
                0x0000000003826e30       0x24 /Users/ethanvarikkad/Library/Application Support/Code/User/globalStorage/vexrobotics.vexcode/sdk/cpp/V5/V5_20240802_15_00_00/vexv5/libv5rt.a(v5_apijump.c.obj)
                0x0000000003826e30                vexDisplayBackgroundColor
 .text.vexDisplayCopyRect
                0x0000000003826e54       0x5c /Users/ethanvarikkad/Library/Application Support/Code/User/globalStorage/vexrobotics.vexcode/sdk/cpp/V5/V5_20240802_15_00_00/vexv5/libv5rt.a(v5_apijump.c.obj)
                0x0000000003826e54                vexDisplayCopyRect
 .text.vexDisplayTextReference
                0x0000000003826eb0       0x24 /Users/ethanvarikkad/Library/Application Support/Code/User/globalStorage/vexrobotics.vexcode/sdk/cpp/V5/V5_20240802_15_00_00/vexv5/libv5rt.a(v5_apijump.c.obj)
                0x0000000003826eb0                vexDisplayTextReference
 .text.vexDisplayTextSize
                0x0000000003826ed4       0x2c /Users/ethanvarikkad/Library/Application Support/Code/User/globalStorage/vexrobotics.vexcode/sdk/cpp/V5/V5_20240802_15_00_00/vexv5/libv5rt.a(v5_apijump.c.obj)
                0x0000000003826ed4                vexDisplayTextSize
 .text.vexDisplayFontNamedSet
                0x0000000003826f00       0x24 /Users/ethanvarikkad/Library/Application Support/Code/User/globalStorage/vexrobotics.vexcode/sdk/cpp/V5/V5_20240802_15_00_00/vexv5/libv5rt.a(v5_apijump.c.obj)
                0x0000000003826f00                vexDisplayFontNamedSet
 .text.vexSystemStdlibImpureDataAddr
                0x0000000003826f24       0x28 /Users/ethanvarikkad/Library/Application Support/Code/User/globalStorage/vexrobotics.vexcode/sdk/cpp/V5/V5_20240802_15_00_00/vexv5/libv5rt.a(v5_apijump.c.obj)
                0x0000000003826f24                vexSystemStdlibImpureDataAddr
 .text.vexSystemStdlibImpureDataSize
                0x0000000003826f4c       0x28 /Users/ethanvarikkad/Library/Application Support/Code/User/globalStorage/vexrobotics.vexcode/sdk/cpp/V5/V5_20240802_15_00_00/vexv5/libv5rt.a(v5_apijump.c.obj)
                0x0000000003826f4c                vexSystemStdlibImpureDataSize
 .text.vexSystemSaveUserData
                0x0000000003826f74       0x3c /Users/ethanvarikkad/Library/Application Support/Code/User/globalStorage/vexrobotics.vexcode/sdk/cpp/V5/V5_20240802_15_00_00/vexv5/libv5rt.a(v5_apijump.c.obj)
                0x0000000003826f74                vexSystemSaveUserData
 .text.vexTouchDataGet
                0x0000000003826fb0       0x10 /Users/ethanvarikkad/Library/Application Support/Code/User/globalStorage/vexrobotics.vexcode/sdk/cpp/V5/V5_20240802_15_00_00/vexv5/libv5rt.a(v5_apijump.c.obj)
                0x0000000003826fb0                vexTouchDataGet
 .text.vexDisplayThemeIdGet
                0x0000000003826fc0       0x38 /Users/ethanvarikkad/Library/Application Support/Code/User/globalStorage/vexrobotics.vexcode/sdk/cpp/V5/V5_20240802_15_00_00/vexv5/libv5rt.a(v5_apijump.c.obj)
                0x0000000003826fc0                vexDisplayThemeIdGet
 .text.vexDeviceEventMaskSet
                0x0000000003826ff8       0x48 /Users/ethanvarikkad/Library/Application Support/Code/User/globalStorage/vexrobotics.vexcode/sdk/cpp/V5/V5_20240802_15_00_00/vexv5/libv5rt.a(v5_apijump.c.obj)
                0x0000000003826ff8                vexDeviceEventMaskSet
 .text.vexDeviceEventMaskGet
                0x0000000003827040       0x3c /Users/ethanvarikkad/Library/Application Support/Code/User/globalStorage/vexrobotics.vexcode/sdk/cpp/V5/V5_20240802_15_00_00/vexv5/libv5rt.a(v5_apijump.c.obj)
                0x0000000003827040                vexDeviceEventMaskGet
 .text.vexDeviceEventBitsSet
                0x000000000382707c       0x48 /Users/ethanvarikkad/Library/Application Support/Code/User/globalStorage/vexrobotics.vexcode/sdk/cpp/V5/V5_20240802_15_00_00/vexv5/libv5rt.a(v5_apijump.c.obj)
                0x000000000382707c                vexDeviceEventBitsSet
 .text.vexDeviceEventBitsGet
                0x00000000038270c4       0x3c /Users/ethanvarikkad/Library/Application Support/Code/User/globalStorage/vexrobotics.vexcode/sdk/cpp/V5/V5_20240802_15_00_00/vexv5/libv5rt.a(v5_apijump.c.obj)
                0x00000000038270c4                vexDeviceEventBitsGet
 .text.vexSystemVersion
                0x0000000003827100       0x10 /Users/ethanvarikkad/Library/Application Support/Code/User/globalStorage/vexrobotics.vexcode/sdk/cpp/V5/V5_20240802_15_00_00/vexv5/libv5rt.a(v5_apiversions.c.obj)
                0x0000000003827100                vexSystemVersion
 .text.vexStdlibVersion
                0x0000000003827110       0x10 /Users/ethanvarikkad/Library/Application Support/Code/User/globalStorage/vexrobotics.vexcode/sdk/cpp/V5/V5_20240802_15_00_00/vexv5/libv5rt.a(v5_apiversions.c.obj)
                0x0000000003827110                vexStdlibVersion
 .text._ZN3vex4waitEdNS_9timeUnitsE
                0x0000000003827120       0x30 /Users/ethanvarikkad/Library/Application Support/Code/User/globalStorage/vexrobotics.vexcode/sdk/cpp/V5/V5_20240802_15_00_00/vexv5/libv5rt.a(vex_global.cpp.obj)
                0x0000000003827120                vex::wait(double, vex::timeUnits)
 .text._ZN3vex11this_thread9sleep_forEm
                0x0000000003827150        0x4 /Users/ethanvarikkad/Library/Application Support/Code/User/globalStorage/vexrobotics.vexcode/sdk/cpp/V5/V5_20240802_15_00_00/vexv5/libv5rt.a(vex_thread.cpp.obj)
                0x0000000003827150                vex::this_thread::sleep_for(unsigned long)
 .text._ZZN3vex6meventC4EmmENUlvE_4_FUNEv
                0x0000000003827154        0x4 /Users/ethanvarikkad/Library/Application Support/Code/User/globalStorage/vexrobotics.vexcode/sdk/cpp/V5/V5_20240802_15_00_00/vexv5/libv5rt.a(vex_mevent.cpp.obj)
 .text._ZN3vex6meventC2Emm
                0x0000000003827158       0x70 /Users/ethanvarikkad/Library/Application Support/Code/User/globalStorage/vexrobotics.vexcode/sdk/cpp/V5/V5_20240802_15_00_00/vexv5/libv5rt.a(vex_mevent.cpp.obj)
                0x0000000003827158                vex::mevent::mevent(unsigned long, unsigned long)
                0x0000000003827158                vex::mevent::mevent(unsigned long, unsigned long)
 .text._ZNK3vex6meventcviEv
                0x00000000038271c8       0x4c /Users/ethanvarikkad/Library/Application Support/Code/User/globalStorage/vexrobotics.vexcode/sdk/cpp/V5/V5_20240802_15_00_00/vexv5/libv5rt.a(vex_mevent.cpp.obj)
                0x00000000038271c8                vex::mevent::operator int() const
 .text._ZN3vex5brain9_getIndexEv
                0x0000000003827214       0x10 /Users/ethanvarikkad/Library/Application Support/Code/User/globalStorage/vexrobotics.vexcode/sdk/cpp/V5/V5_20240802_15_00_00/vexv5/libv5rt.a(vex_brain.cpp.obj)
                0x0000000003827214                vex::brain::_getIndex()
 .text._ZN3vex5brain3lcd9setCursorEll
                0x0000000003827224       0x44 /Users/ethanvarikkad/Library/Application Support/Code/User/globalStorage/vexrobotics.vexcode/sdk/cpp/V5/V5_20240802_15_00_00/vexv5/libv5rt.a(vex_brain.cpp.obj)
                0x0000000003827224                vex::brain::lcd::setCursor(long, long)
 .text._ZN3vex5brain3lcd7setFontENS_8fontTypeE
                0x0000000003827268      0x23c /Users/ethanvarikkad/Library/Application Support/Code/User/globalStorage/vexrobotics.vexcode/sdk/cpp/V5/V5_20240802_15_00_00/vexv5/libv5rt.a(vex_brain.cpp.obj)
                0x0000000003827268                vex::brain::lcd::setFont(vex::fontType)
 .text._ZN3vex5brain3lcdC2Ev
                0x00000000038274a4       0x94 /Users/ethanvarikkad/Library/Application Support/Code/User/globalStorage/vexrobotics.vexcode/sdk/cpp/V5/V5_20240802_15_00_00/vexv5/libv5rt.a(vex_brain.cpp.obj)
                0x00000000038274a4                vex::brain::lcd::lcd()
                0x00000000038274a4                vex::brain::lcd::lcd()
 .text._ZN3vex5brainC2Ev
                0x0000000003827538       0x3c /Users/ethanvarikkad/Library/Application Support/Code/User/globalStorage/vexrobotics.vexcode/sdk/cpp/V5/V5_20240802_15_00_00/vexv5/libv5rt.a(vex_brain.cpp.obj)
                0x0000000003827538                vex::brain::brain()
                0x0000000003827538                vex::brain::brain()
 .text._ZN3vex5brainD2Ev
                0x0000000003827574       0x20 /Users/ethanvarikkad/Library/Application Support/Code/User/globalStorage/vexrobotics.vexcode/sdk/cpp/V5/V5_20240802_15_00_00/vexv5/libv5rt.a(vex_brain.cpp.obj)
                0x0000000003827574                vex::brain::~brain()
                0x0000000003827574                vex::brain::~brain()
 .text._ZN3vex11competition8_disableEPv
                0x0000000003827594       0xa4 /Users/ethanvarikkad/Library/Application Support/Code/User/globalStorage/vexrobotics.vexcode/sdk/cpp/V5/V5_20240802_15_00_00/vexv5/libv5rt.a(vex_competition.cpp.obj)
                0x0000000003827594                vex::competition::_disable(void*)
 .text._ZN3vex11competition11_autonomousEv
                0x0000000003827638       0x80 /Users/ethanvarikkad/Library/Application Support/Code/User/globalStorage/vexrobotics.vexcode/sdk/cpp/V5/V5_20240802_15_00_00/vexv5/libv5rt.a(vex_competition.cpp.obj)
                0x0000000003827638                vex::competition::_autonomous()
 .text._ZN3vex11competition14_drivercontrolEv
                0x00000000038276b8       0x80 /Users/ethanvarikkad/Library/Application Support/Code/User/globalStorage/vexrobotics.vexcode/sdk/cpp/V5/V5_20240802_15_00_00/vexv5/libv5rt.a(vex_competition.cpp.obj)
                0x00000000038276b8                vex::competition::_drivercontrol()
 .text._ZN3vex11competitionC2Ev
                0x0000000003827738      0x13c /Users/ethanvarikkad/Library/Application Support/Code/User/globalStorage/vexrobotics.vexcode/sdk/cpp/V5/V5_20240802_15_00_00/vexv5/libv5rt.a(vex_competition.cpp.obj)
                0x0000000003827738                vex::competition::competition()
                0x0000000003827738                vex::competition::competition()
 .text._ZN3vex11competitionD2Ev
                0x0000000003827874        0x4 /Users/ethanvarikkad/Library/Application Support/Code/User/globalStorage/vexrobotics.vexcode/sdk/cpp/V5/V5_20240802_15_00_00/vexv5/libv5rt.a(vex_competition.cpp.obj)
                0x0000000003827874                vex::competition::~competition()
                0x0000000003827874                vex::competition::~competition()
 .text._ZN3vex11competition10autonomousEPFvvE
                0x0000000003827878       0x44 /Users/ethanvarikkad/Library/Application Support/Code/User/globalStorage/vexrobotics.vexcode/sdk/cpp/V5/V5_20240802_15_00_00/vexv5/libv5rt.a(vex_competition.cpp.obj)
                0x0000000003827878                vex::competition::autonomous(void (*)())
 .text._ZN3vex11competition13drivercontrolEPFvvE
                0x00000000038278bc       0x44 /Users/ethanvarikkad/Library/Application Support/Code/User/globalStorage/vexrobotics.vexcode/sdk/cpp/V5/V5_20240802_15_00_00/vexv5/libv5rt.a(vex_competition.cpp.obj)
                0x00000000038278bc                vex::competition::drivercontrol(void (*)())
 .text._ZN3vex7triportD2Ev
                0x0000000003827900       0x38 /Users/ethanvarikkad/Library/Application Support/Code/User/globalStorage/vexrobotics.vexcode/sdk/cpp/V5/V5_20240802_15_00_00/vexv5/libv5rt.a(vex_triport.cpp.obj)
                0x0000000003827900                vex::triport::~triport()
                0x0000000003827900                vex::triport::~triport()
 .text._ZN3vex7triportD0Ev
                0x0000000003827938       0x1c /Users/ethanvarikkad/Library/Application Support/Code/User/globalStorage/vexrobotics.vexcode/sdk/cpp/V5/V5_20240802_15_00_00/vexv5/libv5rt.a(vex_triport.cpp.obj)
                0x0000000003827938                vex::triport::~triport()
 .text._ZN3vex7triport9installedEv
                0x0000000003827954       0x18 /Users/ethanvarikkad/Library/Application Support/Code/User/globalStorage/vexrobotics.vexcode/sdk/cpp/V5/V5_20240802_15_00_00/vexv5/libv5rt.a(vex_triport.cpp.obj)
                0x0000000003827954                vex::triport::installed()
 .text._ZN3vex7triport4portC2ElPS0_
                0x000000000382796c       0x74 /Users/ethanvarikkad/Library/Application Support/Code/User/globalStorage/vexrobotics.vexcode/sdk/cpp/V5/V5_20240802_15_00_00/vexv5/libv5rt.a(vex_triport.cpp.obj)
                0x000000000382796c                vex::triport::port::port(long, vex::triport*)
                0x000000000382796c                vex::triport::port::port(long, vex::triport*)
 .text._ZN3vex7triportC2El
                0x00000000038279e0       0xf0 /Users/ethanvarikkad/Library/Application Support/Code/User/globalStorage/vexrobotics.vexcode/sdk/cpp/V5/V5_20240802_15_00_00/vexv5/libv5rt.a(vex_triport.cpp.obj)
                0x00000000038279e0                vex::triport::triport(long)
                0x00000000038279e0                vex::triport::triport(long)
 .text._ZN3vex5colorD2Ev
                0x0000000003827ad0        0x4 /Users/ethanvarikkad/Library/Application Support/Code/User/globalStorage/vexrobotics.vexcode/sdk/cpp/V5/V5_20240802_15_00_00/vexv5/libv5rt.a(vex_color.cpp.obj)
                0x0000000003827ad0                vex::color::~color()
                0x0000000003827ad0                vex::color::~color()
 .text.startup._GLOBAL__sub_I__ZN3vex5color5blackE
                0x0000000003827ad4      0x164 /Users/ethanvarikkad/Library/Application Support/Code/User/globalStorage/vexrobotics.vexcode/sdk/cpp/V5/V5_20240802_15_00_00/vexv5/libv5rt.a(vex_color.cpp.obj)
 .text._ZN3vex5timerD2Ev
                0x0000000003827c38        0x4 /Users/ethanvarikkad/Library/Application Support/Code/User/globalStorage/vexrobotics.vexcode/sdk/cpp/V5/V5_20240802_15_00_00/vexv5/libv5rt.a(vex_timer.cpp.obj)
                0x0000000003827c38                vex::timer::~timer()
                0x0000000003827c38                vex::timer::~timer()
 .text._ZN3vex5timer5clearEv
                0x0000000003827c3c       0x1c /Users/ethanvarikkad/Library/Application Support/Code/User/globalStorage/vexrobotics.vexcode/sdk/cpp/V5/V5_20240802_15_00_00/vexv5/libv5rt.a(vex_timer.cpp.obj)
                0x0000000003827c3c                vex::timer::clear()
 .text._ZN3vex5timerC2Ev
                0x0000000003827c58       0x14 /Users/ethanvarikkad/Library/Application Support/Code/User/globalStorage/vexrobotics.vexcode/sdk/cpp/V5/V5_20240802_15_00_00/vexv5/libv5rt.a(vex_timer.cpp.obj)
                0x0000000003827c58                vex::timer::timer()
                0x0000000003827c58                vex::timer::timer()
 .text.vexEventMaskSet
                0x0000000003827c6c       0x28 /Users/ethanvarikkad/Library/Application Support/Code/User/globalStorage/vexrobotics.vexcode/sdk/cpp/V5/V5_20240802_15_00_00/vexv5/libv5rt.a(v5_apiuser.c.obj)
                0x0000000003827c6c                vexEventMaskSet
 .text.vexEventMaskGet
                0x0000000003827c94       0x18 /Users/ethanvarikkad/Library/Application Support/Code/User/globalStorage/vexrobotics.vexcode/sdk/cpp/V5/V5_20240802_15_00_00/vexv5/libv5rt.a(v5_apiuser.c.obj)
                0x0000000003827c94                vexEventMaskGet
 .text.vexEventBitsSet
                0x0000000003827cac       0x28 /Users/ethanvarikkad/Library/Application Support/Code/User/globalStorage/vexrobotics.vexcode/sdk/cpp/V5/V5_20240802_15_00_00/vexv5/libv5rt.a(v5_apiuser.c.obj)
                0x0000000003827cac                vexEventBitsSet
 .text.vexEventBitsGet
                0x0000000003827cd4       0x18 /Users/ethanvarikkad/Library/Application Support/Code/User/globalStorage/vexrobotics.vexcode/sdk/cpp/V5/V5_20240802_15_00_00/vexv5/libv5rt.a(v5_apiuser.c.obj)
                0x0000000003827cd4                vexEventBitsGet
 .text._ZN3vex6deviceD2Ev
                0x0000000003827cec        0x4 /Users/ethanvarikkad/Library/Application Support/Code/User/globalStorage/vexrobotics.vexcode/sdk/cpp/V5/V5_20240802_15_00_00/vexv5/libv5rt.a(vex_device.cpp.obj)
                0x0000000003827cec                vex::device::~device()
                0x0000000003827cec                vex::device::~device()
 .text._ZN3vex6device5valueEv
                0x0000000003827cf0        0x8 /Users/ethanvarikkad/Library/Application Support/Code/User/globalStorage/vexrobotics.vexcode/sdk/cpp/V5/V5_20240802_15_00_00/vexv5/libv5rt.a(vex_device.cpp.obj)
                0x0000000003827cf0                vex::device::value()
 .text._ZN3vex6deviceD0Ev
                0x0000000003827cf8       0x14 /Users/ethanvarikkad/Library/Application Support/Code/User/globalStorage/vexrobotics.vexcode/sdk/cpp/V5/V5_20240802_15_00_00/vexv5/libv5rt.a(vex_device.cpp.obj)
                0x0000000003827cf8                vex::device::~device()
 .text._ZN3vex6device4initEl
                0x0000000003827d0c       0x30 /Users/ethanvarikkad/Library/Application Support/Code/User/globalStorage/vexrobotics.vexcode/sdk/cpp/V5/V5_20240802_15_00_00/vexv5/libv5rt.a(vex_device.cpp.obj)
                0x0000000003827d0c                vex::device::init(long)
 .text._ZN3vex6deviceC2El
                0x0000000003827d3c       0x20 /Users/ethanvarikkad/Library/Application Support/Code/User/globalStorage/vexrobotics.vexcode/sdk/cpp/V5/V5_20240802_15_00_00/vexv5/libv5rt.a(vex_device.cpp.obj)
                0x0000000003827d3c                vex::device::device(long)
                0x0000000003827d3c                vex::device::device(long)
 .text._ZN3vex6device4typeEv
                0x0000000003827d5c       0x10 /Users/ethanvarikkad/Library/Application Support/Code/User/globalStorage/vexrobotics.vexcode/sdk/cpp/V5/V5_20240802_15_00_00/vexv5/libv5rt.a(vex_device.cpp.obj)
                0x0000000003827d5c                vex::device::type()
 .text._ZN3vex6device9installedEv
                0x0000000003827d6c       0x14 /Users/ethanvarikkad/Library/Application Support/Code/User/globalStorage/vexrobotics.vexcode/sdk/cpp/V5/V5_20240802_15_00_00/vexv5/libv5rt.a(vex_device.cpp.obj)
                0x0000000003827d6c                vex::device::installed()
 .text._ZN3vex4taskC2EPFivE
                0x0000000003827d80       0x5c /Users/ethanvarikkad/Library/Application Support/Code/User/globalStorage/vexrobotics.vexcode/sdk/cpp/V5/V5_20240802_15_00_00/vexv5/libv5rt.a(vex_task.cpp.obj)
                0x0000000003827d80                vex::task::task(int (*)())
                0x0000000003827d80                vex::task::task(int (*)())
 .text._ZN3vex4taskD2Ev
                0x0000000003827ddc        0x4 /Users/ethanvarikkad/Library/Application Support/Code/User/globalStorage/vexrobotics.vexcode/sdk/cpp/V5/V5_20240802_15_00_00/vexv5/libv5rt.a(vex_task.cpp.obj)
                0x0000000003827ddc                vex::task::~task()
                0x0000000003827ddc                vex::task::~task()
 .text._ZN3vex4task4stopEPvi
                0x0000000003827de0       0x1c /Users/ethanvarikkad/Library/Application Support/Code/User/globalStorage/vexrobotics.vexcode/sdk/cpp/V5/V5_20240802_15_00_00/vexv5/libv5rt.a(vex_task.cpp.obj)
                0x0000000003827de0                vex::task::stop(void*, int)
 .text._ZN3vex4task6_indexEPFivE
                0x0000000003827dfc       0x14 /Users/ethanvarikkad/Library/Application Support/Code/User/globalStorage/vexrobotics.vexcode/sdk/cpp/V5/V5_20240802_15_00_00/vexv5/libv5rt.a(vex_task.cpp.obj)
                0x0000000003827dfc                vex::task::_index(int (*)())
 .text._ZN3vex4task8_stopAllEv
                0x0000000003827e10       0x3c /Users/ethanvarikkad/Library/Application Support/Code/User/globalStorage/vexrobotics.vexcode/sdk/cpp/V5/V5_20240802_15_00_00/vexv5/libv5rt.a(vex_task.cpp.obj)
                0x0000000003827e10                vex::task::_stopAll()
 .text._ZN3vex5event4initEmmPFvvE
                0x0000000003827e4c        0x4 /Users/ethanvarikkad/Library/Application Support/Code/User/globalStorage/vexrobotics.vexcode/sdk/cpp/V5/V5_20240802_15_00_00/vexv5/libv5rt.a(vex_event.cpp.obj)
                0x0000000003827e4c                vex::event::init(unsigned long, unsigned long, void (*)())
 .text._ZN3vex5event4initEmmPFvPvES1_
                0x0000000003827e50        0x4 /Users/ethanvarikkad/Library/Application Support/Code/User/globalStorage/vexrobotics.vexcode/sdk/cpp/V5/V5_20240802_15_00_00/vexv5/libv5rt.a(vex_event.cpp.obj)
                0x0000000003827e50                vex::event::init(unsigned long, unsigned long, void (*)(void*), void*)
 .text._ZN3vex5event9userindexEv
                0x0000000003827e54        0x4 /Users/ethanvarikkad/Library/Application Support/Code/User/globalStorage/vexrobotics.vexcode/sdk/cpp/V5/V5_20240802_15_00_00/vexv5/libv5rt.a(vex_event.cpp.obj)
                0x0000000003827e54                vex::event::userindex()
 .text.__aeabi_memclr
                0x0000000003827e58        0x8 /Users/ethanvarikkad/Library/Application Support/Code/User/globalStorage/vexrobotics.vexcode/sdk/cpp/V5/V5_20240802_15_00_00/vexv5/gcc/libs/libc.a(lib_a-aeabi_memclr.o)
                0x0000000003827e58                __aeabi_memclr8
                0x0000000003827e58                __aeabi_memclr4
                0x0000000003827e58                __aeabi_memclr
 .text.__libc_fini_array
                0x0000000003827e60       0x30 /Users/ethanvarikkad/Library/Application Support/Code/User/globalStorage/vexrobotics.vexcode/sdk/cpp/V5/V5_20240802_15_00_00/vexv5/gcc/libs/libc.a(lib_a-fini.o)
                0x0000000003827e60                __libc_fini_array
 .text.__libc_init_array
                0x0000000003827e90       0x58 /Users/ethanvarikkad/Library/Application Support/Code/User/globalStorage/vexrobotics.vexcode/sdk/cpp/V5/V5_20240802_15_00_00/vexv5/gcc/libs/libc.a(lib_a-init.o)
                0x0000000003827e90                __libc_init_array
 .text.__libc_init_array.__stub
                0x0000000003827ee8       0x18 linker stubs
 *(.gnu.linkonce.t.*)
 *(.plt)
 *(.gnu_warning)
 *(.gcc_except_table)
 *(.glue_7)
 .glue_7        0x0000000003827f00        0x0 linker stubs
 *(.glue_7t)
 .glue_7t       0x0000000003827f00        0x0 linker stubs
 *(.vfp11_veneer)
 .vfp11_veneer  0x0000000003827f00        0x0 linker stubs
 *(.ARM.extab)
 *(.gnu.linkonce.armextab.*)

.v4_bx          0x0000000003827f00        0x0
 .v4_bx         0x0000000003827f00        0x0 linker stubs

.iplt           0x0000000003827f00        0x0
 .iplt          0x0000000003827f00        0x0 build/src/main.o

.init
 *(.init)

.fini
 *(.fini)

.rodata         0x0000000003827f00     0x3858
                0x0000000003827f00                __rodata_start = .
 *(.rodata)
 .rodata        0x0000000003827f00      0x140 build/lvgl/src/lv_draw/lv_draw_label.o
                0x0000000003827f00                _lv_bpp1_opa_table
                0x0000000003827f02                _lv_bpp2_opa_table
                0x0000000003827f06                _lv_bpp3_opa_table
                0x0000000003827f0e                _lv_bpp4_opa_table
                0x0000000003827f1e                _lv_bpp8_opa_table
 .rodata        0x0000000003828040       0x21 build/lvgl/src/lv_draw/lv_draw_line.o
 *fill*         0x0000000003828061        0x3 
 .rodata        0x0000000003828064     0x3405 build/lvgl/src/lv_font/lv_font_montserrat_14.o
 *fill*         0x000000000382b469        0x3 
 .rodata        0x000000000382b46c        0x8 build/lvgl/src/lv_misc/lv_anim.o
                0x000000000382b46c                lv_anim_path_def
 .rodata        0x000000000382b474       0xb6 build/lvgl/src/lv_misc/lv_math.o
 *(.rodata.*)
 .rodata.str1.1
                0x000000000382b52a        0x5 build/src/v5lvgl.o
 .rodata.str1.1
                0x000000000382b52f        0xe build/lvgl/src/lv_core/lv_group.o
 .rodata.str1.1
                0x000000000382b53d       0x14 build/lvgl/src/lv_core/lv_obj.o
                                         0x22 (size before relaxing)
 .rodata.str1.1
                0x000000000382b551        0xe build/lvgl/src/lv_core/lv_style.o
 .rodata.str1.1
                0x000000000382b551        0x8 build/lvgl/src/lv_draw/lv_draw_img.o
 *fill*         0x000000000382b559        0x3 
 .rodata.cst32  0x000000000382b55c       0x40 build/lvgl/src/lv_draw/lv_draw_label.o
 .rodata.str1.1
                0x000000000382b59c       0x2c build/lvgl/src/lv_draw/lv_draw_mask.o
 .rodata.cst4   0x000000000382b5c8        0x4 build/lvgl/src/lv_draw/lv_img_buf.o
 .rodata.cst16  0x000000000382b5cc       0x10 build/lvgl/src/lv_draw/lv_img_buf.o
 .rodata.str1.1
                0x000000000382b5dc        0xe build/lvgl/src/lv_draw/lv_img_cache.o
 .rodata.str1.1
                0x000000000382b5dc        0x4 build/lvgl/src/lv_draw/lv_img_decoder.o
                                         0x12 (size before relaxing)
 .rodata.cst16  0x000000000382b5e0       0x10 build/lvgl/src/lv_draw/lv_img_decoder.o
 .rodata.str1.1
                0x000000000382b5f0        0xe build/lvgl/src/lv_font/lv_font_fmt_txt.o
 .rodata.cst32  0x000000000382b5f0       0x20 build/lvgl/src/lv_font/lv_font_fmt_txt.o
 .rodata.str1.1
                0x000000000382b610        0xe build/lvgl/src/lv_hal/lv_hal_disp.o
 .rodata.str1.1
                0x000000000382b610        0xe build/lvgl/src/lv_hal/lv_hal_indev.o
 .rodata.str1.1
                0x000000000382b610        0xe build/lvgl/src/lv_misc/lv_anim.o
 .rodata.str1.1
                0x000000000382b610       0x11 build/lvgl/src/lv_misc/lv_debug.o
 .rodata.str1.1
                0x000000000382b621       0x11 build/lvgl/src/lv_misc/lv_fs.o
                                          0xf (size before relaxing)
 .rodata.str1.1
                0x000000000382b621       0x7e build/lvgl/src/lv_misc/lv_mem.o
 .rodata.str1.1
                0x000000000382b69f        0xe build/lvgl/src/lv_misc/lv_task.o
 .rodata.str1.1
                0x000000000382b69f        0x8 build/lvgl/src/lv_misc/lv_txt.o
                                         0x16 (size before relaxing)
 .rodata.str1.1
                0x000000000382b6a7        0x4 build/lvgl/src/lv_themes/lv_theme_material.o
 .rodata.str1.1
                0x000000000382b6ab       0x2e /Users/ethanvarikkad/Library/Application Support/Code/User/globalStorage/vexrobotics.vexcode/sdk/cpp/V5/V5_20240802_15_00_00/vexv5/libv5rt.a(v5_startup.c.obj)
 *fill*         0x000000000382b6d9        0x3 
 .rodata._ZN3vex4msecE
                0x000000000382b6dc        0x4 /Users/ethanvarikkad/Library/Application Support/Code/User/globalStorage/vexrobotics.vexcode/sdk/cpp/V5/V5_20240802_15_00_00/vexv5/libv5rt.a(vex_global.cpp.obj)
                0x000000000382b6dc                vex::msec
 .rodata._ZN3vex6PORT22E
                0x000000000382b6e0        0x4 /Users/ethanvarikkad/Library/Application Support/Code/User/globalStorage/vexrobotics.vexcode/sdk/cpp/V5/V5_20240802_15_00_00/vexv5/libv5rt.a(vex_global.cpp.obj)
                0x000000000382b6e0                vex::PORT22
 .rodata.str1.1
                0x000000000382b6e4       0x2b /Users/ethanvarikkad/Library/Application Support/Code/User/globalStorage/vexrobotics.vexcode/sdk/cpp/V5/V5_20240802_15_00_00/vexv5/libv5rt.a(vex_brain.cpp.obj)
                                         0x2d (size before relaxing)
 *fill*         0x000000000382b70f        0x1 
 .rodata._ZTVN3vex7triportE
                0x000000000382b710       0x18 /Users/ethanvarikkad/Library/Application Support/Code/User/globalStorage/vexrobotics.vexcode/sdk/cpp/V5/V5_20240802_15_00_00/vexv5/libv5rt.a(vex_triport.cpp.obj)
                0x000000000382b710                vtable for vex::triport
 .rodata._ZTVN3vex6deviceE
                0x000000000382b728       0x18 /Users/ethanvarikkad/Library/Application Support/Code/User/globalStorage/vexrobotics.vexcode/sdk/cpp/V5/V5_20240802_15_00_00/vexv5/libv5rt.a(vex_device.cpp.obj)
                0x000000000382b728                vtable for vex::device
 .rodata.str1.1
                0x000000000382b740       0x14 /Users/ethanvarikkad/Library/Application Support/Code/User/globalStorage/vexrobotics.vexcode/sdk/cpp/V5/V5_20240802_15_00_00/vexv5/libv5rt.a(vex_task.cpp.obj)
 .rodata.str1.4
                0x000000000382b754        0x4 /Users/ethanvarikkad/Library/Application Support/Code/User/globalStorage/vexrobotics.vexcode/sdk/cpp/V5/V5_20240802_15_00_00/vexv5/gcc/libs/libc.a(lib_a-impure.o)
                                          0x2 (size before relaxing)
 *(.gnu.linkonce.r.*)
                0x000000000382b758                __rodata_end = .

.rodata1        0x000000000382b758        0x0
                0x000000000382b758                __rodata1_start = .
 *(.rodata1)
 *(.rodata1.*)
                0x000000000382b758                __rodata1_end = .

.sdata2         0x000000000382b758        0x0
                0x000000000382b758                __sdata2_start = .
 *(.sdata2)
 *(.sdata2.*)
 *(.gnu.linkonce.s2.*)
                0x000000000382b758                __sdata2_end = .

.sbss2          0x000000000382b758        0x0
                0x000000000382b758                __sbss2_start = .
 *(.sbss2)
 *(.sbss2.*)
 *(.gnu.linkonce.sb2.*)
                0x000000000382b758                __sbss2_end = .

.data           0x000000000382b758      0x49c
                0x000000000382b758                __data_start = .
 *(.data)
 .data          0x000000000382b758       0x34 build/lvgl/src/lv_font/lv_font_montserrat_14.o
                0x000000000382b758                lv_font_montserrat_14
 .data          0x000000000382b78c       0x10 build/lvgl/src/lv_misc/lv_mem.o
 .data          0x000000000382b79c       0x20 build/lvgl/src/lv_misc/lv_txt.o
                0x000000000382b79c                _lv_txt_encoded_size
                0x000000000382b7a0                _lv_txt_unicode_to_encoded
                0x000000000382b7a4                _lv_txt_encoded_conv_wc
                0x000000000382b7a8                _lv_txt_encoded_next
                0x000000000382b7ac                _lv_txt_encoded_prev
                0x000000000382b7b0                _lv_txt_encoded_get_byte_id
                0x000000000382b7b4                _lv_txt_encoded_get_char_id
                0x000000000382b7b8                _lv_txt_get_encoded_length
 *(.data.*)
 .data.appRunning
                0x000000000382b7bc        0x4 /Users/ethanvarikkad/Library/Application Support/Code/User/globalStorage/vexrobotics.vexcode/sdk/cpp/V5/V5_20240802_15_00_00/vexv5/libv5rt.a(v5_startup.c.obj)
                0x000000000382b7bc                appRunning
 .data.__yoff   0x000000000382b7c0        0x4 /Users/ethanvarikkad/Library/Application Support/Code/User/globalStorage/vexrobotics.vexcode/sdk/cpp/V5/V5_20240802_15_00_00/vexv5/libv5rt.a(v5_apijump.c.obj)
 *fill*         0x000000000382b7c4        0x4 
 .data.impure_data
                0x000000000382b7c8      0x428 /Users/ethanvarikkad/Library/Application Support/Code/User/globalStorage/vexrobotics.vexcode/sdk/cpp/V5/V5_20240802_15_00_00/vexv5/gcc/libs/libc.a(lib_a-impure.o)
 .data._impure_ptr
                0x000000000382bbf0        0x4 /Users/ethanvarikkad/Library/Application Support/Code/User/globalStorage/vexrobotics.vexcode/sdk/cpp/V5/V5_20240802_15_00_00/vexv5/gcc/libs/libc.a(lib_a-impure.o)
                0x000000000382bbf0                _impure_ptr
 *(.gnu.linkonce.d.*)
 *(.jcr)
 *(.got)
 *(.got.plt)
                0x000000000382bbf4                __data_end = .

.igot.plt       0x000000000382bbf4        0x0
 .igot.plt      0x000000000382bbf4        0x0 build/src/main.o

.data1          0x000000000382bbf4        0x0
                0x000000000382bbf4                __data1_start = .
 *(.data1)
 *(.data1.*)
                0x000000000382bbf4                __data1_end = .

.got
 *(.got)

.ctors          0x000000000382bbf4        0x0
                0x000000000382bbf4                __CTOR_LIST__ = .
                0x000000000382bbf4                ___CTORS_LIST___ = .
 *crtbegin.o(.ctors)
 *(EXCLUDE_FILE(*crtend.o) .ctors)
 *(SORT_BY_NAME(.ctors.*))
 *(.ctors)
                0x000000000382bbf4                __CTOR_END__ = .
                0x000000000382bbf4                ___CTORS_END___ = .

.dtors          0x000000000382bbf4        0x0
                0x000000000382bbf4                __DTOR_LIST__ = .
                0x000000000382bbf4                ___DTORS_LIST___ = .
 *crtbegin.o(.dtors)
 *(EXCLUDE_FILE(*crtend.o) .dtors)
 *(SORT_BY_NAME(.dtors.*))
 *(.dtors)
                0x000000000382bbf4                __DTOR_END__ = .
                0x000000000382bbf4                ___DTORS_END___ = .

.fixup          0x000000000382bbf4        0x0
                0x000000000382bbf4                __fixup_start = .
 *(.fixup)
                0x000000000382bbf4                __fixup_end = .

.eh_frame
 *(.eh_frame)

.eh_framehdr    0x000000000382bbf4        0x0
                0x000000000382bbf4                __eh_framehdr_start = .
 *(.eh_framehdr)
                0x000000000382bbf4                __eh_framehdr_end = .

.gcc_except_table
 *(.gcc_except_table)

.mmu_tbl        0x000000000382c000        0x0
                0x000000000382c000                __mmu_tbl_start = .
 *(.mmu_tbl)
                0x000000000382c000                __mmu_tbl_end = .

.ARM.exidx      0x000000000382bbf4        0x8
                0x000000000382bbf4                __exidx_start = .
 *(.ARM.exidx*)
 .ARM.exidx.text._ZNSt6vectorISsSaISsEED2Ev
                0x000000000382bbfc        0x0 build/src/main.o
                                          0x8 (size before relaxing)
 .ARM.exidx.text._Z10autonomousv
                0x000000000382bbfc        0x0 build/src/main.o
                                          0x8 (size before relaxing)
 .ARM.exidx.text._Z11usercontrolv
                0x000000000382bbfc        0x0 build/src/main.o
                                          0x8 (size before relaxing)
 .ARM.exidx.text.main
                0x000000000382bbfc        0x0 build/src/main.o
                                          0x8 (size before relaxing)
 .ARM.exidx.text._GLOBAL__sub_I_main.cpp
                0x000000000382bbfc        0x0 build/src/main.o
                                          0x8 (size before relaxing)
 .ARM.exidx.text._GLOBAL__sub_I_robot_config.cpp
                0x000000000382bbfc        0x0 build/src/robot_config.o
                                          0x8 (size before relaxing)
 .ARM.exidx     0x000000000382bbf4        0x8 build/src/v5lvgl.o
                                         0x20 (size before relaxing)
 .ARM.exidx     0x000000000382bbfc        0x0 build/lvgl/src/lv_core/lv_disp.o
                                         0x88 (size before relaxing)
 .ARM.exidx     0x000000000382bbfc        0x0 build/lvgl/src/lv_core/lv_group.o
                                         0xc8 (size before relaxing)
 .ARM.exidx     0x000000000382bbfc        0x0 build/lvgl/src/lv_core/lv_indev.o
                                         0xc8 (size before relaxing)
 .ARM.exidx     0x000000000382bbfc        0x0 build/lvgl/src/lv_core/lv_obj.o
                                        0x528 (size before relaxing)
 .ARM.exidx     0x000000000382bbfc        0x0 build/lvgl/src/lv_core/lv_refr.o
                                         0x58 (size before relaxing)
 .ARM.exidx     0x000000000382bbfc        0x0 build/lvgl/src/lv_core/lv_style.o
                                        0x100 (size before relaxing)
 .ARM.exidx     0x000000000382bbfc        0x0 build/lvgl/src/lv_draw/lv_draw_blend.o
                                         0x20 (size before relaxing)
 .ARM.exidx     0x000000000382bbfc        0x0 build/lvgl/src/lv_draw/lv_draw_img.o
                                         0x40 (size before relaxing)
 .ARM.exidx     0x000000000382bbfc        0x0 build/lvgl/src/lv_draw/lv_draw_label.o
                                         0x18 (size before relaxing)
 .ARM.exidx     0x000000000382bbfc        0x0 build/lvgl/src/lv_draw/lv_draw_line.o
                                         0x10 (size before relaxing)
 .ARM.exidx     0x000000000382bbfc        0x0 build/lvgl/src/lv_draw/lv_draw_mask.o
                                         0x80 (size before relaxing)
 .ARM.exidx     0x000000000382bbfc        0x0 build/lvgl/src/lv_draw/lv_draw_rect.o
                                         0x28 (size before relaxing)
 .ARM.exidx     0x000000000382bbfc        0x0 build/lvgl/src/lv_draw/lv_img_buf.o
                                         0x58 (size before relaxing)
 .ARM.exidx     0x000000000382bbfc        0x0 build/lvgl/src/lv_draw/lv_img_cache.o
                                         0x20 (size before relaxing)
 .ARM.exidx     0x000000000382bbfc        0x0 build/lvgl/src/lv_draw/lv_img_decoder.o
                                         0x78 (size before relaxing)
 .ARM.exidx     0x000000000382bbfc        0x0 build/lvgl/src/lv_font/lv_font.o
                                         0x18 (size before relaxing)
 .ARM.exidx     0x000000000382bbfc        0x0 build/lvgl/src/lv_font/lv_font_fmt_txt.o
                                         0x40 (size before relaxing)
 .ARM.exidx     0x000000000382bbfc        0x0 build/lvgl/src/lv_hal/lv_hal_disp.o
                                         0xb0 (size before relaxing)
 .ARM.exidx     0x000000000382bbfc        0x0 build/lvgl/src/lv_hal/lv_hal_indev.o
                                         0x28 (size before relaxing)
 .ARM.exidx     0x000000000382bbfc        0x0 build/lvgl/src/lv_hal/lv_hal_tick.o
                                         0x18 (size before relaxing)
 .ARM.exidx     0x000000000382bbfc        0x0 build/lvgl/src/lv_misc/lv_anim.o
                                         0x90 (size before relaxing)
 .ARM.exidx     0x000000000382bbfc        0x0 build/lvgl/src/lv_misc/lv_area.o
                                         0x58 (size before relaxing)
 .ARM.exidx     0x000000000382bbfc        0x0 build/lvgl/src/lv_misc/lv_async.o
                                         0x10 (size before relaxing)
 .ARM.exidx     0x000000000382bbfc        0x0 build/lvgl/src/lv_misc/lv_color.o
                                         0x30 (size before relaxing)
 .ARM.exidx     0x000000000382bbfc        0x0 build/lvgl/src/lv_misc/lv_debug.o
                                         0x20 (size before relaxing)
 .ARM.exidx     0x000000000382bbfc        0x0 build/lvgl/src/lv_misc/lv_fs.o
                                         0xb8 (size before relaxing)
 .ARM.exidx     0x000000000382bbfc        0x0 build/lvgl/src/lv_misc/lv_gc.o
                                          0x8 (size before relaxing)
 .ARM.exidx     0x000000000382bbfc        0x0 build/lvgl/src/lv_misc/lv_ll.o
                                         0x70 (size before relaxing)
 .ARM.exidx     0x000000000382bbfc        0x0 build/lvgl/src/lv_misc/lv_math.o
                                         0x30 (size before relaxing)
 .ARM.exidx     0x000000000382bbfc        0x0 build/lvgl/src/lv_misc/lv_mem.o
                                         0x88 (size before relaxing)
 .ARM.exidx     0x000000000382bbfc        0x0 build/lvgl/src/lv_misc/lv_printf.o
                                         0x40 (size before relaxing)
 .ARM.exidx     0x000000000382bbfc        0x0 build/lvgl/src/lv_misc/lv_task.o
                                         0x78 (size before relaxing)
 .ARM.exidx     0x000000000382bbfc        0x0 build/lvgl/src/lv_misc/lv_txt.o
                                         0x78 (size before relaxing)
 .ARM.exidx     0x000000000382bbfc        0x0 build/lvgl/src/lv_misc/lv_utils.o
                                         0x10 (size before relaxing)
 .ARM.exidx     0x000000000382bbfc        0x0 build/lvgl/src/lv_themes/lv_theme.o
                                         0x70 (size before relaxing)
 .ARM.exidx     0x000000000382bbfc        0x0 build/lvgl/src/lv_themes/lv_theme_material.o
                                         0x10 (size before relaxing)
 *(.gnu.linkonce.armexidix.*.*)
                0x000000000382bbfc                __exidx_end = .

.rel.dyn        0x000000000382bbfc        0x0
 .rel.iplt      0x000000000382bbfc        0x0 build/src/main.o

.preinit_array  0x000000000382bbfc        0x0
                0x000000000382bbfc                __preinit_array_start = .
 *(SORT_BY_NAME(.preinit_array.*))
 *(.preinit_array)
                0x000000000382bbfc                __preinit_array_end = .

.init_array     0x000000000382bbfc        0xc
                0x000000000382bbfc                __init_array_start = .
 *(SORT_BY_NAME(.init_array.*))
 *(.init_array)
 .init_array    0x000000000382bbfc        0x4 build/src/main.o
 .init_array    0x000000000382bc00        0x4 build/src/robot_config.o
 .init_array    0x000000000382bc04        0x4 /Users/ethanvarikkad/Library/Application Support/Code/User/globalStorage/vexrobotics.vexcode/sdk/cpp/V5/V5_20240802_15_00_00/vexv5/libv5rt.a(vex_color.cpp.obj)
                0x000000000382bc08                __init_array_end = .

.fini_array     0x000000000382bc08        0x0
                0x000000000382bc08                __fini_array_start = .
 *(SORT_BY_NAME(.fini_array.*))
 *(.fini_array)
                0x000000000382bc08                __fini_array_end = .

.ARM.attributes
                0x000000000382bc08       0x3a
                0x000000000382bc08                __ARM.attributes_start = .
 *(.ARM.attributes)
 .ARM.attributes
                0x000000000382bc08       0x3a build/src/main.o
 .ARM.attributes
                0x000000000382bc42       0x3a build/src/robot_config.o
 .ARM.attributes
                0x000000000382bc7c       0x3a build/src/v5lvgl.o
 .ARM.attributes
                0x000000000382bcb6       0x3a build/lvgl/src/lv_core/lv_disp.o
 .ARM.attributes
                0x000000000382bcf0       0x3a build/lvgl/src/lv_core/lv_group.o
 .ARM.attributes
                0x000000000382bd2a       0x3a build/lvgl/src/lv_core/lv_indev.o
 .ARM.attributes
                0x000000000382bd64       0x3a build/lvgl/src/lv_core/lv_obj.o
 .ARM.attributes
                0x000000000382bd9e       0x3a build/lvgl/src/lv_core/lv_refr.o
 .ARM.attributes
                0x000000000382bdd8       0x3a build/lvgl/src/lv_core/lv_style.o
 .ARM.attributes
                0x000000000382be12       0x3a build/lvgl/src/lv_draw/lv_draw_blend.o
 .ARM.attributes
                0x000000000382be4c       0x3a build/lvgl/src/lv_draw/lv_draw_img.o
 .ARM.attributes
                0x000000000382be86       0x3a build/lvgl/src/lv_draw/lv_draw_label.o
 .ARM.attributes
                0x000000000382bec0       0x3a build/lvgl/src/lv_draw/lv_draw_line.o
 .ARM.attributes
                0x000000000382befa       0x3a build/lvgl/src/lv_draw/lv_draw_mask.o
 .ARM.attributes
                0x000000000382bf34       0x3a build/lvgl/src/lv_draw/lv_draw_rect.o
 .ARM.attributes
                0x000000000382bf6e       0x3a build/lvgl/src/lv_draw/lv_img_buf.o
 .ARM.attributes
                0x000000000382bfa8       0x3a build/lvgl/src/lv_draw/lv_img_cache.o
 .ARM.attributes
                0x000000000382bfe2       0x3a build/lvgl/src/lv_draw/lv_img_decoder.o
 .ARM.attributes
                0x000000000382c01c       0x3a build/lvgl/src/lv_font/lv_font.o
 .ARM.attributes
                0x000000000382c056       0x3a build/lvgl/src/lv_font/lv_font_fmt_txt.o
 .ARM.attributes
                0x000000000382c090       0x38 build/lvgl/src/lv_font/lv_font_montserrat_14.o
 .ARM.attributes
                0x000000000382c0c8       0x3a build/lvgl/src/lv_hal/lv_hal_disp.o
 .ARM.attributes
                0x000000000382c102       0x3a build/lvgl/src/lv_hal/lv_hal_indev.o
 .ARM.attributes
                0x000000000382c13c       0x3a build/lvgl/src/lv_hal/lv_hal_tick.o
 .ARM.attributes
                0x000000000382c176       0x3a build/lvgl/src/lv_misc/lv_anim.o
 .ARM.attributes
                0x000000000382c1b0       0x3a build/lvgl/src/lv_misc/lv_area.o
 .ARM.attributes
                0x000000000382c1ea       0x3a build/lvgl/src/lv_misc/lv_async.o
 .ARM.attributes
                0x000000000382c224       0x3a build/lvgl/src/lv_misc/lv_color.o
 .ARM.attributes
                0x000000000382c25e       0x3a build/lvgl/src/lv_misc/lv_debug.o
 .ARM.attributes
                0x000000000382c298       0x3a build/lvgl/src/lv_misc/lv_fs.o
 .ARM.attributes
                0x000000000382c2d2       0x3a build/lvgl/src/lv_misc/lv_gc.o
 .ARM.attributes
                0x000000000382c30c       0x3a build/lvgl/src/lv_misc/lv_ll.o
 .ARM.attributes
                0x000000000382c346       0x3a build/lvgl/src/lv_misc/lv_math.o
 .ARM.attributes
                0x000000000382c380       0x3a build/lvgl/src/lv_misc/lv_mem.o
 .ARM.attributes
                0x000000000382c3ba       0x3a build/lvgl/src/lv_misc/lv_printf.o
 .ARM.attributes
                0x000000000382c3f4       0x3a build/lvgl/src/lv_misc/lv_task.o
 .ARM.attributes
                0x000000000382c42e       0x3a build/lvgl/src/lv_misc/lv_txt.o
 .ARM.attributes
                0x000000000382c468       0x3a build/lvgl/src/lv_misc/lv_utils.o
 .ARM.attributes
                0x000000000382c4a2       0x3a build/lvgl/src/lv_themes/lv_theme.o
 .ARM.attributes
                0x000000000382c4dc       0x3a build/lvgl/src/lv_themes/lv_theme_material.o
 .ARM.attributes
                0x000000000382c516       0x35 /Users/ethanvarikkad/Library/Application Support/Code/User/globalStorage/vexrobotics.vexcode/sdk/cpp/V5/V5_20240802_15_00_00/vexv5/libv5rt.a(v5_startup.c.obj)
 .ARM.attributes
                0x000000000382c54b       0x35 /Users/ethanvarikkad/Library/Application Support/Code/User/globalStorage/vexrobotics.vexcode/sdk/cpp/V5/V5_20240802_15_00_00/vexv5/libv5rt.a(v5_util.c.obj)
 .ARM.attributes
                0x000000000382c580       0x35 /Users/ethanvarikkad/Library/Application Support/Code/User/globalStorage/vexrobotics.vexcode/sdk/cpp/V5/V5_20240802_15_00_00/vexv5/libv5rt.a(v5_apijump.c.obj)
 .ARM.attributes
                0x000000000382c5b5       0x35 /Users/ethanvarikkad/Library/Application Support/Code/User/globalStorage/vexrobotics.vexcode/sdk/cpp/V5/V5_20240802_15_00_00/vexv5/libv5rt.a(v5_apiversions.c.obj)
 .ARM.attributes
                0x000000000382c5ea       0x35 /Users/ethanvarikkad/Library/Application Support/Code/User/globalStorage/vexrobotics.vexcode/sdk/cpp/V5/V5_20240802_15_00_00/vexv5/libv5rt.a(vex_global.cpp.obj)
 .ARM.attributes
                0x000000000382c61f       0x35 /Users/ethanvarikkad/Library/Application Support/Code/User/globalStorage/vexrobotics.vexcode/sdk/cpp/V5/V5_20240802_15_00_00/vexv5/libv5rt.a(vex_thread.cpp.obj)
 .ARM.attributes
                0x000000000382c654       0x35 /Users/ethanvarikkad/Library/Application Support/Code/User/globalStorage/vexrobotics.vexcode/sdk/cpp/V5/V5_20240802_15_00_00/vexv5/libv5rt.a(vex_mevent.cpp.obj)
 .ARM.attributes
                0x000000000382c689       0x35 /Users/ethanvarikkad/Library/Application Support/Code/User/globalStorage/vexrobotics.vexcode/sdk/cpp/V5/V5_20240802_15_00_00/vexv5/libv5rt.a(vex_brain.cpp.obj)
 .ARM.attributes
                0x000000000382c6be       0x35 /Users/ethanvarikkad/Library/Application Support/Code/User/globalStorage/vexrobotics.vexcode/sdk/cpp/V5/V5_20240802_15_00_00/vexv5/libv5rt.a(vex_competition.cpp.obj)
 .ARM.attributes
                0x000000000382c6f3       0x35 /Users/ethanvarikkad/Library/Application Support/Code/User/globalStorage/vexrobotics.vexcode/sdk/cpp/V5/V5_20240802_15_00_00/vexv5/libv5rt.a(vex_triport.cpp.obj)
 .ARM.attributes