Archive member included to satisfy reference by file (symbol)

/Users/ethanvarikkad/Library/Application Support/Code/User/globalStorage/vexrobotics.vexcode/sdk/cpp/V5/V5_20240802_15_00_00/vexv5/libv5rt.a(v5_startup.c.obj)
                              (vexStartup)
/Users/ethanvarikkad/Library/Application Support/Code/User/globalStorage/vexrobotics.vexcode/sdk/cpp/V5/V5_20240802_15_00_00/vexv5/libv5rt.a(v5_util.c.obj)
                              /Users/ethanvarikkad/Library/Application Support/Code/User/globalStorage/vexrobotics.vexcode/sdk/cpp/V5/V5_20240802_15_00_00/vexv5/libv5rt.a(v5_startup.c.obj) (vexStdlibVersionLinked)
/Users/ethanvarikkad/Library/Application Support/Code/User/globalStorage/vexrobotics.vexcode/sdk/cpp/V5/V5_20240802_15_00_00/vexv5/libv5rt.a(v5_apijump.c.obj)
                              /Users/ethanvarikkad/Library/Application Support/Code/User/globalStorage/vexrobotics.vexcode/sdk/cpp/V5/V5_20240802_15_00_00/vexv5/libv5rt.a(v5_startup.c.obj) (vexPrivateApiEnable)
/Users/ethanvarikkad/Library/Application Support/Code/User/globalStorage/vexrobotics.vexcode/sdk/cpp/V5/V5_20240802_15_00_00/vexv5/libv5rt.a(v5_apiversions.c.obj)
                              /Users/ethanvarikkad/Library/Application Support/Code/User/globalStorage/vexrobotics.vexcode/sdk/cpp/V5/V5_20240802_15_00_00/vexv5/libv5rt.a(v5_apijump.c.obj) (vexSystemVersion)
/Users/ethanvarikkad/Library/Application Support/Code/User/globalStorage/vexrobotics.vexcode/sdk/cpp/V5/V5_20240802_15_00_00/vexv5/libv5rt.a(vex_global.cpp.obj)
                              build/src/main.o (vex::wait(double, vex::timeUnits))
/Users/ethanvarikkad/Library/Application Support/Code/User/globalStorage/vexrobotics.vexcode/sdk/cpp/V5/V5_20240802_15_00_00/vexv5/libv5rt.a(vex_controller.cpp.obj)
                              build/src/main.o (vex::controller::~controller())
/Users/ethanvarikkad/Library/Application Support/Code/User/globalStorage/vexrobotics.vexcode/sdk/cpp/V5/V5_20240802_15_00_00/vexv5/libv5rt.a(vex_thread.cpp.obj)
                              /Users/ethanvarikkad/Library/Application Support/Code/User/globalStorage/vexrobotics.vexcode/sdk/cpp/V5/V5_20240802_15_00_00/vexv5/libv5rt.a(vex_global.cpp.obj) (vex::this_thread::sleep_for(unsigned long))
/Users/ethanvarikkad/Library/Application Support/Code/User/globalStorage/vexrobotics.vexcode/sdk/cpp/V5/V5_20240802_15_00_00/vexv5/libv5rt.a(vex_event.cpp.obj)
                              /Users/ethanvarikkad/Library/Application Support/Code/User/globalStorage/vexrobotics.vexcode/sdk/cpp/V5/V5_20240802_15_00_00/vexv5/libv5rt.a(vex_controller.cpp.obj) (vex::event::init(unsigned long, unsigned long, void (*)()))
/Users/ethanvarikkad/Library/Application Support/Code/User/globalStorage/vexrobotics.vexcode/sdk/cpp/V5/V5_20240802_15_00_00/vexv5/libv5rt.a(vex_mevent.cpp.obj)
                              /Users/ethanvarikkad/Library/Application Support/Code/User/globalStorage/vexrobotics.vexcode/sdk/cpp/V5/V5_20240802_15_00_00/vexv5/libv5rt.a(vex_controller.cpp.obj) (vex::mevent::mevent(unsigned long, unsigned long))
/Users/ethanvarikkad/Library/Application Support/Code/User/globalStorage/vexrobotics.vexcode/sdk/cpp/V5/V5_20240802_15_00_00/vexv5/libv5rt.a(vex_brain.cpp.obj)
                              build/src/robot_config.o (vex::brain::brain())
/Users/ethanvarikkad/Library/Application Support/Code/User/globalStorage/vexrobotics.vexcode/sdk/cpp/V5/V5_20240802_15_00_00/vexv5/libv5rt.a(vex_competition.cpp.obj)
                              build/src/main.o (vex::competition::competition())
/Users/ethanvarikkad/Library/Application Support/Code/User/globalStorage/vexrobotics.vexcode/sdk/cpp/V5/V5_20240802_15_00_00/vexv5/libv5rt.a(vex_triport.cpp.obj)
                              /Users/ethanvarikkad/Library/Application Support/Code/User/globalStorage/vexrobotics.vexcode/sdk/cpp/V5/V5_20240802_15_00_00/vexv5/libv5rt.a(vex_brain.cpp.obj) (vex::triport::~triport())
/Users/ethanvarikkad/Library/Application Support/Code/User/globalStorage/vexrobotics.vexcode/sdk/cpp/V5/V5_20240802_15_00_00/vexv5/libv5rt.a(vex_color.cpp.obj)
                              /Users/ethanvarikkad/Library/Application Support/Code/User/globalStorage/vexrobotics.vexcode/sdk/cpp/V5/V5_20240802_15_00_00/vexv5/libv5rt.a(vex_brain.cpp.obj) (vex::color::operator unsigned long() const)
/Users/ethanvarikkad/Library/Application Support/Code/User/globalStorage/vexrobotics.vexcode/sdk/cpp/V5/V5_20240802_15_00_00/vexv5/libv5rt.a(vex_timer.cpp.obj)
                              /Users/ethanvarikkad/Library/Application Support/Code/User/globalStorage/vexrobotics.vexcode/sdk/cpp/V5/V5_20240802_15_00_00/vexv5/libv5rt.a(vex_brain.cpp.obj) (vex::timer::~timer())
/Users/ethanvarikkad/Library/Application Support/Code/User/globalStorage/vexrobotics.vexcode/sdk/cpp/V5/V5_20240802_15_00_00/vexv5/libv5rt.a(vex_motorgroup.cpp.obj)
[...]
Memory Configuration

Name             Origin             Length             Attributes
ps7_ddr_0_S_AXI_BASEADDR 0x0000000003800000 0x0000000004800000
*default*        0x0000000000000000 0xffffffffffffffff

Linker script and memory map

                0x0000000000002000                _STACK_SIZE = DEFINED (_STACK_SIZE)?_STACK_SIZE:0x2000
                0x0000000000100000                _HEAP_SIZE = DEFINED (_HEAP_SIZE)?_HEAP_SIZE:0x100000
                0x0000000000000400                _ABORT_STACK_SIZE = DEFINED (_ABORT_STACK_SIZE)?_ABORT_STACK_SIZE:0x400
                0x0000000000000800                _SUPERVISOR_STACK_SIZE = DEFINED (_SUPERVISOR_STACK_SIZE)?_SUPERVISOR_STACK_SIZE:0x800
                0x0000000000000400                _IRQ_STACK_SIZE = DEFINED (_IRQ_STACK_SIZE)?_IRQ_STACK_SIZE:0x400
                0x0000000000000400                _FIQ_STACK_SIZE = DEFINED (_FIQ_STACK_SIZE)?_FIQ_STACK_SIZE:0x400
                0x0000000000000400                _UNDEF_STACK_SIZE = DEFINED (_UNDEF_STACK_SIZE)?_UNDEF_STACK_SIZE:0x400

.text           0x0000000003800000    0x2c1e8
 *(.vectors)
 *(.boot_data)
 .boot_data     0x0000000003800000       0x20 /Users/ethanvarikkad/Library/Application Support/Code/User/globalStorage/vexrobotics.vexcode/sdk/cpp/V5/V5_20240802_15_00_00/vexv5/libv5rt.a(v5_startup.c.obj)
                0x0000000003800000                vexCodeSig
                0x0000000000000020                . = 0x20
 *(.boot)
 .boot          0x0000000003800020       0xbc /Users/ethanvarikkad/Library/Application Support/Code/User/globalStorage/vexrobotics.vexcode/sdk/cpp/V5/V5_20240802_15_00_00/vexv5/libv5rt.a(v5_startup.c.obj)
                0x0000000003800020                vexStartup
                0x0000000003800100                . = ALIGN (0x40)
 *fill*         0x00000000038000dc       0x24 
 *(.freertos_vectors)
 *(.text)
 .text          0x0000000003800100      0x178 build/src/v5lvgl.o
                0x0000000003800100                lvgltask
                0x0000000003800120                v5_lv_init
 .text          0x0000000003800278      0x848 build/lvgl/src/lv_core/lv_disp.o
                0x0000000003800278                lv_disp_get_scr_act
                0x00000000038002a4                lv_disp_get_scr_prev
                0x00000000038002d0                lv_disp_load_scr
                0x00000000038002fc                lv_disp_get_layer_top
                0x0000000003800328                lv_disp_get_layer_sys
                0x0000000003800354                lv_disp_assign_screen
                0x00000000038003a0                lv_disp_set_bg_color
                0x0000000003800420                lv_disp_set_bg_image
                0x00000000038004a0                lv_disp_set_bg_opa
                0x0000000003800520                lv_scr_load_anim
                0x00000000038009cc                lv_disp_get_inactive_time
                0x0000000003800a30                lv_disp_trig_activity
                0x0000000003800a60                lv_disp_clean_dcache
                0x0000000003800a94                _lv_disp_get_refr_task
 .text          0x0000000003800ac0      0x8e4 build/lvgl/src/lv_core/lv_group.o
                0x0000000003800ac0                _lv_group_init
                0x0000000003800ad0                lv_group_create
                0x0000000003800b58                lv_group_del
                0x0000000003800be8                lv_group_add_obj
                0x0000000003800d14                lv_group_remove_obj
                0x0000000003800e04                lv_group_remove_all_objs
                0x0000000003800e84                lv_group_focus_obj
                0x0000000003800fbc                lv_group_set_editing
                0x0000000003801084                lv_group_focus_next
                0x0000000003801254                lv_group_focus_prev
                0x0000000003801268                lv_group_focus_freeze
                0x0000000003801280                lv_group_send_data
                0x00000000038012ec                lv_group_get_focused
                0x0000000003801308                lv_group_set_focus_cb
                0x0000000003801310                lv_group_set_click_focus
                0x0000000003801324                lv_group_set_refocus_policy
                0x000000000380133c                lv_group_set_wrap
                0x0000000003801350                lv_group_get_user_data
                0x0000000003801358                lv_group_get_focus_cb
                0x0000000003801368                lv_group_get_editing
                0x000000000380137c                lv_group_get_click_focus
                0x0000000003801390                lv_group_get_wrap
 .text          0x00000000038013a4     0x2090 build/lvgl/src/lv_core/lv_indev.o
                0x00000000038013a4                _lv_indev_init
                0x00000000038013b0                lv_indev_reset
                0x00000000038014cc                _lv_indev_read_task
                0x0000000003802054                lv_indev_get_act
                0x0000000003802064                lv_indev_get_type
                0x0000000003802074                lv_indev_reset_long_press
                0x00000000038020a0                lv_indev_enable
                0x00000000038020bc                lv_indev_set_cursor
                0x0000000003802110                lv_indev_set_group
                0x0000000003802124                lv_indev_set_button_points
                0x0000000003802134                lv_indev_get_point
                0x000000000380217c                lv_indev_get_gesture_dir
                0x0000000003802184                lv_indev_get_key
                0x000000000380219c                lv_indev_is_dragging
                0x00000000038021c4                lv_indev_get_vect
                0x00000000038021fc                lv_indev_finish_drag
                0x00000000038022d4                lv_indev_wait_release
                0x00000000038022e8                lv_indev_get_obj_act
                0x00000000038022f8                lv_indev_get_read_task
                0x0000000003802308                lv_indev_search_obj
 .text          0x0000000003803434     0x7510 build/lvgl/src/lv_core/lv_obj.o
                0x0000000003803434                lv_init
                0x00000000038034ec                lv_deinit
                0x0000000003803518                lv_obj_create
                0x0000000003803f50                lv_obj_get_base_dir
                0x0000000003803f88                lv_obj_get_parent
                0x0000000003803fc0                lv_obj_set_pos
                0x00000000038040cc                lv_obj_get_x
                0x000000000380411c                lv_obj_get_y
                0x000000000380416c                lv_obj_invalidate
                0x0000000003804210                lv_obj_del
                0x00000000038042b0                lv_obj_get_disp
                0x00000000038044e8                lv_obj_del_anim_ready_cb
                0x00000000038044f0                lv_obj_del_async
                0x0000000003804570                lv_obj_clean
                0x00000000038045bc                lv_obj_get_child
                0x0000000003804610                lv_obj_invalidate_area
                0x0000000003804698                lv_obj_area_is_visible
                0x00000000038047f0                lv_obj_get_hidden
                0x000000000380482c                lv_obj_get_screen
                0x000000000380487c                lv_obj_is_visible
                0x0000000003804920                lv_obj_set_parent
                0x0000000003804a1c                lv_obj_get_width
                0x0000000003804a64                lv_obj_move_foreground
                0x0000000003804af4                lv_obj_move_background
                0x0000000003804b84                lv_obj_get_coords
                0x0000000003804c5c                lv_obj_set_x
                0x0000000003804cac                lv_obj_set_y
                0x0000000003804cfc                lv_obj_set_size
                0x0000000003804e34                lv_obj_get_height
                0x0000000003804e7c                lv_obj_realign
                0x0000000003804f04                lv_obj_set_width
                0x0000000003804f54                lv_obj_set_height
                0x0000000003804fa4                lv_obj_set_width_fit
                0x0000000003804fec                lv_obj_set_height_fit
                0x0000000003805034                lv_obj_set_width_margin
                0x000000000380507c                lv_obj_set_height_margin
                0x00000000038050c4                lv_obj_align
                0x0000000003805238                lv_obj_align_x
                0x00000000038052dc                lv_obj_align_y
                0x0000000003805384                lv_obj_align_mid
                0x00000000038056ac                lv_obj_align_mid_x
                0x0000000003805750                lv_obj_align_mid_y
                0x00000000038057f8                lv_obj_set_auto_realign
                0x0000000003805840                lv_obj_set_ext_click_area
                0x000000000380589c                lv_obj_add_style
                0x0000000003805940                lv_obj_get_style_list
                0x0000000003805ab8                lv_obj_refresh_style
                0x0000000003805c20                lv_obj_remove_style
                0x0000000003805cc4                lv_obj_clean_style_list
                0x0000000003805d48                lv_obj_reset_style_list
                0x0000000003805d6c                _lv_obj_set_style_local_int
                0x0000000003805e10                _lv_obj_set_style_local_color
                0x0000000003805eb4                _lv_obj_set_style_local_opa
                0x0000000003805f58                _lv_obj_set_style_local_ptr
                0x0000000003805ffc                lv_obj_remove_style_local_prop
                0x000000000380605c                lv_obj_get_local_style
                0x000000000380629c                lv_obj_report_style_mod
                0x0000000003806434                _lv_obj_disable_style_caching
                0x0000000003806540                lv_obj_set_hidden
                0x00000000038065cc                lv_obj_set_adv_hittest
                0x0000000003806614                lv_obj_set_click
                0x000000000380665c                lv_obj_set_top
                0x00000000038066a4                lv_obj_set_drag
                0x0000000003806700                lv_obj_set_drag_dir
                0x0000000003806764                lv_obj_set_drag_throw
                0x00000000038067ac                lv_obj_set_drag_parent
                0x00000000038067f4                lv_obj_set_gesture_parent
                0x000000000380680c                lv_obj_set_focus_parent
                0x00000000038068a0                lv_obj_is_focused
                0x00000000038068f8                lv_obj_clear_state
                0x0000000003806948                lv_obj_set_state
                0x0000000003807274                lv_obj_get_focused_obj
                0x00000000038072b0                lv_obj_set_parent_event
                0x00000000038072f8                lv_obj_set_base_dir
                0x0000000003807350                lv_signal_send
                0x00000000038073dc                lv_obj_add_protect
                0x0000000003807420                lv_obj_clear_protect
                0x0000000003807ae8                lv_obj_add_state
                0x0000000003807b38                lv_obj_finish_transitions
                0x0000000003807bc0                lv_obj_set_event_cb
                0x0000000003807bfc                lv_event_send
                0x0000000003807c5c                lv_event_send_func
                0x0000000003807d70                lv_event_send_refresh
                0x0000000003807d7c                lv_event_send_refresh_recursive
                0x0000000003807e54                lv_event_get_data
                0x0000000003807e64                lv_obj_set_signal_cb
                0x0000000003807ea0                lv_obj_set_design_cb
                0x0000000003807edc                lv_obj_allocate_ext_attr
                0x0000000003807f28                lv_obj_refresh_ext_draw_pad
                0x0000000003807f78                lv_obj_get_child_back
                0x0000000003807fcc                lv_obj_count_children
                0x0000000003808040                lv_obj_count_children_recursive
                0x00000000038080c4                lv_obj_get_inner_coords
                0x0000000003808164                lv_obj_get_width_fit
                0x00000000038081d0                lv_obj_get_height_fit
                0x000000000380823c                lv_obj_get_height_margin
                0x0000000003808280                lv_obj_get_width_margin
                0x00000000038082c4                lv_obj_get_width_grid
                0x0000000003808318                lv_obj_get_height_grid
                0x000000000380836c                lv_obj_get_auto_realign
                0x00000000038083a8                lv_obj_get_ext_click_pad_left
                0x00000000038083e0                lv_obj_get_ext_click_pad_right
                0x0000000003808418                lv_obj_get_ext_click_pad_top
                0x0000000003808450                lv_obj_get_ext_click_pad_bottom
                0x0000000003808488                lv_obj_get_ext_draw_pad
                0x00000000038084c0                _lv_obj_get_style_int
                0x0000000003808df0                lv_obj_get_state
                0x0000000003808e70                _lv_obj_get_style_color
                0x0000000003808f94                _lv_obj_get_style_opa
                0x000000000380911c                _lv_obj_get_style_ptr
                0x00000000038092ac                lv_obj_get_adv_hittest
                0x00000000038092e8                lv_obj_get_click
                0x0000000003809324                lv_obj_get_top
                0x0000000003809360                lv_obj_get_drag
                0x000000000380939c                lv_obj_get_drag_dir
                0x00000000038093d8                lv_obj_get_drag_throw
                0x0000000003809414                lv_obj_get_drag_parent
                0x0000000003809420                lv_obj_get_gesture_parent
                0x000000000380942c                lv_obj_get_focus_parent
                0x0000000003809438                lv_obj_get_parent_event
                0x0000000003809474                lv_obj_get_protect
                0x00000000038094ac                lv_obj_is_protected
                0x00000000038094f0                lv_obj_get_signal_cb
                0x0000000003809528                lv_obj_get_design_cb
                0x0000000003809560                lv_obj_get_event_cb
                0x0000000003809598                lv_obj_get_ext_attr
                0x00000000038095d0                lv_obj_get_type
                0x00000000038096c0                lv_obj_get_user_data
                0x00000000038096f8                lv_obj_get_user_data_ptr
                0x0000000003809730                lv_obj_set_user_data
                0x0000000003809780                lv_obj_get_group
                0x00000000038097b8                lv_obj_is_point_on_coords
                0x0000000003809810                lv_obj_hittest
                0x0000000003809854                lv_obj_handle_get_type_signal
                0x0000000003809898                lv_obj_init_draw_rect_dsc
                0x0000000003809d88                lv_obj_init_draw_label_dsc
                0x0000000003809edc                lv_obj_init_draw_img_dsc
                0x0000000003809ffc                lv_obj_init_draw_line_dsc
                0x000000000380a110                lv_obj_get_draw_rect_ext_pad_size
                0x000000000380a3fc                lv_obj_fade_in
                0x000000000380a49c                lv_obj_fade_out
                0x000000000380a500                lv_debug_check_obj_type
                0x000000000380a574                lv_debug_check_obj_valid
 .text          0x000000000380a944     0x1400 build/lvgl/src/lv_core/lv_refr.o
                0x000000000380a944                _lv_refr_init
                0x000000000380a948                lv_refr_now
                0x000000000380a9a0                _lv_disp_refr_task
                0x000000000380b0a8                _lv_inv_area
                0x000000000380b228                _lv_refr_get_disp_refreshing
                0x000000000380b238                _lv_refr_set_disp_refreshing
 .text          0x000000000380bd44     0x2178 build/lvgl/src/lv_core/lv_style.o
                0x000000000380bd44                lv_style_init
                0x000000000380bd4c                lv_style_copy
                0x000000000380bd94                _lv_style_get_mem_size
                0x000000000380be30                lv_style_remove_prop
                0x000000000380c0a8                lv_style_list_init
                0x000000000380c0b0                lv_style_list_copy
                0x000000000380c218                _lv_style_list_reset
                0x000000000380c384                _lv_style_list_add_style
                0x000000000380c460                _lv_style_list_remove_style
                0x000000000380c56c                lv_style_list_get_local_style
                0x000000000380c594                lv_style_reset
                0x000000000380c5b8                _lv_style_list_get_transition_style
                0x000000000380c5d4                _lv_style_set_int
                0x000000000380c8b0                _lv_style_set_color
                0x000000000380cb8c                _lv_style_set_opa
                0x000000000380ce1c                _lv_style_set_ptr
                0x000000000380d0f8                _lv_style_get_int
                0x000000000380d308                _lv_style_get_opa
                0x000000000380d500                _lv_style_get_color
                0x000000000380d710                _lv_style_get_ptr
                0x000000000380d920                _lv_style_list_add_trans_style
                0x000000000380d9cc                _lv_style_list_set_local_int
                0x000000000380d9f0                _lv_style_list_set_local_opa
                0x000000000380da14                _lv_style_list_set_local_color
                0x000000000380da38                _lv_style_list_set_local_ptr
                0x000000000380da5c                _lv_style_list_get_int
                0x000000000380db70                _lv_style_list_get_color
                0x000000000380dc84                _lv_style_list_get_opa
                0x000000000380dd98                _lv_style_list_get_ptr
                0x000000000380deac                lv_debug_check_style
                0x000000000380deb4                lv_debug_check_style_list
 .text          0x000000000380debc     0x1b04 build/lvgl/src/lv_draw/lv_draw_blend.o
                0x000000000380debc                _lv_blend_fill
                0x000000000380eb5c                _lv_blend_map
 .text          0x000000000380f9c0      0xfd4 build/lvgl/src/lv_draw/lv_draw_img.o
                0x000000000380f9c0                lv_draw_img_dsc_init
                0x000000000380f9fc                lv_draw_img
                0x000000000380fd68                lv_img_cf_get_px_size
                0x000000000380fdd4                lv_img_cf_is_chroma_keyed
                0x000000000380fdf4                lv_img_cf_has_alpha
                0x000000000380fe14                lv_img_src_get_type
 .text          0x0000000003810994     0x1380 build/lvgl/src/lv_draw/lv_draw_label.o
                0x0000000003810994                lv_draw_label_dsc_init
                0x00000000038109e8                lv_draw_label
 .text          0x0000000003811d14      0xc48 build/lvgl/src/lv_draw/lv_draw_line.o
                0x0000000003811d14                lv_draw_line_dsc_init
                0x0000000003811d44                lv_draw_line
 .text          0x000000000381295c     0x1b20 build/lvgl/src/lv_draw/lv_draw_mask.o
                0x000000000381295c                lv_draw_mask_add
                0x00000000038129a4                lv_draw_mask_apply
                0x0000000003812a38                lv_draw_mask_remove_id
                0x0000000003812a60                lv_draw_mask_remove_custom
                0x0000000003812aac                lv_draw_mask_get_cnt
                0x0000000003812adc                lv_draw_mask_line_points_init
                0x0000000003813360                lv_draw_mask_line_angle_init
                0x00000000038133c8                lv_draw_mask_angle_init
                0x00000000038138d4                lv_draw_mask_radius_init
                0x0000000003814158                lv_draw_mask_fade_init
                0x0000000003814358                lv_draw_mask_map_init
 .text          0x000000000381447c     0x3234 build/lvgl/src/lv_draw/lv_draw_rect.o
                0x000000000381447c                lv_draw_rect_dsc_init
                0x00000000038144ec                lv_draw_rect
                0x0000000003816d48                lv_draw_px
 .text          0x00000000038176b0     0x116c build/lvgl/src/lv_draw/lv_img_buf.o
                0x00000000038176b0                lv_img_buf_get_px_color
                0x0000000003817834                lv_img_buf_get_px_alpha
                0x000000000381795c                lv_img_buf_set_px_alpha
                0x0000000003817a90                lv_img_buf_set_px_color
                0x0000000003817c6c                lv_img_buf_set_palette
                0x0000000003817cf0                lv_img_buf_alloc
                0x0000000003817d98                lv_img_buf_get_img_size
                0x0000000003817eb0                lv_img_buf_free
                0x0000000003817ee0                _lv_img_buf_transform_init
                0x0000000003818050                _lv_img_buf_get_transformed_area
                0x00000000038182b4                _lv_img_buf_transform_anti_alias
 .text          0x000000000381881c      0x2f0 build/lvgl/src/lv_draw/lv_img_cache.o
                0x000000000381881c                _lv_img_cache_open
                0x00000000038189f0                lv_img_cache_set_size
                0x0000000003818a88                lv_img_cache_invalidate_src
 .text          0x0000000003818b0c      0xd34 build/lvgl/src/lv_draw/lv_img_decoder.o
                0x0000000003818b0c                _lv_img_decoder_init
                0x0000000003818b8c                lv_img_decoder_create
                0x0000000003818bec                lv_img_decoder_set_info_cb
                0x0000000003818bf4                lv_img_decoder_built_in_info
                0x0000000003818d18                lv_img_decoder_set_open_cb
                0x0000000003818d20                lv_img_decoder_built_in_open
                0x0000000003819068                lv_img_decoder_set_read_line_cb
                0x0000000003819070                lv_img_decoder_built_in_read_line
                0x0000000003819504                lv_img_decoder_set_close_cb
                0x000000000381950c                lv_img_decoder_built_in_close
                0x000000000381956c                lv_img_decoder_get_info
                0x0000000003819604                lv_img_decoder_open
                0x0000000003819780                lv_img_decoder_read_line
                0x00000000038197cc                lv_img_decoder_close
                0x0000000003819818                lv_img_decoder_delete
 .text          0x0000000003819840       0x48 build/lvgl/src/lv_font/lv_font.o
                0x0000000003819840                lv_font_get_glyph_bitmap
                0x0000000003819848                lv_font_get_glyph_dsc
                0x0000000003819850                lv_font_get_glyph_width
 .text          0x0000000003819888      0xd14 build/lvgl/src/lv_font/lv_font_fmt_txt.o
                0x0000000003819888                lv_font_get_bitmap_fmt_txt
                0x0000000003819f48                lv_font_get_glyph_dsc_fmt_txt
                0x000000000381a124                _lv_font_clean_up_fmt_txt
 .text          0x000000000381a59c      0x6a0 build/lvgl/src/lv_hal/lv_hal_disp.o
                0x000000000381a59c                lv_disp_drv_init
                0x000000000381a5f4                lv_disp_buf_init
                0x000000000381a624                lv_disp_drv_register
                0x000000000381a7c0                lv_disp_is_true_double_buf
                0x000000000381a800                lv_disp_drv_update
                0x000000000381a928                lv_disp_get_hor_res
                0x000000000381a970                lv_disp_get_ver_res
                0x000000000381a9b8                lv_disp_remove
                0x000000000381aa28                lv_disp_get_default
                0x000000000381aa38                lv_disp_set_default
                0x000000000381aa48                lv_disp_get_antialiasing
                0x000000000381aa74                lv_disp_get_dpi
                0x000000000381aaa0                lv_disp_get_size_category
                0x000000000381ab2c                lv_disp_flush_ready
                0x000000000381ab40                lv_disp_flush_is_last
                0x000000000381ab54                lv_disp_get_next
                0x000000000381ab78                lv_disp_get_buf
                0x000000000381ab80                lv_disp_get_inv_buf_size
                0x000000000381ab90                _lv_disp_pop_from_inv_buf
                0x000000000381abc8                lv_disp_is_double_buf
                0x000000000381abe8                lv_disp_set_rotation
                0x000000000381ac1c                lv_disp_get_rotation
 .text          0x000000000381ac3c      0x1c4 build/lvgl/src/lv_hal/lv_hal_indev.o
                0x000000000381ac3c                lv_indev_drv_init
                0x000000000381ac74                lv_indev_drv_register
                0x000000000381ad40                lv_indev_drv_update
                0x000000000381ad54                lv_indev_get_next
                0x000000000381ad78                _lv_indev_read
 .text          0x000000000381ae00       0x84 build/lvgl/src/lv_hal/lv_hal_tick.o
                0x000000000381ae00                lv_tick_inc
                0x000000000381ae28                lv_tick_get
                0x000000000381ae54                lv_tick_elaps
 .text          0x000000000381ae84      0x970 build/lvgl/src/lv_misc/lv_anim.o
                0x000000000381ae84                lv_anim_path_linear
                0x000000000381aed0                _lv_anim_core_init
                0x000000000381b218                lv_anim_init
                0x000000000381b27c                lv_anim_start
                0x000000000381b360                lv_anim_del
                0x000000000381b3f8                lv_anim_del_all
                0x000000000381b414                lv_anim_get
                0x000000000381b478                lv_anim_count_running
                0x000000000381b4cc                lv_anim_speed_to_time
                0x000000000381b500                lv_anim_refr_now
                0x000000000381b508                lv_anim_path_ease_in
                0x000000000381b568                lv_anim_path_ease_out
                0x000000000381b5c8                lv_anim_path_ease_in_out
                0x000000000381b628                lv_anim_path_overshoot
                0x000000000381b688                lv_anim_path_bounce
                0x000000000381b7d4                lv_anim_path_step
 .text          0x000000000381b7f4      0x84c build/lvgl/src/lv_misc/lv_area.o
                0x000000000381b7f4                lv_area_set
                0x000000000381b80c                lv_area_set_width
                0x000000000381b820                lv_area_set_height
                0x000000000381b834                _lv_area_set_pos
                0x000000000381b870                lv_area_get_size
                0x000000000381b898                _lv_area_intersect
                0x000000000381b910                _lv_area_join
                0x000000000381b964                _lv_area_is_point_on
                0x000000000381bae8                _lv_area_is_on
                0x000000000381bb38                _lv_area_is_in
                0x000000000381bc2c                _lv_area_align
 .text          0x000000000381c040       0x9c build/lvgl/src/lv_misc/lv_async.o
                0x000000000381c040                lv_async_call
 .text          0x000000000381c0dc      0x3a0 build/lvgl/src/lv_misc/lv_color.o
                0x000000000381c0dc                lv_color_fill
                0x000000000381c150                lv_color_lighten
                0x000000000381c1a4                lv_color_darken
                0x000000000381c1ec                lv_color_hsv_to_rgb
                0x000000000381c330                lv_color_rgb_to_hsv
                0x000000000381c468                lv_color_to_hsv
 .text          0x000000000381c47c      0x168 build/lvgl/src/lv_misc/lv_debug.o
                0x000000000381c47c                lv_debug_check_null
                0x000000000381c488                lv_debug_check_mem_integrity
                0x000000000381c4a4                lv_debug_check_str
                0x000000000381c534                lv_debug_log_error
 .text          0x000000000381c5e4      0xa70 build/lvgl/src/lv_misc/lv_fs.o
                0x000000000381c5e4                _lv_fs_init
                0x000000000381c5f4                lv_fs_is_ready
                0x000000000381c62c                lv_fs_get_drv
                0x000000000381c684                lv_fs_open
                0x000000000381c7d8                lv_fs_close
                0x000000000381c834                lv_fs_remove
                0x000000000381c8d4                lv_fs_read
                0x000000000381c954                lv_fs_write
                0x000000000381c9d4                lv_fs_seek
                0x000000000381ca04                lv_fs_tell
                0x000000000381ca4c                lv_fs_trunc
                0x000000000381ca78                lv_fs_size
                0x000000000381cac8                lv_fs_rename
                0x000000000381cb94                lv_fs_dir_open
                0x000000000381ccdc                lv_fs_dir_read
                0x000000000381cd28                lv_fs_dir_close
                0x000000000381cd8c                lv_fs_free_space
                0x000000000381ce2c                lv_fs_drv_init
                0x000000000381ce34                lv_fs_drv_register
                0x000000000381ce94                lv_fs_get_letters
                0x000000000381cf00                lv_fs_get_ext
                0x000000000381cf58                lv_fs_up
                0x000000000381cfe0                lv_fs_get_last
 .text          0x000000000381d054      0x12c build/lvgl/src/lv_misc/lv_gc.o
                0x000000000381d054                _lv_gc_clear_roots
 .text          0x000000000381d180      0x488 build/lvgl/src/lv_misc/lv_ll.o
                0x000000000381d180                _lv_ll_init
                0x000000000381d198                _lv_ll_ins_head
                0x000000000381d1f0                _lv_ll_ins_prev
                0x000000000381d274                _lv_ll_get_head
                0x000000000381d284                _lv_ll_get_prev
                0x000000000381d298                _lv_ll_ins_tail
                0x000000000381d2f0                _lv_ll_remove
                0x000000000381d3b8                _lv_ll_get_next
                0x000000000381d3d0                _lv_ll_get_tail
                0x000000000381d3e0                _lv_ll_clear
                0x000000000381d440                _lv_ll_chg_list
                0x000000000381d4fc                _lv_ll_get_len
                0x000000000381d534                _lv_ll_move_before
                0x000000000381d5e0                _lv_ll_is_empty
 .text          0x000000000381d608      0x308 build/lvgl/src/lv_misc/lv_math.o
                0x000000000381d608                _lv_trigo_sin
                0x000000000381d69c                _lv_bezier3
                0x000000000381d700                _lv_sqrt
                0x000000000381d74c                _lv_atan2
                0x000000000381d850                _lv_pow
                0x000000000381d8c8                _lv_map
 .text          0x000000000381d910      0xcc4 build/lvgl/src/lv_misc/lv_mem.o
                0x000000000381d910                _lv_mem_init
                0x000000000381d934                _lv_mem_deinit
                0x000000000381d94c                lv_mem_alloc
                0x000000000381da1c                lv_mem_free
                0x000000000381dad8                lv_mem_defrag
                0x000000000381db7c                lv_mem_realloc
                0x000000000381dc3c                _lv_mem_get_size
                0x000000000381dcbc                _lv_memcpy
                0x000000000381df3c                lv_mem_test
                0x000000000381df9c                lv_mem_monitor
                0x000000000381e078                _lv_memset
                0x000000000381e17c                _lv_mem_buf_get
                0x000000000381e2f8                _lv_mem_buf_release
                0x000000000381e36c                _lv_mem_buf_free_all
                0x000000000381e3e4                _lv_memset_00
                0x000000000381e4d4                _lv_memset_ff
 .text          0x000000000381e5d4      0xca4 build/lvgl/src/lv_misc/lv_printf.o
                0x000000000381e5d4                lv_snprintf
                0x000000000381ee0c                lv_vsnprintf
 .text          0x000000000381f278      0x64c build/lvgl/src/lv_misc/lv_task.o
                0x000000000381f278                _lv_task_core_init
                0x000000000381f2a4                lv_task_enable
                0x000000000381f2b4                lv_task_handler
                0x000000000381f5bc                lv_task_create_basic
                0x000000000381f5d0                lv_task_create
                0x000000000381f72c                lv_task_set_cb
                0x000000000381f734                lv_task_del
                0x000000000381f788                lv_task_set_prio
                0x000000000381f844                lv_task_set_period
                0x000000000381f84c                lv_task_ready
                0x000000000381f870                lv_task_set_repeat_count
                0x000000000381f878                lv_task_reset
                0x000000000381f890                lv_task_get_idle
                0x000000000381f8a0                lv_task_get_next
 .text          0x000000000381f8c4      0xd6c build/lvgl/src/lv_misc/lv_txt.o
                0x000000000381fd74                _lv_txt_get_size
                0x000000000381feb4                _lv_txt_get_next_line
                0x0000000003820304                _lv_txt_get_width
                0x0000000003820438                _lv_txt_is_cmd
                0x000000000382049c                _lv_txt_ins
                0x000000000382052c                _lv_txt_cut
                0x000000000382059c                _lv_txt_set_text_vfmt
 .text          0x0000000003820630      0x150 build/lvgl/src/lv_misc/lv_utils.o
                0x0000000003820630                _lv_utils_num_to_str
                0x0000000003820704                _lv_utils_bsearch
 .text          0x0000000003820780      0x414 build/lvgl/src/lv_themes/lv_theme.o
                0x0000000003820780                lv_theme_set_act
                0x0000000003820790                lv_theme_get_act
                0x00000000038207a0                lv_theme_apply
                0x0000000003820a94                lv_theme_copy
                0x0000000003820af8                lv_theme_set_base
                0x0000000003820b00                lv_theme_set_apply_cb
                0x0000000003820b08                lv_theme_get_font_small
                0x0000000003820b1c                lv_theme_get_font_normal
                0x0000000003820b30                lv_theme_get_font_subtitle
                0x0000000003820b44                lv_theme_get_font_title
                0x0000000003820b58                lv_theme_get_color_primary
                0x0000000003820b6c                lv_theme_get_color_secondary
                0x0000000003820b80                lv_theme_get_flags
 .text          0x0000000003820b94     0x5c38 build/lvgl/src/lv_themes/lv_theme_material.o
                0x0000000003820b94                lv_theme_material_init
 .text          0x00000000038267cc     0x1960 build/lvgl/src/lv_widgets/lv_img.o
                0x00000000038267cc                lv_img_create
                0x000000000382764c                lv_img_set_src
                0x00000000038278c4                lv_img_get_auto_size
                0x0000000003827908                lv_img_set_auto_size
                0x0000000003827958                lv_img_set_offset_x
                0x00000000038279b4                lv_img_set_offset_y
                0x0000000003827a10                lv_img_set_pivot
                0x0000000003827b94                lv_img_set_angle
                0x0000000003827d28                lv_img_set_zoom
                0x0000000003827ec4                lv_img_set_antialias
                0x0000000003827f04                lv_img_get_src
                0x0000000003827f44                lv_img_get_file_name
                0x0000000003827f98                lv_img_get_offset_x
                0x0000000003827fd8                lv_img_get_offset_y
                0x0000000003828018                lv_img_get_pivot
                0x0000000003828068                lv_img_get_angle
                0x00000000038280a8                lv_img_get_zoom
                0x00000000038280e8                lv_img_get_antialias
 .text          0x000000000382812c     0x2528 build/lvgl/src/lv_widgets/lv_label.o
                0x000000000382812c                lv_label_create
                0x0000000003828864                lv_label_set_long_mode
                0x0000000003828948                lv_label_set_text
                0x0000000003828aa0                lv_label_get_long_mode
                0x0000000003828ae4                lv_label_set_recolor
                0x0000000003828b48                lv_label_get_recolor
                0x0000000003828b8c                lv_label_set_align
                0x0000000003828bf4                lv_label_get_align
                0x0000000003828c40                lv_label_get_text
                0x0000000003828c80                lv_label_set_text_static
                0x0000000003828d9c                lv_label_refr_text
                0x0000000003829500                lv_label_set_text_fmt
                0x00000000038296d0                lv_label_set_anim_speed
                0x0000000003829744                lv_label_set_text_sel_start
                0x0000000003829774                lv_label_set_text_sel_end
                0x00000000038297a4                lv_label_get_anim_speed
                0x00000000038297e4                lv_label_get_letter_pos
                0x0000000003829c38                lv_label_get_letter_on
                0x000000000382a050                lv_label_get_text_sel_start
                0x000000000382a088                lv_label_get_text_sel_end
                0x000000000382a0c0                lv_label_is_char_under_pos
                0x000000000382a45c                lv_label_get_style
                0x000000000382a470                lv_label_ins_text
                0x000000000382a594                lv_label_cut_text
 .text          0x000000000382a654       0x9a /Users/ethanvarikkad/Library/Application Support/Code/User/globalStorage/vexrobotics.vexcode/sdk/cpp/V5/V5_20240802_15_00_00/vexv5/gcc/libs/libc.a(lib_a-aeabi_memset-soft.o)
                0x000000000382a654                __aeabi_memset4
                0x000000000382a654                __aeabi_memset8
                0x000000000382a654                __aeabi_memset
 *(.text.*)
 *fill*         0x000000000382a6ee        0x2 
 .text._ZNSt6vectorISsSaISsEED2Ev
                0x000000000382a6f0       0x44 build/src/main.o
                0x000000000382a6f0                std::vector<std::string, std::allocator<std::string> >::~vector()
 .text._Z10autonomousv
                0x000000000382a734        0x4 build/src/main.o
                0x000000000382a734                autonomous()
 .text._Z13BrainSelectorv
                0x000000000382a738       0xa0 build/src/main.o
                0x000000000382a738                BrainSelector()
 .text._Z11usercontrolv
                0x000000000382a7d8       0x34 build/src/main.o
                0x000000000382a7d8                usercontrol()
 *fill*         0x000000000382a80c        0x4 
 .text.main     0x000000000382a810       0x70 build/src/main.o
                0x000000000382a810                main
 .text._GLOBAL__sub_I_main.cpp
                0x000000000382a880       0xa4 build/src/main.o
 .text._GLOBAL__sub_I_robot_config.cpp
                0x000000000382a924       0x7c build/src/robot_config.o
 .text._GLOBAL__sub_I_auton_selector.cpp
                0x000000000382a9a0       0x54 build/template/src/auton_selector.o
 .text._GLOBAL__sub_I_chassis.cpp
                0x000000000382a9f4       0x54 build/template/src/chassis.o
 .text._GLOBAL__sub_I_drivetrain.cpp
                0x000000000382aa48       0x54 build/template/src/drivetrain.o
 .text._GLOBAL__sub_I_tracking_logic.cpp
                0x000000000382aa9c       0x54 build/template/src/tracking_logic.o
 .text.vexMain  0x000000000382aaf0       0xb0 /Users/ethanvarikkad/Library/Application Support/Code/User/globalStorage/vexrobotics.vexcode/sdk/cpp/V5/V5_20240802_15_00_00/vexv5/libv5rt.a(v5_startup.c.obj)
                0x000000000382aaf0                vexMain
 .text.__vex_function_prolog
                0x000000000382aba0       0x18 /Users/ethanvarikkad/Library/Application Support/Code/User/globalStorage/vexrobotics.vexcode/sdk/cpp/V5/V5_20240802_15_00_00/vexv5/libv5rt.a(v5_startup.c.obj)
                0x000000000382aba0                __vex_function_prolog
 .text._init    0x000000000382abb8        0x4 /Users/ethanvarikkad/Library/Application Support/Code/User/globalStorage/vexrobotics.vexcode/sdk/cpp/V5/V5_20240802_15_00_00/vexv5/libv5rt.a(v5_startup.c.obj)
                0x000000000382abb8                _init
 .text._fini    0x000000000382abbc        0x4 /Users/ethanvarikkad/Library/Application Support/Code/User/globalStorage/vexrobotics.vexcode/sdk/cpp/V5/V5_20240802_15_00_00/vexv5/libv5rt.a(v5_startup.c.obj)
                0x000000000382abbc                _fini
 .text.vexStdlibVersionLinked
                0x000000000382abc0        0xc /Users/ethanvarikkad/Library/Application Support/Code/User/globalStorage/vexrobotics.vexcode/sdk/cpp/V5/V5_20240802_15_00_00/vexv5/libv5rt.a(v5_util.c.obj)
                0x000000000382abc0                vexStdlibVersionLinked
 .text.vexStdlibVersionVerify
                0x000000000382abcc       0x30 /Users/ethanvarikkad/Library/Application Support/Code/User/globalStorage/vexrobotics.vexcode/sdk/cpp/V5/V5_20240802_15_00_00/vexv5/libv5rt.a(v5_util.c.obj)
                0x000000000382abcc                vexStdlibVersionVerify
 .text.vexPrivateApiEnable
                0x000000000382abfc       0x10 /Users/ethanvarikkad/Library/Application Support/Code/User/globalStorage/vexrobotics.vexcode/sdk/cpp/V5/V5_20240802_15_00_00/vexv5/libv5rt.a(v5_apijump.c.obj)
                0x000000000382abfc                vexPrivateApiEnable
 .text.vexStdlibMismatchError
                0x000000000382ac0c       0x3c /Users/ethanvarikkad/Library/Application Support/Code/User/globalStorage/vexrobotics.vexcode/sdk/cpp/V5/V5_20240802_15_00_00/vexv5/libv5rt.a(v5_apijump.c.obj)
                0x000000000382ac0c                vexStdlibMismatchError
 .text.vexTaskAdd
                0x000000000382ac48       0x10 /Users/ethanvarikkad/Library/Application Support/Code/User/globalStorage/vexrobotics.vexcode/sdk/cpp/V5/V5_20240802_15_00_00/vexv5/libv5rt.a(v5_apijump.c.obj)
                0x000000000382ac48                vexTaskAdd
 .text.vexTasksRun
                0x000000000382ac58       0x10 /Users/ethanvarikkad/Library/Application Support/Code/User/globalStorage/vexrobotics.vexcode/sdk/cpp/V5/V5_20240802_15_00_00/vexv5/libv5rt.a(v5_apijump.c.obj)
                0x000000000382ac58                vexTasksRun
 .text.vexTaskYield
                0x000000000382ac68       0x10 /Users/ethanvarikkad/Library/Application Support/Code/User/globalStorage/vexrobotics.vexcode/sdk/cpp/V5/V5_20240802_15_00_00/vexv5/libv5rt.a(v5_apijump.c.obj)
                0x000000000382ac68                vexTaskYield
 .text.vexTaskCheckTimeslice
                0x000000000382ac78       0x10 /Users/ethanvarikkad/Library/Application Support/Code/User/globalStorage/vexrobotics.vexcode/sdk/cpp/V5/V5_20240802_15_00_00/vexv5/libv5rt.a(v5_apijump.c.obj)
                0x000000000382ac78                vexTaskCheckTimeslice
 .text.vexTaskSleep
                0x000000000382ac88       0x10 /Users/ethanvarikkad/Library/Application Support/Code/User/globalStorage/vexrobotics.vexcode/sdk/cpp/V5/V5_20240802_15_00_00/vexv5/libv5rt.a(v5_apijump.c.obj)
                0x000000000382ac88                vexTaskSleep
 .text.vexTasksDump
                0x000000000382ac98       0x1c /Users/ethanvarikkad/Library/Application Support/Code/User/globalStorage/vexrobotics.vexcode/sdk/cpp/V5/V5_20240802_15_00_00/vexv5/libv5rt.a(v5_apijump.c.obj)
                0x000000000382ac98                vexTasksDump
 .text.vexTaskGetTaskIndex
                0x000000000382acb4       0x10 /Users/ethanvarikkad/Library/Application Support/Code/User/globalStorage/vexrobotics.vexcode/sdk/cpp/V5/V5_20240802_15_00_00/vexv5/libv5rt.a(v5_apijump.c.obj)
                0x000000000382acb4                vexTaskGetTaskIndex
 .text.vexTaskStopAll
                0x000000000382acc4       0x10 /Users/ethanvarikkad/Library/Application Support/Code/User/globalStorage/vexrobotics.vexcode/sdk/cpp/V5/V5_20240802_15_00_00/vexv5/libv5rt.a(v5_apijump.c.obj)
                0x000000000382acc4                vexTaskStopAll
 .text.vexTaskRemoveAllUser
                0x000000000382acd4       0x34 /Users/ethanvarikkad/Library/Application Support/Code/User/globalStorage/vexrobotics.vexcode/sdk/cpp/V5/V5_20240802_15_00_00/vexv5/libv5rt.a(v5_apijump.c.obj)
                0x000000000382acd4                vexTaskRemoveAllUser
 .text.vexTaskCompletionIdSet
                0x000000000382ad08       0x10 /Users/ethanvarikkad/Library/Application Support/Code/User/globalStorage/vexrobotics.vexcode/sdk/cpp/V5/V5_20240802_15_00_00/vexv5/libv5rt.a(v5_apijump.c.obj)
                0x000000000382ad08                vexTaskCompletionIdSet
 .text.vexTaskStopWithId
                0x000000000382ad18       0x10 /Users/ethanvarikkad/Library/Application Support/Code/User/globalStorage/vexrobotics.vexcode/sdk/cpp/V5/V5_20240802_15_00_00/vexv5/libv5rt.a(v5_apijump.c.obj)
                0x000000000382ad18                vexTaskStopWithId
 .text.vexEventAdd
                0x000000000382ad28       0x34 /Users/ethanvarikkad/Library/Application Support/Code/User/globalStorage/vexrobotics.vexcode/sdk/cpp/V5/V5_20240802_15_00_00/vexv5/libv5rt.a(v5_apijump.c.obj)
                0x000000000382ad28                vexEventAdd
 .text.vexEventUserIndexGet
                0x000000000382ad5c       0x1c /Users/ethanvarikkad/Library/Application Support/Code/User/globalStorage/vexrobotics.vexcode/sdk/cpp/V5/V5_20240802_15_00_00/vexv5/libv5rt.a(v5_apijump.c.obj)
                0x000000000382ad5c                vexEventUserIndexGet
 .text.vexEventAddWithArg
                0x000000000382ad78       0x3c /Users/ethanvarikkad/Library/Application Support/Code/User/globalStorage/vexrobotics.vexcode/sdk/cpp/V5/V5_20240802_15_00_00/vexv5/libv5rt.a(v5_apijump.c.obj)
                0x000000000382ad78                vexEventAddWithArg
 .text.vexEventsCleanup
                0x000000000382adb4       0x2c /Users/ethanvarikkad/Library/Application Support/Code/User/globalStorage/vexrobotics.vexcode/sdk/cpp/V5/V5_20240802_15_00_00/vexv5/libv5rt.a(v5_apijump.c.obj)
                0x000000000382adb4                vexEventsCleanup
 .text.vexDebug
                0x000000000382ade0       0x38 /Users/ethanvarikkad/Library/Application Support/Code/User/globalStorage/vexrobotics.vexcode/sdk/cpp/V5/V5_20240802_15_00_00/vexv5/libv5rt.a(v5_apijump.c.obj)
                0x000000000382ade0                vexDebug
 .text.vex_sprintf
                0x000000000382ae18       0x40 /Users/ethanvarikkad/Library/Application Support/Code/User/globalStorage/vexrobotics.vexcode/sdk/cpp/V5/V5_20240802_15_00_00/vexv5/libv5rt.a(v5_apijump.c.obj)
                0x000000000382ae18                vex_sprintf
 .text.vexSystemTimeGet
                0x000000000382ae58       0x1c /Users/ethanvarikkad/Library/Application Support/Code/User/globalStorage/vexrobotics.vexcode/sdk/cpp/V5/V5_20240802_15_00_00/vexv5/libv5rt.a(v5_apijump.c.obj)
                0x000000000382ae58                vexSystemTimeGet
 .text.vexSystemExitRequest
                0x000000000382ae74       0x1c /Users/ethanvarikkad/Library/Application Support/Code/User/globalStorage/vexrobotics.vexcode/sdk/cpp/V5/V5_20240802_15_00_00/vexv5/libv5rt.a(v5_apijump.c.obj)
                0x000000000382ae74                vexSystemExitRequest
 .text.vexDeviceGetByIndex
                0x000000000382ae90       0x24 /Users/ethanvarikkad/Library/Application Support/Code/User/globalStorage/vexrobotics.vexcode/sdk/cpp/V5/V5_20240802_15_00_00/vexv5/libv5rt.a(v5_apijump.c.obj)
                0x000000000382ae90                vexDeviceGetByIndex
 .text.vexDisplayForegroundColor
                0x000000000382aeb4       0x24 /Users/ethanvarikkad/Library/Application Support/Code/User/globalStorage/vexrobotics.vexcode/sdk/cpp/V5/V5_20240802_15_00_00/vexv5/libv5rt.a(v5_apijump.c.obj)
                0x000000000382aeb4                vexDisplayForegroundColor
 .text.vexDisplayBackgroundColor
                0x000000000382aed8       0x24 /Users/ethanvarikkad/Library/Application Support/Code/User/globalStorage/vexrobotics.vexcode/sdk/cpp/V5/V5_20240802_15_00_00/vexv5/libv5rt.a(v5_apijump.c.obj)
                0x000000000382aed8                vexDisplayBackgroundColor
 .text.vexDisplayCopyRect
                0x000000000382aefc       0x5c /Users/ethanvarikkad/Library/Application Support/Code/User/globalStorage/vexrobotics.vexcode/sdk/cpp/V5/V5_20240802_15_00_00/vexv5/libv5rt.a(v5_apijump.c.obj)
                0x000000000382aefc                vexDisplayCopyRect
 .text.vexDisplayTextReference
                0x000000000382af58       0x24 /Users/ethanvarikkad/Library/Application Support/Code/User/globalStorage/vexrobotics.vexcode/sdk/cpp/V5/V5_20240802_15_00_00/vexv5/libv5rt.a(v5_apijump.c.obj)
                0x000000000382af58                vexDisplayTextReference
 .text.vexDisplayTextSize
                0x000000000382af7c       0x2c /Users/ethanvarikkad/Library/Application Support/Code/User/globalStorage/vexrobotics.vexcode/sdk/cpp/V5/V5_20240802_15_00_00/vexv5/libv5rt.a(v5_apijump.c.obj)
                0x000000000382af7c                vexDisplayTextSize
 .text.vexDisplayFontNamedSet
                0x000000000382afa8       0x24 /Users/ethanvarikkad/Library/Application Support/Code/User/globalStorage/vexrobotics.vexcode/sdk/cpp/V5/V5_20240802_15_00_00/vexv5/libv5rt.a(v5_apijump.c.obj)
                0x000000000382afa8                vexDisplayFontNamedSet
 .text.vexSystemStdlibImpureDataAddr
                0x000000000382afcc       0x28 /Users/ethanvarikkad/Library/Application Support/Code/User/globalStorage/vexrobotics.vexcode/sdk/cpp/V5/V5_20240802_15_00_00/vexv5/libv5rt.a(v5_apijump.c.obj)
                0x000000000382afcc                vexSystemStdlibImpureDataAddr
 .text.vexSystemStdlibImpureDataSize
                0x000000000382aff4       0x28 /Users/ethanvarikkad/Library/Application Support/Code/User/globalStorage/vexrobotics.vexcode/sdk/cpp/V5/V5_20240802_15_00_00/vexv5/libv5rt.a(v5_apijump.c.obj)
                0x000000000382aff4                vexSystemStdlibImpureDataSize
 .text.vexSystemSaveUserData
                0x000000000382b01c       0x3c /Users/ethanvarikkad/Library/Application Support/Code/User/globalStorage/vexrobotics.vexcode/sdk/cpp/V5/V5_20240802_15_00_00/vexv5/libv5rt.a(v5_apijump.c.obj)
                0x000000000382b01c                vexSystemSaveUserData
 .text.vexTouchDataGet
                0x000000000382b058       0x10 /Users/ethanvarikkad/Library/Application Support/Code/User/globalStorage/vexrobotics.vexcode/sdk/cpp/V5/V5_20240802_15_00_00/vexv5/libv5rt.a(v5_apijump.c.obj)
                0x000000000382b058                vexTouchDataGet
 .text.vexDisplayThemeIdGet
                0x000000000382b068       0x38 /Users/ethanvarikkad/Library/Application Support/Code/User/globalStorage/vexrobotics.vexcode/sdk/cpp/V5/V5_20240802_15_00_00/vexv5/libv5rt.a(v5_apijump.c.obj)
                0x000000000382b068                vexDisplayThemeIdGet
 .text.vexDeviceEventMaskSet
                0x000000000382b0a0       0x48 /Users/ethanvarikkad/Library/Application Support/Code/User/globalStorage/vexrobotics.vexcode/sdk/cpp/V5/V5_20240802_15_00_00/vexv5/libv5rt.a(v5_apijump.c.obj)
                0x000000000382b0a0                vexDeviceEventMaskSet
 .text.vexDeviceEventMaskGet
                0x000000000382b0e8       0x3c /Users/ethanvarikkad/Library/Application Support/Code/User/globalStorage/vexrobotics.vexcode/sdk/cpp/V5/V5_20240802_15_00_00/vexv5/libv5rt.a(v5_apijump.c.obj)
                0x000000000382b0e8                vexDeviceEventMaskGet
 .text.vexDeviceEventBitsSet
                0x000000000382b124       0x48 /Users/ethanvarikkad/Library/Application Support/Code/User/globalStorage/vexrobotics.vexcode/sdk/cpp/V5/V5_20240802_15_00_00/vexv5/libv5rt.a(v5_apijump.c.obj)
                0x000000000382b124                vexDeviceEventBitsSet
 .text.vexDeviceEventBitsGet
                0x000000000382b16c       0x3c /Users/ethanvarikkad/Library/Application Support/Code/User/globalStorage/vexrobotics.vexcode/sdk/cpp/V5/V5_20240802_15_00_00/vexv5/libv5rt.a(v5_apijump.c.obj)
                0x000000000382b16c                vexDeviceEventBitsGet
 .text.vexSystemVersion
                0x000000000382b1a8       0x10 /Users/ethanvarikkad/Library/Application Support/Code/User/globalStorage/vexrobotics.vexcode/sdk/cpp/V5/V5_20240802_15_00_00/vexv5/libv5rt.a(v5_apiversions.c.obj)
                0x000000000382b1a8                vexSystemVersion
 .text.vexStdlibVersion
                0x000000000382b1b8       0x10 /Users/ethanvarikkad/Library/Application Support/Code/User/globalStorage/vexrobotics.vexcode/sdk/cpp/V5/V5_20240802_15_00_00/vexv5/libv5rt.a(v5_apiversions.c.obj)
                0x000000000382b1b8                vexStdlibVersion
 .text._ZN3vex4waitEdNS_9timeUnitsE
                0x000000000382b1c8       0x30 /Users/ethanvarikkad/Library/Application Support/Code/User/globalStorage/vexrobotics.vexcode/sdk/cpp/V5/V5_20240802_15_00_00/vexv5/libv5rt.a(vex_global.cpp.obj)
                0x000000000382b1c8                vex::wait(double, vex::timeUnits)
 .text._ZN3vex10controllerD2Ev
                0x000000000382b1f8        0x4 /Users/ethanvarikkad/Library/Application Support/Code/User/globalStorage/vexrobotics.vexcode/sdk/cpp/V5/V5_20240802_15_00_00/vexv5/libv5rt.a(vex_controller.cpp.obj)
                0x000000000382b1f8                vex::controller::~controller()
                0x000000000382b1f8                vex::controller::~controller()
 .text._ZNK3vex10controller6button21_buttonToPressedEventEv
                0x000000000382b1fc       0x20 /Users/ethanvarikkad/Library/Application Support/Code/User/globalStorage/vexrobotics.vexcode/sdk/cpp/V5/V5_20240802_15_00_00/vexv5/libv5rt.a(vex_controller.cpp.obj)
                0x000000000382b1fc                vex::controller::button::_buttonToPressedEvent() const
 .text._ZNK3vex10controller6button22_buttonToReleasedEventEv
                0x000000000382b21c       0x20 /Users/ethanvarikkad/Library/Application Support/Code/User/globalStorage/vexrobotics.vexcode/sdk/cpp/V5/V5_20240802_15_00_00/vexv5/libv5rt.a(vex_controller.cpp.obj)
                0x000000000382b21c                vex::controller::button::_buttonToReleasedEvent() const
 .text._ZN3vex10controller6buttonC2ENS0_11tButtonTypeEPS0_
                0x000000000382b23c       0x48 /Users/ethanvarikkad/Library/Application Support/Code/User/globalStorage/vexrobotics.vexcode/sdk/cpp/V5/V5_20240802_15_00_00/vexv5/libv5rt.a(vex_controller.cpp.obj)
                0x000000000382b23c                vex::controller::button::button(vex::controller::tButtonType, vex::controller*)
                0x000000000382b23c                vex::controller::button::button(vex::controller::tButtonType, vex::controller*)
 .text._ZNK3vex10controller4axis23_joystickToChangedEventEv
                0x000000000382b284       0x20 /Users/ethanvarikkad/Library/Application Support/Code/User/globalStorage/vexrobotics.vexcode/sdk/cpp/V5/V5_20240802_15_00_00/vexv5/libv5rt.a(vex_controller.cpp.obj)
                0x000000000382b284                vex::controller::axis::_joystickToChangedEvent() const
 .text._ZN3vex10controller4axisC2ENS0_9tAxisTypeEPS0_
                0x000000000382b2a4       0x2c /Users/ethanvarikkad/Library/Application Support/Code/User/globalStorage/vexrobotics.vexcode/sdk/cpp/V5/V5_20240802_15_00_00/vexv5/libv5rt.a(vex_controller.cpp.obj)
                0x000000000382b2a4                vex::controller::axis::axis(vex::controller::tAxisType, vex::controller*)
                0x000000000382b2a4                vex::controller::axis::axis(vex::controller::tAxisType, vex::controller*)
 .text._ZN3vex10controllerC2Ev
                0x000000000382b2d0      0x164 /Users/ethanvarikkad/Library/Application Support/Code/User/globalStorage/vexrobotics.vexcode/sdk/cpp/V5/V5_20240802_15_00_00/vexv5/libv5rt.a(vex_controller.cpp.obj)
                0x000000000382b2d0                vex::controller::controller()
                0x000000000382b2d0                vex::controller::controller()
 .text._ZN3vex11this_thread9sleep_forEm
                0x000000000382b434        0x4 /Users/ethanvarikkad/Library/Application Support/Code/User/globalStorage/vexrobotics.vexcode/sdk/cpp/V5/V5_20240802_15_00_00/vexv5/libv5rt.a(vex_thread.cpp.obj)
                0x000000000382b434                vex::this_thread::sleep_for(unsigned long)
 .text._ZN3vex5event4initEmmPFvvE
                0x000000000382b438        0x4 /Users/ethanvarikkad/Library/Application Support/Code/User/globalStorage/vexrobotics.vexcode/sdk/cpp/V5/V5_20240802_15_00_00/vexv5/libv5rt.a(vex_event.cpp.obj)
                0x000000000382b438                vex::event::init(unsigned long, unsigned long, void (*)())
 .text._ZN3vex5event4initEmmPFvPvES1_
                0x000000000382b43c        0x4 /Users/ethanvarikkad/Library/Application Support/Code/User/globalStorage/vexrobotics.vexcode/sdk/cpp/V5/V5_20240802_15_00_00/vexv5/libv5rt.a(vex_event.cpp.obj)
                0x000000000382b43c                vex::event::init(unsigned long, unsigned long, void (*)(void*), void*)
 .text._ZN3vex5event9userindexEv
                0x000000000382b440        0x4 /Users/ethanvarikkad/Library/Application Support/Code/User/globalStorage/vexrobotics.vexcode/sdk/cpp/V5/V5_20240802_15_00_00/vexv5/libv5rt.a(vex_event.cpp.obj)
                0x000000000382b440                vex::event::userindex()
 .text._ZZN3vex6meventC4EmmENUlvE_4_FUNEv
                0x000000000382b444        0x4 /Users/ethanvarikkad/Library/Application Support/Code/User/globalStorage/vexrobotics.vexcode/sdk/cpp/V5/V5_20240802_15_00_00/vexv5/libv5rt.a(vex_mevent.cpp.obj)
 .text._ZN3vex6meventC2Emm
                0x000000000382b448       0x70 /Users/ethanvarikkad/Library/Application Support/Code/User/globalStorage/vexrobotics.vexcode/sdk/cpp/V5/V5_20240802_15_00_00/vexv5/libv5rt.a(vex_mevent.cpp.obj)
                0x000000000382b448                vex::mevent::mevent(unsigned long, unsigned long)
                0x000000000382b448                vex::mevent::mevent(unsigned long, unsigned long)
 .text._ZNK3vex6meventcviEv
                0x000000000382b4b8       0x4c /Users/ethanvarikkad/Library/Application Support/Code/User/globalStorage/vexrobotics.vexcode/sdk/cpp/V5/V5_20240802_15_00_00/vexv5/libv5rt.a(vex_mevent.cpp.obj)
                0x000000000382b4b8                vex::mevent::operator int() const
 .text._ZN3vex5brain9_getIndexEv
                0x000000000382b504       0x10 /Users/ethanvarikkad/Library/Application Support/Code/User/globalStorage/vexrobotics.vexcode/sdk/cpp/V5/V5_20240802_15_00_00/vexv5/libv5rt.a(vex_brain.cpp.obj)
                0x000000000382b504                vex::brain::_getIndex()
 .text._ZN3vex5brain3lcd9setCursorEll
                0x000000000382b514       0x44 /Users/ethanvarikkad/Library/Application Support/Code/User/globalStorage/vexrobotics.vexcode/sdk/cpp/V5/V5_20240802_15_00_00/vexv5/libv5rt.a(vex_brain.cpp.obj)
                0x000000000382b514                vex::brain::lcd::setCursor(long, long)
 .text._ZN3vex5brain3lcd7setFontENS_8fontTypeE
                0x000000000382b558      0x23c /Users/ethanvarikkad/Library/Application Support/Code/User/globalStorage/vexrobotics.vexcode/sdk/cpp/V5/V5_20240802_15_00_00/vexv5/libv5rt.a(vex_brain.cpp.obj)
                0x000000000382b558                vex::brain::lcd::setFont(vex::fontType)
 .text._ZN3vex5brain3lcdC2Ev
                0x000000000382b794       0x94 /Users/ethanvarikkad/Library/Application Support/Code/User/globalStorage/vexrobotics.vexcode/sdk/cpp/V5/V5_20240802_15_00_00/vexv5/libv5rt.a(vex_brain.cpp.obj)
                0x000000000382b794                vex::brain::lcd::lcd()
                0x000000000382b794                vex::brain::lcd::lcd()
 .text._ZN3vex5brainC2Ev
                0x000000000382b828       0x3c /Users/ethanvarikkad/Library/Application Support/Code/User/globalStorage/vexrobotics.vexcode/sdk/cpp/V5/V5_20240802_15_00_00/vexv5/libv5rt.a(vex_brain.cpp.obj)
                0x000000000382b828                vex::brain::brain()
                0x000000000382b828                vex::brain::brain()
 .text._ZN3vex5brainD2Ev
                0x000000000382b864       0x20 /Users/ethanvarikkad/Library/Application Support/Code/User/globalStorage/vexrobotics.vexcode/sdk/cpp/V5/V5_20240802_15_00_00/vexv5/libv5rt.a(vex_brain.cpp.obj)
                0x000000000382b864                vex::brain::~brain()
                0x000000000382b864                vex::brain::~brain()
 .text._ZN3vex11competition8_disableEPv
                0x000000000382b884       0xa4 /Users/ethanvarikkad/Library/Application Support/Code/User/globalStorage/vexrobotics.vexcode/sdk/cpp/V5/V5_20240802_15_00_00/vexv5/libv5rt.a(vex_competition.cpp.obj)
                0x000000000382b884                vex::competition::_disable(void*)
 .text._ZN3vex11competition11_autonomousEv
                0x000000000382b928       0x80 /Users/ethanvarikkad/Library/Application Support/Code/User/globalStorage/vexrobotics.vexcode/sdk/cpp/V5/V5_20240802_15_00_00/vexv5/libv5rt.a(vex_competition.cpp.obj)
                0x000000000382b928                vex::competition::_autonomous()
 .text._ZN3vex11competition14_drivercontrolEv
                0x000000000382b9a8       0x80 /Users/ethanvarikkad/Library/Application Support/Code/User/globalStorage/vexrobotics.vexcode/sdk/cpp/V5/V5_20240802_15_00_00/vexv5/libv5rt.a(vex_competition.cpp.obj)
                0x000000000382b9a8                vex::competition::_drivercontrol()
 .text._ZN3vex11competitionC2Ev
                0x000000000382ba28      0x13c /Users/ethanvarikkad/Library/Application Support/Code/User/globalStorage/vexrobotics.vexcode/sdk/cpp/V5/V5_20240802_15_00_00/vexv5/libv5rt.a(vex_competition.cpp.obj)
                0x000000000382ba28                vex::competition::competition()
                0x000000000382ba28                vex::competition::competition()
 .text._ZN3vex11competitionD2Ev
                0x000000000382bb64        0x4 /Users/ethanvarikkad/Library/Application Support/Code/User/globalStorage/vexrobotics.vexcode/sdk/cpp/V5/V5_20240802_15_00_00/vexv5/libv5rt.a(vex_competition.cpp.obj)
                0x000000000382bb64                vex::competition::~competition()
                0x000000000382bb64                vex::competition::~competition()
 .text._ZN3vex11competition10autonomousEPFvvE
                0x000000000382bb68       0x44 /Users/ethanvarikkad/Library/Application Support/Code/User/globalStorage/vexrobotics.vexcode/sdk/cpp/V5/V5_20240802_15_00_00/vexv5/libv5rt.a(vex_competition.cpp.obj)
                0x000000000382bb68                vex::competition::autonomous(void (*)())
 .text._ZN3vex11competition13drivercontrolEPFvvE
                0x000000000382bbac       0x44 /Users/ethanvarikkad/Library/Application Support/Code/User/globalStorage/vexrobotics.vexcode/sdk/cpp/V5/V5_20240802_15_00_00/vexv5/libv5rt.a(vex_competition.cpp.obj)
                0x000000000382bbac                vex::competition::drivercontrol(void (*)())
 .text._ZN3vex7triportD2Ev
                0x000000000382bbf0       0x38 /Users/ethanvarikkad/Library/Application Support/Code/User/globalStorage/vexrobotics.vexcode/sdk/cpp/V5/V5_20240802_15_00_00/vexv5/libv5rt.a(vex_triport.cpp.obj)
                0x000000000382bbf0                vex::triport::~triport()
                0x000000000382bbf0                vex::triport::~triport()
 .text._ZN3vex7triportD0Ev
                0x000000000382bc28       0x1c /Users/ethanvarikkad/Library/Application Support/Code/User/globalStorage/vexrobotics.vexcode/sdk/cpp/V5/V5_20240802_15_00_00/vexv5/libv5rt.a(vex_triport.cpp.obj)
                0x000000000382bc28                vex::triport::~triport()
 .text._ZN3vex7triport9installedEv
                0x000000000382bc44       0x18 /Users/ethanvarikkad/Library/Application Support/Code/User/globalStorage/vexrobotics.vexcode/sdk/cpp/V5/V5_20240802_15_00_00/vexv5/libv5rt.a(vex_triport.cpp.obj)
                0x000000000382bc44                vex::triport::installed()
 .text._ZN3vex7triport4portC2ElPS0_
                0x000000000382bc5c       0x74 /Users/ethanvarikkad/Library/Application Support/Code/User/globalStorage/vexrobotics.vexcode/sdk/cpp/V5/V5_20240802_15_00_00/vexv5/libv5rt.a(vex_triport.cpp.obj)
                0x000000000382bc5c                vex::triport::port::port(long, vex::triport*)
                0x000000000382bc5c                vex::triport::port::port(long, vex::triport*)
 .text._ZN3vex7triportC2El
                0x000000000382bcd0       0xf0 /Users/ethanvarikkad/Library/Application Support/Code/User/globalStorage/vexrobotics.vexcode/sdk/cpp/V5/V5_20240802_15_00_00/vexv5/libv5rt.a(vex_triport.cpp.obj)
                0x000000000382bcd0                vex::triport::triport(long)
                0x000000000382bcd0                vex::triport::triport(long)
 .text._ZN3vex5colorD2Ev
                0x000000000382bdc0        0x4 /Users/ethanvarikkad/Library/Application Support/Code/User/globalStorage/vexrobotics.vexcode/sdk/cpp/V5/V5_20240802_15_00_00/vexv5/libv5rt.a(vex_color.cpp.obj)
                0x000000000382bdc0                vex::color::~color()
                0x000000000382bdc0                vex::color::~color()
 .text.startup._GLOBAL__sub_I__ZN3vex5color5blackE
                0x000000000382bdc4      0x164 /Users/ethanvarikkad/Library/Application Support/Code/User/globalStorage/vexrobotics.vexcode/sdk/cpp/V5/V5_20240802_15_00_00/vexv5/libv5rt.a(vex_color.cpp.obj)
 .text._ZN3vex5timerD2Ev
                0x000000000382bf28        0x4 /Users/ethanvarikkad/Library/Application Support/Code/User/globalStorage/vexrobotics.vexcode/sdk/cpp/V5/V5_20240802_15_00_00/vexv5/libv5rt.a(vex_timer.cpp.obj)
                0x000000000382bf28                vex::timer::~timer()
                0x000000000382bf28                vex::timer::~timer()
 .text._ZN3vex5timer5clearEv
                0x000000000382bf2c       0x1c /Users/ethanvarikkad/Library/Application Support/Code/User/globalStorage/vexrobotics.vexcode/sdk/cpp/V5/V5_20240802_15_00_00/vexv5/libv5rt.a(vex_timer.cpp.obj)
                0x000000000382bf2c                vex::timer::clear()
 .text._ZN3vex5timerC2Ev
                0x000000000382bf48       0x14 /Users/ethanvarikkad/Library/Application Support/Code/User/globalStorage/vexrobotics.vexcode/sdk/cpp/V5/V5_20240802_15_00_00/vexv5/libv5rt.a(vex_timer.cpp.obj)
                0x000000000382bf48                vex::timer::timer()
                0x000000000382bf48                vex::timer::timer()
 .text.vexEventMaskSet
                0x000000000382bf5c       0x28 /Users/ethanvarikkad/Library/Application Support/Code/User/globalStorage/vexrobotics.vexcode/sdk/cpp/V5/V5_20240802_15_00_00/vexv5/libv5rt.a(v5_apiuser.c.obj)
                0x000000000382bf5c                vexEventMaskSet
 .text.vexEventMaskGet
                0x000000000382bf84       0x18 /Users/ethanvarikkad/Library/Application Support/Code/User/globalStorage/vexrobotics.vexcode/sdk/cpp/V5/V5_20240802_15_00_00/vexv5/libv5rt.a(v5_apiuser.c.obj)
                0x000000000382bf84                vexEventMaskGet
 .text.vexEventBitsSet
                0x000000000382bf9c       0x28 /Users/ethanvarikkad/Library/Application Support/Code/User/globalStorage/vexrobotics.vexcode/sdk/cpp/V5/V5_20240802_15_00_00/vexv5/libv5rt.a(v5_apiuser.c.obj)
                0x000000000382bf9c                vexEventBitsSet
 .text.vexEventBitsGet
                0x000000000382bfc4       0x18 /Users/ethanvarikkad/Library/Application Support/Code/User/globalStorage/vexrobotics.vexcode/sdk/cpp/V5/V5_20240802_15_00_00/vexv5/libv5rt.a(v5_apiuser.c.obj)
                0x000000000382bfc4                vexEventBitsGet
 .text._ZN3vex6deviceD2Ev
                0x000000000382bfdc        0x4 /Users/ethanvarikkad/Library/Application Support/Code/User/globalStorage/vexrobotics.vexcode/sdk/cpp/V5/V5_20240802_15_00_00/vexv5/libv5rt.a(vex_device.cpp.obj)
                0x000000000382bfdc                vex::device::~device()
                0x000000000382bfdc                vex::device::~device()
 .text._ZN3vex6device5valueEv
                0x000000000382bfe0        0x8 /Users/ethanvarikkad/Library/Application Support/Code/User/globalStorage/vexrobotics.vexcode/sdk/cpp/V5/V5_20240802_15_00_00/vexv5/libv5rt.a(vex_device.cpp.obj)
                0x000000000382bfe0                vex::device::value()
 .text._ZN3vex6deviceD0Ev
                0x000000000382bfe8       0x14 /Users/ethanvarikkad/Library/Application Support/Code/User/globalStorage/vexrobotics.vexcode/sdk/cpp/V5/V5_20240802_15_00_00/vexv5/libv5rt.a(vex_device.cpp.obj)
                0x000000000382bfe8                vex::device::~device()
 .text._ZN3vex6device4initEl
                0x000000000382bffc       0x30 /Users/ethanvarikkad/Library/Application Support/Code/User/globalStorage/vexrobotics.vexcode/sdk/cpp/V5/V5_20240802_15_00_00/vexv5/libv5rt.a(vex_device.cpp.obj)
                0x000000000382bffc                vex::device::init(long)
 .text._ZN3vex6deviceC2El
                0x000000000382c02c       0x20 /Users/ethanvarikkad/Library/Application Support/Code/User/globalStorage/vexrobotics.vexcode/sdk/cpp/V5/V5_20240802_15_00_00/vexv5/libv5rt.a(vex_device.cpp.obj)
                0x000000000382c02c                vex::device::device(long)
                0x000000000382c02c                vex::device::device(long)
 .text._ZN3vex6device4typeEv
                0x000000000382c04c       0x10 /Users/ethanvarikkad/Library/Application Support/Code/User/globalStorage/vexrobotics.vexcode/sdk/cpp/V5/V5_20240802_15_00_00/vexv5/libv5rt.a(vex_device.cpp.obj)
                0x000000000382c04c                vex::device::type()
 .text._ZN3vex6device9installedEv
                0x000000000382c05c       0x14 /Users/ethanvarikkad/Library/Application Support/Code/User/globalStorage/vexrobotics.vexcode/sdk/cpp/V5/V5_20240802_15_00_00/vexv5/libv5rt.a(vex_device.cpp.obj)
                0x000000000382c05c                vex::device::installed()
 .text._ZN3vex4taskC2EPFivE
                0x000000000382c070       0x5c /Users/ethanvarikkad/Library/Application Support/Code/User/globalStorage/vexrobotics.vexcode/sdk/cpp/V5/V5_20240802_15_00_00/vexv5/libv5rt.a(vex_task.cpp.obj)
                0x000000000382c070                vex::task::task(int (*)())
                0x000000000382c070                vex::task::task(int (*)())
 .text._ZN3vex4taskD2Ev
                0x000000000382c0cc        0x4 /Users/ethanvarikkad/Library/Application Support/Code/User/globalStorage/vexrobotics.vexcode/sdk/cpp/V5/V5_20240802_15_00_00/vexv5/libv5rt.a(vex_task.cpp.obj)
                0x000000000382c0cc                vex::task::~task()
                0x000000000382c0cc                vex::task::~task()
 .text._ZN3vex4task4stopEPvi
                0x000000000382c0d0       0x1c /Users/ethanvarikkad/Library/Application Support/Code/User/globalStorage/vexrobotics.vexcode/sdk/cpp/V5/V5_20240802_15_00_00/vexv5/libv5rt.a(vex_task.cpp.obj)
                0x000000000382c0d0                vex::task::stop(void*, int)
 .text._ZN3vex4task6_indexEPFivE
                0x000000000382c0ec       0x14 /Users/ethanvarikkad/Library/Application Support/Code/User/globalStorage/vexrobotics.vexcode/sdk/cpp/V5/V5_20240802_15_00_00/vexv5/libv5rt.a(vex_task.cpp.obj)
                0x000000000382c0ec                vex::task::_index(int (*)())
 .text._ZN3vex4task8_stopAllEv
                0x000000000382c100       0x3c /Users/ethanvarikkad/Library/Application Support/Code/User/globalStorage/vexrobotics.vexcode/sdk/cpp/V5/V5_20240802_15_00_00/vexv5/libv5rt.a(vex_task.cpp.obj)
                0x000000000382c100                vex::task::_stopAll()
 .text.__aeabi_memclr
                0x000000000382c13c        0x8 /Users/ethanvarikkad/Library/Application Support/Code/User/globalStorage/vexrobotics.vexcode/sdk/cpp/V5/V5_20240802_15_00_00/vexv5/gcc/libs/libc.a(lib_a-aeabi_memclr.o)
                0x000000000382c13c                __aeabi_memclr8
                0x000000000382c13c                __aeabi_memclr4
                0x000000000382c13c                __aeabi_memclr
 .text.__libc_fini_array
                0x000000000382c144       0x30 /Users/ethanvarikkad/Library/Application Support/Code/User/globalStorage/vexrobotics.vexcode/sdk/cpp/V5/V5_20240802_15_00_00/vexv5/gcc/libs/libc.a(lib_a-fini.o)
                0x000000000382c144                __libc_fini_array
 .text.__libc_init_array
                0x000000000382c174       0x58 /Users/ethanvarikkad/Library/Application Support/Code/User/globalStorage/vexrobotics.vexcode/sdk/cpp/V5/V5_20240802_15_00_00/vexv5/gcc/libs/libc.a(lib_a-init.o)
                0x000000000382c174                __libc_init_array
 *fill*         0x000000000382c1cc        0x4 
 .text.__libc_init_array.__stub
                0x000000000382c1d0       0x18 linker stubs
 *(.gnu.linkonce.t.*)
 *(.plt)
 *(.gnu_warning)
 *(.gcc_except_table)
 *(.glue_7)
 .glue_7        0x000000000382c1e8        0x0 linker stubs
 *(.glue_7t)
 .glue_7t       0x000000000382c1e8        0x0 linker stubs
 *(.vfp11_veneer)
 .vfp11_veneer  0x000000000382c1e8        0x0 linker stubs
 *(.ARM.extab)
 *(.gnu.linkonce.armextab.*)

.v4_bx          0x000000000382c1e8        0x0
 .v4_bx         0x000000000382c1e8        0x0 linker stubs

.iplt           0x000000000382c1e8        0x0
 .iplt          0x000000000382c1e8        0x0 build/src/main.o

.init
 *(.init)

.fini
 *(.fini)

.rodata         0x000000000382c1e8   0x13bba0
                0x000000000382c1e8                __rodata_start = .
 *(.rodata)
 .rodata        0x000000000382c1e8      0x140 build/lvgl/src/lv_draw/lv_draw_label.o
                0x000000000382c1e8                _lv_bpp1_opa_table
                0x000000000382c1ea                _lv_bpp2_opa_table
                0x000000000382c1ee                _lv_bpp3_opa_table
                0x000000000382c1f6                _lv_bpp4_opa_table
                0x000000000382c206                _lv_bpp8_opa_table
 .rodata        0x000000000382c328       0x21 build/lvgl/src/lv_draw/lv_draw_line.o
 *fill*         0x000000000382c349        0x3 
 .rodata        0x000000000382c34c     0x3405 build/lvgl/src/lv_font/lv_font_montserrat_14.o
 *fill*         0x000000000382f751        0x3 
 .rodata        0x000000000382f754        0x8 build/lvgl/src/lv_misc/lv_anim.o
                0x000000000382f754                lv_anim_path_def
 .rodata        0x000000000382f75c       0xb6 build/lvgl/src/lv_misc/lv_math.o
 *fill*         0x000000000382f812        0x2 
 .rodata        0x000000000382f814   0x13830c build/template/resources/bluewave.o
                0x000000000382f814                bluewave_map
                0x0000000003967b14                bluewave
 *(.rodata.*)
 .rodata.str1.1
                0x0000000003967b20        0x8 build/src/main.o
 .rodata.str1.1
                0x0000000003967b28        0x5 build/src/v5lvgl.o
 .rodata.str1.1
                0x0000000003967b2d        0xe build/lvgl/src/lv_core/lv_group.o
 .rodata.str1.1
                0x0000000003967b3b       0x14 build/lvgl/src/lv_core/lv_obj.o
                                         0x22 (size before relaxing)
 .rodata.str1.1
                0x0000000003967b4f        0xe build/lvgl/src/lv_core/lv_style.o
 .rodata.str1.1
                0x0000000003967b4f        0x8 build/lvgl/src/lv_draw/lv_draw_img.o
 *fill*         0x0000000003967b57        0x1 
 .rodata.cst32  0x0000000003967b58       0x40 build/lvgl/src/lv_draw/lv_draw_label.o
 .rodata.str1.1
                0x0000000003967b98       0x2c build/lvgl/src/lv_draw/lv_draw_mask.o
 .rodata.cst4   0x0000000003967bc4        0x4 build/lvgl/src/lv_draw/lv_img_buf.o
 .rodata.cst16  0x0000000003967bc8       0x10 build/lvgl/src/lv_draw/lv_img_buf.o
 .rodata.str1.1
                0x0000000003967bd8        0xe build/lvgl/src/lv_draw/lv_img_cache.o
 .rodata.str1.1
                0x0000000003967bd8        0x4 build/lvgl/src/lv_draw/lv_img_decoder.o
                                         0x12 (size before relaxing)
 *fill*         0x0000000003967bdc        0x4 
 .rodata.cst16  0x0000000003967be0       0x10 build/lvgl/src/lv_draw/lv_img_decoder.o
 .rodata.str1.1
                0x0000000003967bf0        0xe build/lvgl/src/lv_font/lv_font_fmt_txt.o
 .rodata.cst32  0x0000000003967bf0       0x20 build/lvgl/src/lv_font/lv_font_fmt_txt.o
 .rodata.str1.1
                0x0000000003967c10        0xe build/lvgl/src/lv_hal/lv_hal_disp.o
 .rodata.str1.1
                0x0000000003967c10        0xe build/lvgl/src/lv_hal/lv_hal_indev.o
 .rodata.str1.1
                0x0000000003967c10        0xe build/lvgl/src/lv_misc/lv_anim.o
 .rodata.str1.1
                0x0000000003967c10       0x11 build/lvgl/src/lv_misc/lv_debug.o
 .rodata.str1.1
                0x0000000003967c21       0x11 build/lvgl/src/lv_misc/lv_fs.o
                                          0xf (size before relaxing)
 .rodata.str1.1
                0x0000000003967c21       0x7e build/lvgl/src/lv_misc/lv_mem.o
 .rodata.str1.1
                0x0000000003967c9f        0xe build/lvgl/src/lv_misc/lv_task.o
 .rodata.str1.1
                0x0000000003967c9f        0x8 build/lvgl/src/lv_misc/lv_txt.o
                                         0x16 (size before relaxing)
 .rodata.str1.1
                0x0000000003967ca7        0x4 build/lvgl/src/lv_themes/lv_theme_material.o
 .rodata.str1.1
                0x0000000003967cab        0x7 build/lvgl/src/lv_widgets/lv_img.o
                                         0x23 (size before relaxing)
 .rodata.str1.1
                0x0000000003967cb2        0xe build/lvgl/src/lv_widgets/lv_label.o
                                         0x29 (size before relaxing)
 .rodata.str1.1
                0x0000000003967cc0       0x2e /Users/ethanvarikkad/Library/Application Support/Code/User/globalStorage/vexrobotics.vexcode/sdk/cpp/V5/V5_20240802_15_00_00/vexv5/libv5rt.a(v5_startup.c.obj)
 *fill*         0x0000000003967cee        0x2 
 .rodata._ZN3vex4msecE
                0x0000000003967cf0        0x4 /Users/ethanvarikkad/Library/Application Support/Code/User/globalStorage/vexrobotics.vexcode/sdk/cpp/V5/V5_20240802_15_00_00/vexv5/libv5rt.a(vex_global.cpp.obj)
                0x0000000003967cf0                vex::msec
 .rodata._ZN3vex6PORT22E
                0x0000000003967cf4        0x4 /Users/ethanvarikkad/Library/Application Support/Code/User/globalStorage/vexrobotics.vexcode/sdk/cpp/V5/V5_20240802_15_00_00/vexv5/libv5rt.a(vex_global.cpp.obj)
                0x0000000003967cf4                vex::PORT22
 .rodata.CSWTCH.16
                0x0000000003967cf8        0xb /Users/ethanvarikkad/Library/Application Support/Code/User/globalStorage/vexrobotics.vexcode/sdk/cpp/V5/V5_20240802_15_00_00/vexv5/libv5rt.a(vex_controller.cpp.obj)
 .rodata.CSWTCH.18
                0x0000000003967d03        0xb /Users/ethanvarikkad/Library/Application Support/Code/User/globalStorage/vexrobotics.vexcode/sdk/cpp/V5/V5_20240802_15_00_00/vexv5/libv5rt.a(vex_controller.cpp.obj)
 .rodata.CSWTCH.24
                0x0000000003967d0e        0x3 /Users/ethanvarikkad/Library/Application Support/Code/User/globalStorage/vexrobotics.vexcode/sdk/cpp/V5/V5_20240802_15_00_00/vexv5/libv5rt.a(vex_controller.cpp.obj)
 .rodata.str1.1
                0x0000000003967d11       0x2b /Users/ethanvarikkad/Library/Application Support/Code/User/globalStorage/vexrobotics.vexcode/sdk/cpp/V5/V5_20240802_15_00_00/vexv5/libv5rt.a(vex_brain.cpp.obj)
                                         0x2d (size before relaxing)
 *fill*         0x0000000003967d3c        0x4 
 .rodata._ZTVN3vex7triportE
                0x0000000003967d40       0x18 /Users/ethanvarikkad/Library/Application Support/Code/User/globalStorage/vexrobotics.vexcode/sdk/cpp/V5/V5_20240802_15_00_00/vexv5/libv5rt.a(vex_triport.cpp.obj)
                0x0000000003967d40                vtable for vex::triport
 .rodata._ZTVN3vex6deviceE
                0x0000000003967d58       0x18 /Users/ethanvarikkad/Library/Application Support/Code/User/globalStorage/vexrobotics.vexcode/sdk/cpp/V5/V5_20240802_15_00_00/vexv5/libv5rt.a(vex_device.cpp.obj)
                0x0000000003967d58                vtable for vex::device
 .rodata.str1.1
                0x0000000003967d70       0x14 /Users/ethanvarikkad/Library/Application Support/Code/User/globalStorage/vexrobotics.vexcode/sdk/cpp/V5/V5_20240802_15_00_00/vexv5/libv5rt.a(vex_task.cpp.obj)
 .rodata.str1.4
                0x0000000003967d84        0x4 /Users/ethanvarikkad/Library/Application Support/Code/User/globalStorage/vexrobotics.vexcode/sdk/cpp/V5/V5_20240802_15_00_00/vexv5/gcc/libs/libc.a(lib_a-impure.o)
                                          0x2 (size before relaxing)
 *(.gnu.linkonce.r.*)
                0x0000000003967d88                __rodata_end = .

.rodata1        0x0000000003967d88        0x0
                0x0000000003967d88                __rodata1_start = .
 *(.rodata1)
 *(.rodata1.*)
                0x0000000003967d88                __rodata1_end = .

.sdata2         0x0000000003967d88        0x0
                0x0000000003967d88                __sdata2_start = .
 *(.sdata2)
 *(.sdata2.*)
 *(.gnu.linkonce.s2.*)
                0x0000000003967d88                __sdata2_end = .

.sbss2          0x0000000003967d88        0x0
                0x0000000003967d88                __sbss2_start = .
 *(.sbss2)
 *(.sbss2.*)
 *(.gnu.linkonce.sb2.*)
                0x0000000003967d88                __sbss2_end = .

.data           0x0000000003967d88      0x49c
                0x0000000003967d88                __data_start = .
 *(.data)
 .data          0x0000000003967d88       0x34 build/lvgl/src/lv_font/lv_font_montserrat_14.o
                0x0000000003967d88                lv_font_montserrat_14
 .data          0x0000000003967dbc       0x10 build/lvgl/src/lv_misc/lv_mem.o
 .data          0x0000000003967dcc       0x20 build/lvgl/src/lv_misc/lv_txt.o
                0x0000000003967dcc                _lv_txt_encoded_size
                0x0000000003967dd0                _lv_txt_unicode_to_encoded
                0x0000000003967dd4                _lv_txt_encoded_conv_wc
                0x0000000003967dd8                _lv_txt_encoded_next
                0x0000000003967ddc                _lv_txt_encoded_prev
                0x0000000003967de0                _lv_txt_encoded_get_byte_id
                0x0000000003967de4                _lv_txt_encoded_get_char_id
                0x0000000003967de8                _lv_txt_get_encoded_length
 *(.data.*)
 .data.appRunning
                0x0000000003967dec        0x4 /Users/ethanvarikkad/Library/Application Support/Code/User/globalStorage/vexrobotics.vexcode/sdk/cpp/V5/V5_20240802_15_00_00/vexv5/libv5rt.a(v5_startup.c.obj)
                0x0000000003967dec                appRunning
 .data.__yoff   0x0000000003967df0        0x4 /Users/ethanvarikkad/Library/Application Support/Code/User/globalStorage/vexrobotics.vexcode/sdk/cpp/V5/V5_20240802_15_00_00/vexv5/libv5rt.a(v5_apijump.c.obj)
 *fill*         0x0000000003967df4        0x4 
 .data.impure_data
                0x0000000003967df8      0x428 /Users/ethanvarikkad/Library/Application Support/Code/User/globalStorage/vexrobotics.vexcode/sdk/cpp/V5/V5_20240802_15_00_00/vexv5/gcc/libs/libc.a(lib_a-impure.o)
 .data._impure_ptr
                0x0000000003968220        0x4 /Users/ethanvarikkad/Library/Application Support/Code/User/globalStorage/vexrobotics.vexcode/sdk/cpp/V5/V5_20240802_15_00_00/vexv5/gcc/libs/libc.a(lib_a-impure.o)
                0x0000000003968220                _impure_ptr
 *(.gnu.linkonce.d.*)
 *(.jcr)
 *(.got)
 *(.got.plt)
                0x0000000003968224                __data_end = .

.igot.plt       0x0000000003968224        0x0
 .igot.plt      0x0000000003968224        0x0 build/src/main.o

.data1          0x0000000003968224        0x0
                0x0000000003968224                __data1_start = .
 *(.data1)
 *(.data1.*)
                0x0000000003968224                __data1_end = .

.got
 *(.got)

.ctors          0x0000000003968224        0x0
                0x0000000003968224                __CTOR_LIST__ = .
                0x0000000003968224                ___CTORS_LIST___ = .
 *crtbegin.o(.ctors)
 *(EXCLUDE_FILE(*crtend.o) .ctors)
 *(SORT_BY_NAME(.ctors.*))
 *(.ctors)
                0x0000000003968224                __CTOR_END__ = .
                0x0000000003968224                ___CTORS_END___ = .

.dtors          0x0000000003968224        0x0
                0x0000000003968224                __DTOR_LIST__ = .
                0x0000000003968224                ___DTORS_LIST___ = .
 *crtbegin.o(.dtors)
 *(EXCLUDE_FILE(*crtend.o) .dtors)
 *(SORT_BY_NAME(.dtors.*))
 *(.dtors)
                0x0000000003968224                __DTOR_END__ = .
                0x0000000003968224                ___DTORS_END___ = .

.fixup          0x0000000003968224        0x0
                0x0000000003968224                __fixup_start = .
 *(.fixup)
                0x0000000003968224                __fixup_end = .

.eh_frame
 *(.eh_frame)

.eh_framehdr    0x0000000003968224        0x0
                0x0000000003968224                __eh_framehdr_start = .
 *(.eh_framehdr)
                0x0000000003968224                __eh_framehdr_end = .

.gcc_except_table
 *(.gcc_except_table)

.mmu_tbl        0x000000000396c000        0x0
                0x000000000396c000                __mmu_tbl_start = .
 *(.mmu_tbl)
                0x000000000396c000                __mmu_tbl_end = .

.ARM.exidx      0x0000000003968224        0x8
                0x0000000003968224                __exidx_start = .
 *(.ARM.exidx*)
 .ARM.exidx.text._ZNSt6vectorISsSaISsEED2Ev
                0x000000000396822c        0x0 build/src/main.o
                                          0x8 (size before relaxing)
 .ARM.exidx.text._Z10autonomousv
                0x000000000396822c        0x0 build/src/main.o
                                          0x8 (size before relaxing)
 .ARM.exidx.text._Z13BrainSelectorv
                0x000000000396822c        0x0 build/src/main.o
                                          0x8 (size before relaxing)
 .ARM.exidx.text._Z11usercontrolv
                0x000000000396822c        0x0 build/src/main.o
                                          0x8 (size before relaxing)
 .ARM.exidx.text.main
                0x000000000396822c        0x0 build/src/main.o
                                          0x8 (size before relaxing)
 .ARM.exidx.text._GLOBAL__sub_I_main.cpp
                0x000000000396822c        0x0 build/src/main.o
                                          0x8 (size before relaxing)
 .ARM.exidx.text._GLOBAL__sub_I_robot_config.cpp
                0x000000000396822c        0x0 build/src/robot_config.o
                                          0x8 (size before relaxing)
 .ARM.exidx     0x0000000003968224        0x8 build/src/v5lvgl.o
                                         0x20 (size before relaxing)
 .ARM.exidx     0x000000000396822c        0x0 build/lvgl/src/lv_core/lv_disp.o
                                         0x88 (size before relaxing)
 .ARM.exidx     0x000000000396822c        0x0 build/lvgl/src/lv_core/lv_group.o
                                         0xc8 (size before relaxing)
 .ARM.exidx     0x000000000396822c        0x0 build/lvgl/src/lv_core/lv_indev.o
                                         0xc8 (size before relaxing)
 .ARM.exidx     0x000000000396822c        0x0 build/lvgl/src/lv_core/lv_obj.o
                                        0x528 (size before relaxing)
 .ARM.exidx     0x000000000396822c        0x0 build/lvgl/src/lv_core/lv_refr.o
                                         0x58 (size before relaxing)
 .ARM.exidx     0x000000000396822c        0x0 build/lvgl/src/lv_core/lv_style.o
                                        0x100 (size before relaxing)
 .ARM.exidx     0x000000000396822c        0x0 build/lvgl/src/lv_draw/lv_draw_blend.o
                                         0x20 (size before relaxing)
 .ARM.exidx     0x000000000396822c        0x0 build/lvgl/src/lv_draw/lv_draw_img.o
                                         0x40 (size before relaxing)
 .ARM.exidx     0x000000000396822c        0x0 build/lvgl/src/lv_draw/lv_draw_label.o
                                         0x18 (size before relaxing)
 .ARM.exidx     0x000000000396822c        0x0 build/lvgl/src/lv_draw/lv_draw_line.o
                                         0x10 (size before relaxing)
 .ARM.exidx     0x000000000396822c        0x0 build/lvgl/src/lv_draw/lv_draw_mask.o
                                         0x80 (size before relaxing)
 .ARM.exidx     0x000000000396822c        0x0 build/lvgl/src/lv_draw/lv_draw_rect.o
                                         0x28 (size before relaxing)
 .ARM.exidx     0x000000000396822c        0x0 build/lvgl/src/lv_draw/lv_img_buf.o
                                         0x58 (size before relaxing)
 .ARM.exidx     0x000000000396822c        0x0 build/lvgl/src/lv_draw/lv_img_cache.o
                                         0x20 (size before relaxing)
 .ARM.exidx     0x000000000396822c        0x0 build/lvgl/src/lv_draw/lv_img_decoder.o
                                         0x78 (size before relaxing)
 .ARM.exidx     0x000000000396822c        0x0 build/lvgl/src/lv_font/lv_font.o
                                         0x18 (size before relaxing)
 .ARM.exidx     0x000000000396822c        0x0 build/lvgl/src/lv_font/lv_font_fmt_txt.o
                                         0x40 (size before relaxing)
 .ARM.exidx     0x000000000396822c        0x0 build/lvgl/src/lv_hal/lv_hal_disp.o
                                         0xb0 (size before relaxing)
 .ARM.exidx     0x000000000396822c        0x0 build/lvgl/src/lv_hal/lv_hal_indev.o
                                         0x28 (size before relaxing)
 .ARM.exidx     0x000000000396822c        0x0 build/lvgl/src/lv_hal/lv_hal_tick.o
                                         0x18 (size before relaxing)
 .ARM.exidx     0x000000000396822c        0x0 build/lvgl/src/lv_misc/lv_anim.o
                                         0x90 (size before relaxing)
 .ARM.exidx     0x000000000396822c        0x0 build/lvgl/src/lv_misc/lv_area.o
                                         0x58 (size before relaxing)
 .ARM.exidx     0x000000000396822c        0x0 build/lvgl/src/lv_misc/lv_async.o
                                         0x10 (size before relaxing)
 .ARM.exidx     0x000000000396822c        0x0 build/lvgl/src/lv_misc/lv_color.o
                                         0x30 (size before relaxing)
 .ARM.exidx     0x000000000396822c        0x0 build/lvgl/src/lv_misc/lv_debug.o
                                         0x20 (size before relaxing)
 .ARM.exidx     0x000000000396822c        0x0 build/lvgl/src/lv_misc/lv_fs.o
                                         0xb8 (size before relaxing)
 .ARM.exidx     0x000000000396822c        0x0 build/lvgl/src/lv_misc/lv_gc.o
                                          0x8 (size before relaxing)
 .ARM.exidx     0x000000000396822c        0x0 build/lvgl/src/lv_misc/lv_ll.o
                                         0x70 (size before relaxing)
 .ARM.exidx     0x000000000396822c        0x0 build/lvgl/src/lv_misc/lv_math.o
                                         0x30 (size before relaxing)
 .ARM.exidx     0x000000000396822c        0x0 build/lvgl/src/lv_misc/lv_mem.o
                                         0x88 (size before relaxing)
 .ARM.exidx     0x000000000396822c        0x0 build/lvgl/src/lv_misc/lv_printf.o
                                         0x40 (size before relaxing)
 .ARM.exidx     0x000000000396822c        0x0 build/lvgl/src/lv_misc/lv_task.o